Note: gnd in a subcircuit is not set to 0 automatically

Note: Compatibility modes selected: ps


Circuit: meridian research startup

Reducing trtol to 1 for xspice 'A' devices
Doing analysis at TEMP = 25.000000 and TNOM = 27.000000

Using SPARSE 1.3 as Direct Linear Solver

Initial Transient Solution
--------------------------

Node                                   Voltage
----                                   -------
pressure                                     0
pressure_r                                   0
xenv.feed                                    0
xenv.xp                            2.16943e-27
xenv.xn                            2.16943e-27
p                                  2.16975e-27
n                                  2.16975e-27
mic_g                             -3.19034e-31
pp                                           0
pn                                           0
cm                                           0
xcap.qf                            5.01464e-21
b                                  7.90877e-25
f                                  7.16385e-20
xcap.cqf                           5.01464e-21
xcap.qr                           -5.53617e-26
rear                              -3.18243e-31
xcap.cqr                          -5.53617e-26
xdut.raw                           2.87162e-27
xdut.regbase                        2.4326e-27
xdut.qreg_t0                       2.87162e-27
xdut.qreg_t1                        2.4326e-27
rail                              -1.68033e-27
xdut.qreg_t2                      -1.68033e-27
xdut.xqreg.11                      2.89015e-27
xdut.mid                          -7.62471e-28
xdut.pol_0                         7.45085e-26
xdut.pol_1                         1.46145e-25
xdut.pol_2                         2.17782e-25
xdut.pol_3                         2.89419e-25
xdut.pol_4                         3.61056e-25
xdut.pol_5                         4.32693e-25
xdut.pol_6                          5.0433e-25
xdut.pol_7                         5.75967e-25
xdut.pol_8                         6.47604e-25
xdut.pol                            7.1924e-25
xdut.servo                         7.15145e-24
xdut.jinput_t0                    -1.68033e-27
xdut.jinput_t1                     7.16385e-20
xdut.source                       -1.67241e-27
xdut.jinput_t2                    -1.67241e-27
xdut.jinput_t3                    -1.68033e-27
xdut.jinput_t4                    -3.19034e-31
xdut.signal                        1.48084e-26
xdut.outp                          2.00937e-27
xdut.cp                            2.00937e-27
xdut.outn                           2.4214e-27
xdut.cn                             2.4214e-27
xdut.set_div0                     -1.54792e-27
xdut.set_div1                     -1.41551e-27
xdut.set_div2                     -1.28309e-27
xdut.set_div3                     -1.15068e-27
xdut.set_div4                     -1.01827e-27
xdut.set_div5                     -8.85852e-28
xdut.set_div6                     -7.53438e-28
xdut.set_div7                     -6.21025e-28
xdut.set_div8                     -4.88611e-28
xdut.set_div9                     -3.56198e-28
xdut.set_div10                    -2.23784e-28
xdut.set_div11                    -9.13708e-29
xdut.set_div12                     4.10427e-29
xdut.set_div13                     1.73456e-28
xdut.setpoint                       3.0587e-28
xdut.sense_div0                   -1.97077e-27
xdut.sense_div1                   -2.26912e-27
xdut.slow                         -2.56747e-27
xdut.qservoerror_t0                7.15145e-24
xdut.qservoerror_t1               -2.56747e-27
xdut.se                            2.93257e-28
xdut.qservoerror_t2                2.93257e-28
xdut.xqservoerror.11               7.15145e-24
xdut.qservoref_t0                 -1.68033e-27
xdut.qservoref_t1                   3.0587e-28
xdut.qservoref_t2                  2.93257e-28
xdut.xqservoref.11                -1.68227e-27
xdut.qoutp_t0                     -1.68033e-27
xdut.qoutp_t1                      1.48084e-26
xdut.qoutp_t2                      2.00937e-27
xdut.xqoutp.11                    -1.68568e-27
xdut.inverse                       -4.1023e-27
xdut.qinvert_t0                    -4.1023e-27
xdut.qinvert_t1                    1.48084e-26
xdut.ie                            2.00937e-27
xdut.qinvert_t2                    2.00937e-27
xdut.xqinvert.11                  -4.10765e-27
xdut.qoutn_t0                     -1.68033e-27
xdut.qoutn_t1                      -4.1023e-27
xdut.qoutn_t2                       2.4214e-27
xdut.xqoutn.11                    -1.68958e-27
b.xcap.bqr#branch                            0
b.xcap.bqf#branch                            0
v.xcap.vqr#branch                            0
v.xcap.vqf#branch                            0
v.xdut.vqoutn_2#branch            -2.42172e-31
v.xdut.vqoutn_1#branch             3.34431e-32
v.xdut.vqoutn_0#branch             2.08729e-31
v.xdut.vqinvert_2#branch          -2.00969e-31
v.xdut.vqinvert_1#branch          -7.78546e-33
v.xdut.vqinvert_0#branch           2.08754e-31
v.xdut.vqoutp_2#branch            -2.00969e-31
v.xdut.vqoutp_1#branch            -7.78546e-33
v.xdut.vqoutp_0#branch             2.08754e-31
v.xdut.vqservoref_2#branch        -1.64918e-31
v.xdut.vqservoref_1#branch        -4.38602e-32
v.xdut.vqservoref_0#branch         2.08778e-31
v.xdut.vqservoerror_2#branch      -1.28658e-31
v.xdut.vqservoerror_1#branch       2.86551e-32
v.xdut.vqservoerror_0#branch       1.00003e-31
v.xdut.vjinput_4#branch           -1.43277e-31
v.xdut.vjinput_3#branch           -1.43277e-31
v.xdut.vjinput_2#branch            1.66911e-30
v.xdut.vjinput_1#branch           -7.17029e-29
v.xdut.vjinput_0#branch            7.03204e-29
v.xdut.vqreg_2#branch               5.9076e-31
v.xdut.vqreg_1#branch             -1.99389e-32
v.xdut.vqreg_0#branch             -5.70821e-31
v.xenv.vcm#branch                            0
v.xenv.vphantom#branch             6.38067e-31
vpr#branch                                   0
vp#branch                                    0

 Reference value :  4.32510e-01
 Reference value :  1.93940e+00
No. of Data Rows : 6435
ASCII raw file "startup.raw"
ngspice-47 done

