Note: gnd in a subcircuit is not set to 0 automatically

Note: Compatibility modes selected: ps


Circuit: meridian isolated jfe150_strong large_signal_2e-06

Reducing trtol to 1 for xspice 'A' devices
Doing analysis at TEMP = 25.000000 and TNOM = 27.000000

Using SPARSE 1.3 as Direct Linear Solver

Initial Transient Solution
--------------------------

Node                                   Voltage
----                                   -------
rail                                        12
d                                      7.86485
g                                     -1.27229
h                                           12
l                                           -5
vl#branch                          4.31851e-11
vh#branch                         -5.88149e-11
vg#branch                          1.98517e-11
vs#branch                          -0.00206757

 Reference value :  1.37974e-02
No. of Data Rows : 6142
ASCII raw file "tran.raw"
ngspice-47 done

