Note: gnd in a subcircuit is not set to 0 automatically

Note: Compatibility modes selected: ps


Circuit: meridian isolated opa197_pspice small_-10

Reducing trtol to 1 for xspice 'A' devices
Doing analysis at TEMP = -10.000000 and TNOM = 27.000000

Using SPARSE 1.3 as Direct Linear Solver

No. of Data Rows : 1
ASCII raw file "op.raw"
Reducing trtol to 1 for xspice 'A' devices
Doing analysis at TEMP = -10.000000 and TNOM = 27.000000

Using SPARSE 1.3 as Direct Linear Solver

No. of Data Rows : 513
ASCII raw file "ac.raw"
Reducing trtol to 1 for xspice 'A' devices
Doing analysis at TEMP = -10.000000 and TNOM = 27.000000

Using SPARSE 1.3 as Direct Linear Solver

No. of Data Rows : 321

No. of Data Rows : 1
ASCII raw file "noise.raw"
ngspice-47 done

Note: Starting dynamic gmin stepping
Note: Dynamic gmin stepping completed
Note: Starting dynamic gmin stepping
Note: Dynamic gmin stepping completed
Note: Starting dynamic gmin stepping
Note: Dynamic gmin stepping completed
