
Note: No compatibility mode selected!


Circuit: meridian research bridge_demod_oracle

Doing analysis at TEMP = 25.000000 and TNOM = 27.000000

Using SPARSE 1.3 as Direct Linear Solver

Initial Transient Solution
--------------------------

Node                                   Voltage
----                                   -------
pressure                                     0
pressure_r                                   0
xenv.feed                                   48
xenv.xp                                     48
xenv.xn                                     48
p                                           48
n                                           48
mic_g                                        0
pp                                           0
pn                                           0
cm                                           0
bb                                          40
aa                                          40
pf                                           0
pr                                           0
xisland.qf                            -2.77228
ff                                     0.39604
xisland.cqf                           -2.77228
xisland.qr                            -2.77228
rr                                     0.39604
xisland.cqr                           -2.77228
dd                                           0
recovered                                    0
bproduct#branch                              0
b.xisland.bqr#branch                         0
b.xisland.bqf#branch                         0
v.xisland.vqr#branch                         0
v.xisland.vqf#branch                         0
vrearpressure#branch                         0
vpressure#branch                             0
vanti#branch                                 0
vrf#branch                        -7.92079e-13
v.xenv.vcm#branch                            0
v.xenv.vphantom#branch            -6.88598e-15
vpr#branch                                   0
vp#branch                                    0

 Reference value :  2.00000e-02
 Reference value :  2.05551e-02
 Reference value :  2.11022e-02
 Reference value :  2.16489e-02
 Reference value :  2.22024e-02
 Reference value :  2.27570e-02
 Reference value :  2.33094e-02
 Reference value :  2.38688e-02
 Reference value :  2.44281e-02
 Reference value :  2.49818e-02
 Reference value :  2.55430e-02
 Reference value :  2.60920e-02
 Reference value :  2.66421e-02
 Reference value :  2.71868e-02
 Reference value :  2.77410e-02
 Reference value :  2.82886e-02
 Reference value :  2.88421e-02
 Reference value :  2.93958e-02
 Reference value :  2.99518e-02
No. of Data Rows : 126741
ASCII raw file "control.raw"
ngspice-47 done

