
Note: No compatibility mode selected!


Circuit: meridian research carrier_control

Doing analysis at TEMP = 25.000000 and TNOM = 27.000000

Using SPARSE 1.3 as Direct Linear Solver

Initial Transient Solution
--------------------------

Node                                   Voltage
----                                   -------
pressure                                     0
pressure_r                                   0
xenv.feed                                   48
xenv.xp                                43.8035
xenv.xn                                43.8035
p                                      43.8029
n                                      43.8029
mic_g                              0.000617126
pp                                           0
pn                                           0
cm                                           0
xcap.qf                               -2.25195
b                                      42.4445
f                                       10.265
xcap.cqf                              -2.25195
xcap.qr                               -2.25195
rear                                    10.265
xcap.cqr                              -2.25195
xdut.raw                               42.4453
xdut.regbase                           21.1038
xdut.qreg_t0                           42.4453
xdut.qreg_t1                           21.1038
rail                                    20.465
xdut.qreg_t2                            20.465
xdut.xqreg.11                          42.4001
xdut.mid                               10.2328
xdut.pol_0                             42.4452
xdut.pol_1                             42.4451
xdut.pol_2                             42.4451
xdut.pol_3                              42.445
xdut.pol_4                             42.4449
xdut.pol_5                             42.4449
xdut.pol_6                             42.4448
xdut.pol_7                             42.4447
xdut.pol_8                             42.4447
xdut.pol                               42.4446
xdut.excite                            42.4446
xdut.anti                              42.4446
xdut.demod                             10.2328
xdut.rearbuf                            10.265
xdut.frontbuf                           10.265
xdut.lp1                               10.2328
xdut.audio                             10.2328
xdut.outp                              10.2328
xdut.cp                                10.2328
xdut.outn                              10.2328
xdut.cn                                10.2328
xdut.eoutn_int1                        10.2322
b.xdut.beoutn#branch                         0
b.xdut.bdemod#branch               1.03908e-18
b.xdut.banti#branch                          0
b.xdut.bcarrier#branch             1.35525e-20
b.xcap.bqr#branch                            0
b.xcap.bqf#branch                            0
v.xcap.vqr#branch                            0
v.xcap.vqf#branch                            0
e.xdut.eoutn#branch                -2.1684e-19
e.xdut.eoutp#branch                          0
e.xdut.erear#branch                          0
e.xdut.efront#branch                         0
v.xdut.vqreg_2#branch              -0.00102322
v.xdut.vqreg_1#branch              2.38284e-06
v.xdut.vqreg_0#branch               0.00102084
v.xenv.vcm#branch                            0
v.xenv.vphantom#branch             -0.00123425
vpr#branch                                   0
vp#branch                                    0

 Reference value :  2.00000e-02
 Reference value :  2.02178e-02
 Reference value :  2.03955e-02
 Reference value :  2.05959e-02
 Reference value :  2.07833e-02
 Reference value :  2.10081e-02
 Reference value :  2.12033e-02
 Reference value :  2.14235e-02
 Reference value :  2.16254e-02
 Reference value :  2.18405e-02
 Reference value :  2.20415e-02
 Reference value :  2.22155e-02
 Reference value :  2.23986e-02
 Reference value :  2.26111e-02
 Reference value :  2.28128e-02
 Reference value :  2.30085e-02
 Reference value :  2.32043e-02
 Reference value :  2.34278e-02
 Reference value :  2.36309e-02
 Reference value :  2.38197e-02
 Reference value :  2.40146e-02
 Reference value :  2.41800e-02
 Reference value :  2.43531e-02
 Reference value :  2.45255e-02
 Reference value :  2.47412e-02
 Reference value :  2.49564e-02
 Reference value :  2.51554e-02
 Reference value :  2.53541e-02
 Reference value :  2.55674e-02
 Reference value :  2.57579e-02
 Reference value :  2.60097e-02
 Reference value :  2.62146e-02
 Reference value :  2.64085e-02
 Reference value :  2.65995e-02
 Reference value :  2.67876e-02
 Reference value :  2.70019e-02
 Reference value :  2.72028e-02
 Reference value :  2.73823e-02
 Reference value :  2.75886e-02
 Reference value :  2.77722e-02
 Reference value :  2.79762e-02
 Reference value :  2.81818e-02
 Reference value :  2.83782e-02
 Reference value :  2.85686e-02
 Reference value :  2.87574e-02
 Reference value :  2.89355e-02
 Reference value :  2.91355e-02
 Reference value :  2.93085e-02
 Reference value :  2.94974e-02
 Reference value :  2.96719e-02
 Reference value :  2.98519e-02
No. of Data Rows : 143563
ASCII raw file "carrier.raw"
ngspice-47 done

