Note: gnd in a subcircuit is not set to 0 automatically

Note: Compatibility modes selected: ps


Circuit: meridian isolated opa928_vendor follower_16_50

Reducing trtol to 1 for xspice 'A' devices
Doing analysis at TEMP = 50.000000 and TNOM = 27.000000

Using SPARSE 1.3 as Direct Linear Solver

DC solution failed -

Last Node Voltages
------------------

Node                                   Last Voltage        Previous Iter
----                                   ------------        -------------
p                                                16                   16
n                                                 0                    0
in                                                8                    8
xq.n1                                          -nan                 -nan
out                                            -nan                 -nan
xq.n2                                          -nan                 -nan
xq.n3                                          -nan                 -nan
xq.n258562                                     -nan                 -nan
guard1                                         -nan                 -nan
guard2                                         -nan                 -nan
xq.x_opa_amp.in_px                             -nan                 -nan
xq.x_opa_amp.mid                               -nan                 -nan
xq.x_opa_amp.in_nx                             -nan                 -nan
xq.x_opa_amp.n3294772                          -nan                 -nan
xq.x_opa_amp.n3294776                          -nan                 -nan
xq.x_opa_amp.n2991657                          -nan                 -nan
xq.x_opa_amp.clamp                             -nan                 -nan
xq.x_opa_amp.n3294626                          -nan                 -nan
xq.x_opa_amp.n3294630                          -nan                 -nan
xq.x_opa_amp.n50865911                         -nan                 -nan
xq.x_opa_amp.n2992397                          -nan                 -nan
xq.x_opa_amp.n2992375                          -nan                 -nan
xq.x_opa_amp.n2992413                          -nan                 -nan
xq.x_opa_amp.n2991741                          -nan                 -nan
xq.x_opa_amp.n2991765                          -nan                 -nan
xq.x_opa_amp.n2991811                          -nan                 -nan
xq.x_opa_amp.n2991831                          -nan                 -nan
xq.x_opa_amp.n2991907                          -nan                 -nan
xq.x_opa_amp.n2991925                          -nan                 -nan
xq.x_opa_amp.n2991969                          -nan                 -nan
xq.x_opa_amp.n2992033                          -nan                 -nan
xq.x_opa_amp.n2992029                          -nan                 -nan
xq.x_opa_amp.n2992093                          -nan                 -nan
xq.x_opa_amp.n2992099                          -nan                 -nan
xq.x_opa_amp.sw_ol                             -nan                 -nan
xq.x_opa_amp.vimon                             -nan                 -nan
xq.x_opa_amp.vout_s                            -nan                 -nan
xq.x_opa_amp.vclp                              -nan                 -nan
xq.x_opa_amp.n3827259                          -nan                 -nan
xq.x_opa_amp.n3828449                          -nan                 -nan
xq.x_opa_amp.n1                                -nan                 -nan
xq.x_opa_amp.n4969418                          -nan                 -nan
xq.x_opa_amp.n2991579                          -nan                 -nan
xq.x_opa_amp.n4828960                          -nan                 -nan
xq.x_opa_amp.n5072813                          -nan                 -nan
xq.x_opa_amp.n5085181                          -nan                 -nan
xq.x_opa_amp.n2991581                          -nan                 -nan
xq.x_opa_amp.n5290088                          -nan                 -nan
xq.x_opa_amp.n5293820                          -nan                 -nan
xq.x_opa_amp.n5300178                          -nan                 -nan
xq.x_opa_amp.n2991553                          -nan                 -nan
xq.x_opa_amp.n2                                -nan                 -nan
xq.x_opa_amp.n3                                -nan                 -nan
xq.x_opa_amp.n2992163                          -nan                 -nan
xq.x_opa_amp.n3294618                          -nan                 -nan
xq.x_opa_amp.cl_clamp                          -nan                 -nan
xq.x_opa_amp.n2991563                          -nan                 -nan
xq.x_opa_amp.n2991555                          -nan                 -nan
xq.x_opa_amp.n2991587                          -nan                 -nan
xq.x_opa_amp.n2991583                          -nan                 -nan
xq.x_opa_amp.vsense                            -nan                 -nan
xq.x_opa_amp.claw_clamp                        -nan                 -nan
xq.x_opa_amp.vcc_b                             -nan                 -nan
xq.x_opa_amp.vee_b                             -nan                 -nan
xq.x_opa_amp.vcc_clp                           -nan                 -nan
xq.x_opa_amp.vee_clp                           -nan                 -nan
xq.x_opa_amp.n2992299                          -nan                 -nan
xq.x_opa_amp.n2992295                          -nan                 -nan
xq.x_opa_amp.n2992323                          -nan                 -nan
xq.x_opa_amp.n2992331                          -nan                 -nan
xq.x_opa_amp.n2992235                          -nan                 -nan
xq.x_opa_amp.n4723831                          -nan                 -nan
xq.x_opa_amp.n4724134                          -nan                 -nan
xq.x_opa_amp.n2991607                          -nan                 -nan
xq.x_opa_amp.n2991619                          -nan                 -nan
xq.x_opa_amp.n2991623                          -nan                 -nan
xq.x_opa_amp.n2991635                          -nan                 -nan
xq.x_opa_amp.n2991643                          -nan                 -nan
xq.x_opa_amp.n2991667                          -nan                 -nan
xq.x_opa_amp.n3294682                          -nan                 -nan
xq.x_opa_amp.n2991729                          -nan                 -nan
xq.x_opa_amp.n2991763                          -nan                 -nan
xq.x_opa_amp.n2991807                          -nan                 -nan
xq.x_opa_amp.n2991809                          -nan                 -nan
xq.x_opa_amp.n2991837                          -nan                 -nan
xq.x_opa_amp.n2991849                          -nan                 -nan
xq.x_opa_amp.n2991901                          -nan                 -nan
xq.x_opa_amp.n2991905                          -nan                 -nan
xq.x_opa_amp.n2991931                          -nan                 -nan
xq.x_opa_amp.n2991943                          -nan                 -nan
xq.x_opa_amp.n2991997                          -nan                 -nan
xq.x_opa_amp.n2992001                          -nan                 -nan
xq.x_opa_amp.v11                               -nan                 -nan
xq.x_opa_amp.v12                               -nan                 -nan
xq.x_opa_amp.n2992105                          -nan                 -nan
xq.x_opa_amp.n2992151                          -nan                 -nan
xq.x_opa_amp.n2992287                          -nan                 -nan
xq.x_opa_amp.n2992267                          -nan                 -nan
xq.x_opa_amp.x_u1.7                            -nan                 -nan
xq.x_opa_amp.x_u1.8                            -nan                 -nan
xq.x_opa_amp.x_u1.3                            -nan                 -nan
xq.x_opa_amp.x_u1.6                            -nan                 -nan
xq.x_opa_amp.x_u1.4                            -nan                 -nan
xq.x_opa_amp.x_u1.5                               0                    0
xq.x_opa_amp.x_u6.g1_int1                      -nan                 -nan
xq.x_opa_amp.x_u10.gvo-_int1                   -nan                 -nan
xq.x_opa_amp.x_u10.gvo+_int1                   -nan                 -nan
xq.x_opa_amp.x_u11.gvo-_int1                   -nan                 -nan
xq.x_opa_amp.x_u11.gvo+_int1                   -nan                 -nan
xq.x_opa_amp.x_u12.gvo-_int1                   -nan                 -nan
xq.x_opa_amp.x_u12.gvo+_int1                   -nan                 -nan
xq.x_opa_amp.x_u16.gsw+_int1                   -nan                 -nan
xq.x_opa_amp.x_u18.g1_int1                     -nan                 -nan
xq.x_opa_amp.x_u18.g1_int2                     -nan                 -nan
xq.x_opa_amp.x_u19.g1_int1                     -nan                 -nan
xq.x_opa_amp.x_u19.g1_int2                     -nan                 -nan
xq.x_opa_amp.x_u22.g1_int1                     -nan                 -nan
xq.x_opa_amp.x_u23.g1_int1                     -nan                 -nan
xq.x_opa_amp.x_u26.g1_int1                     -nan                 -nan
xq.x_opa_amp.x_u27.g1_int1                     -nan                 -nan
xq.x_opa_amp.x_u30.g1_int1                     -nan                 -nan
xq.x_opa_amp.x_u31.g1_int1                     -nan                 -nan
xq.x_opa_amp.x_u32.g1_int1                     -nan                 -nan
xq.x_opa_amp.x_u35.g1_int1                     -nan                 -nan
xq.x_opa_amp.x_u39.3                              0                    0
xq.x_opa_amp.x_u39.5                              0                    0
xq.x_opa_amp.x_u40.3                              0                    0
xq.x_opa_amp.x_u40.5                              0                    0
xq.x_opa_amp.x_u41.e1_int1              4.10977e-06          4.10977e-06
xq.x_opa_buf.esdp                              -nan                 -nan
xq.x_opa_buf.mid                               -nan                 -nan
xq.x_opa_buf.esdn                              -nan                 -nan
xq.x_opa_buf.n5301496                          -nan                 -nan
xq.x_opa_buf.n5301506                          -nan                 -nan
xq.x_opa_buf.n2991657                          -nan                 -nan
xq.x_opa_buf.clamp                             -nan                 -nan
xq.x_opa_buf.n3294626                          -nan                 -nan
xq.x_opa_buf.n3294630                          -nan                 -nan
xq.x_opa_buf.n51244231                         -nan                 -nan
xq.x_opa_buf.n2992397                          -nan                 -nan
xq.x_opa_buf.n2992375                          -nan                 -nan
xq.x_opa_buf.n2992413                          -nan                 -nan
xq.x_opa_buf.n2991741                          -nan                 -nan
xq.x_opa_buf.n2991765                          -nan                 -nan
xq.x_opa_buf.n2991811                          -nan                 -nan
xq.x_opa_buf.n2991831                          -nan                 -nan
xq.x_opa_buf.n2991907                          -nan                 -nan
xq.x_opa_buf.n2991925                          -nan                 -nan
xq.x_opa_buf.n2991969                          -nan                 -nan
xq.x_opa_buf.n2992033                          -nan                 -nan
xq.x_opa_buf.n2992029                          -nan                 -nan
xq.x_opa_buf.n2992093                          -nan                 -nan
xq.x_opa_buf.n2992099                          -nan                 -nan
xq.x_opa_buf.sw_ol                             -nan                 -nan
xq.x_opa_buf.vimon                             -nan                 -nan
xq.x_opa_buf.vout_s                            -nan                 -nan
xq.x_opa_buf.vclp                              -nan                 -nan
xq.x_opa_buf.n3827259                          -nan                 -nan
xq.x_opa_buf.n3828449                          -nan                 -nan
xq.x_opa_buf.n3294524                          -nan                 -nan
xq.x_opa_buf.n4969418                          -nan                 -nan
xq.x_opa_buf.n2991579                          -nan                 -nan
xq.x_opa_buf.n4828960                          -nan                 -nan
xq.x_opa_buf.n5072813                          -nan                 -nan
xq.x_opa_buf.n5085181                          -nan                 -nan
xq.x_opa_buf.n2991581                          -nan                 -nan
xq.x_opa_buf.n5301516                          -nan                 -nan
xq.x_opa_buf.n5301524                          -nan                 -nan
xq.x_opa_buf.n5301532                          -nan                 -nan
xq.x_opa_buf.n2991553                          -nan                 -nan
xq.x_opa_buf.n2992163                          -nan                 -nan
xq.x_opa_buf.n3294618                          -nan                 -nan
xq.x_opa_buf.cl_clamp                          -nan                 -nan
xq.x_opa_buf.n2991563                          -nan                 -nan
xq.x_opa_buf.n2991555                          -nan                 -nan
xq.x_opa_buf.n2991587                          -nan                 -nan
xq.x_opa_buf.n2991583                          -nan                 -nan
xq.x_opa_buf.vsense                            -nan                 -nan
xq.x_opa_buf.claw_clamp                        -nan                 -nan
xq.x_opa_buf.vcc_b                             -nan                 -nan
xq.x_opa_buf.vee_b                             -nan                 -nan
xq.x_opa_buf.vcc_clp                           -nan                 -nan
xq.x_opa_buf.vee_clp                           -nan                 -nan
xq.x_opa_buf.n2992299                          -nan                 -nan
xq.x_opa_buf.n2992295                          -nan                 -nan
xq.x_opa_buf.n2992323                          -nan                 -nan
xq.x_opa_buf.n2992331                          -nan                 -nan
xq.x_opa_buf.n2992235                          -nan                 -nan
xq.x_opa_buf.n4723831                          -nan                 -nan
xq.x_opa_buf.n4724134                          -nan                 -nan
xq.x_opa_buf.n2991619                          -nan                 -nan
xq.x_opa_buf.n2991623                          -nan                 -nan
xq.x_opa_buf.n2991635                          -nan                 -nan
xq.x_opa_buf.n2991643                          -nan                 -nan
xq.x_opa_buf.n2991667                          -nan                 -nan
xq.x_opa_buf.n3294682                          -nan                 -nan
xq.x_opa_buf.n2991729                          -nan                 -nan
xq.x_opa_buf.n2991763                          -nan                 -nan
xq.x_opa_buf.n2991807                          -nan                 -nan
xq.x_opa_buf.n2991809                          -nan                 -nan
xq.x_opa_buf.n2991837                          -nan                 -nan
xq.x_opa_buf.n2991849                          -nan                 -nan
xq.x_opa_buf.n2991901                          -nan                 -nan
xq.x_opa_buf.n2991905                          -nan                 -nan
xq.x_opa_buf.n2991931                          -nan                 -nan
xq.x_opa_buf.n2991943                          -nan                 -nan
xq.x_opa_buf.n2991997                          -nan                 -nan
xq.x_opa_buf.n2992001                          -nan                 -nan
xq.x_opa_buf.v11                               -nan                 -nan
xq.x_opa_buf.v12                               -nan                 -nan
xq.x_opa_buf.n2992105                          -nan                 -nan
xq.x_opa_buf.n2992151                          -nan                 -nan
xq.x_opa_buf.n2992287                          -nan                 -nan
xq.x_opa_buf.n2992267                          -nan                 -nan
xq.x_opa_buf.x_u6.g1_int1                      -nan                 -nan
xq.x_opa_buf.x_u10.gvo-_int1                   -nan                 -nan
xq.x_opa_buf.x_u10.gvo+_int1                   -nan                 -nan
xq.x_opa_buf.x_u11.gvo-_int1                   -nan                 -nan
xq.x_opa_buf.x_u11.gvo+_int1                   -nan                 -nan
xq.x_opa_buf.x_u12.gvo-_int1                   -nan                 -nan
xq.x_opa_buf.x_u12.gvo+_int1                   -nan                 -nan
xq.x_opa_buf.x_u16.gsw+_int1                   -nan                 -nan
xq.x_opa_buf.x_u18.g1_int1                     -nan                 -nan
xq.x_opa_buf.x_u18.g1_int2                     -nan                 -nan
xq.x_opa_buf.x_u19.g1_int1                     -nan                 -nan
xq.x_opa_buf.x_u19.g1_int2                     -nan                 -nan
xq.x_opa_buf.x_u22.g1_int1                     -nan                 -nan
xq.x_opa_buf.x_u23.g1_int1                     -nan                 -nan
xq.x_opa_buf.x_u26.g1_int1                     -nan                 -nan
xq.x_opa_buf.x_u27.g1_int1                     -nan                 -nan
xq.x_opa_buf.x_u30.g1_int1                     -nan                 -nan
xq.x_opa_buf.x_u31.g1_int1                     -nan                 -nan
xq.x_opa_buf.x_u32.g1_int1                     -nan                 -nan
xq.x_opa_buf.x_u35.g1_int1                     -nan                 -nan
xq.x_opa_buf.x_u41.e1_int1              8.00823e-06          8.00823e-06
mid                                               8                    8
b.xq.x_opa_buf.x_u41.be1#branch                    0                    0
b.xq.x_opa_buf.x_u35.bg1#branch                    0                    0
b.xq.x_opa_buf.x_u32.bg1#branch                    0                    0
b.xq.x_opa_buf.x_u31.bg1#branch                    0                    0
b.xq.x_opa_buf.x_u30.bg1#branch                    0                    0
b.xq.x_opa_buf.x_u27.bg1#branch                    0                    0
b.xq.x_opa_buf.x_u26.bg1#branch                    0                    0
b.xq.x_opa_buf.x_u23.bg1#branch                    0                    0
b.xq.x_opa_buf.x_u22.bg1#branch                    0                    0
b.xq.x_opa_buf.x_u19.bg1#branch                    0                    0
b.xq.x_opa_buf.x_u18.bg1#branch                    0                    0
b.xq.x_opa_buf.x_u16.bgsw+#branch                    0                    0
b.xq.x_opa_buf.x_u12.bgvo+#branch                    0                    0
b.xq.x_opa_buf.x_u12.bgvo-#branch                    0                    0
b.xq.x_opa_buf.x_u11.bgvo+#branch                    0                    0
b.xq.x_opa_buf.x_u11.bgvo-#branch                    0                    0
b.xq.x_opa_buf.x_u10.bgvo+#branch                    0                    0
b.xq.x_opa_buf.x_u10.bgvo-#branch                    0                    0
b.xq.x_opa_buf.x_u6.bg1#branch                    0                    0
b.xq.x_opa_amp.x_u41.be1#branch                    0                    0
b.xq.x_opa_amp.x_u35.bg1#branch                    0                    0
b.xq.x_opa_amp.x_u32.bg1#branch                    0                    0
b.xq.x_opa_amp.x_u31.bg1#branch                    0                    0
b.xq.x_opa_amp.x_u30.bg1#branch                    0                    0
b.xq.x_opa_amp.x_u27.bg1#branch                    0                    0
b.xq.x_opa_amp.x_u26.bg1#branch                    0                    0
b.xq.x_opa_amp.x_u23.bg1#branch                    0                    0
b.xq.x_opa_amp.x_u22.bg1#branch                    0                    0
b.xq.x_opa_amp.x_u19.bg1#branch                    0                    0
b.xq.x_opa_amp.x_u18.bg1#branch                    0                    0
b.xq.x_opa_amp.x_u16.bgsw+#branch                    0                    0
b.xq.x_opa_amp.x_u12.bgvo+#branch                    0                    0
b.xq.x_opa_amp.x_u12.bgvo-#branch                    0                    0
b.xq.x_opa_amp.x_u11.bgvo+#branch                    0                    0
b.xq.x_opa_amp.x_u11.bgvo-#branch                    0                    0
b.xq.x_opa_amp.x_u10.bgvo+#branch                    0                    0
b.xq.x_opa_amp.x_u10.bgvo-#branch                    0     
Note: Starting dynamic gmin stepping
Warning: Dynamic gmin stepping failed
Note: Starting true gmin stepping
Warning: True gmin stepping failed
Note: Starting source stepping
Warning: source stepping failed
Note: Transient op started
Warning: singular matrix:  check nodes xq.x_opa_amp.n2991581 and xq.x_opa_buf.n2991581

Warning: singular matrix:  check nodes xq.x_opa_amp.n2991579 and xq.x_opa_amp.n2991581

Warning: singular matrix:  check nodes xq.x_opa_buf.n2991579 and xq.x_opa_buf.n2991581

Warning: singular matrix:  check nodes xq.x_opa_buf.n2991579 and xq.x_opa_buf.n2991581

Warning: singular matrix:  check nodes xq.x_opa_buf.n2991579 and xq.x_opa_buf.n2991581

Warning: singular matrix:  check nodes xq.x_opa_buf.n2991579 and xq.x_opa_buf.n2991581

Error: Transient op failed, timestep too small


Error: The operating point could not be simulated successfully.
    Any of the following steps may fail.!

doAnalyses: OP:  Timestep too small; trouble with node "xq.n258562"


op simulation(s) aborted
Warning from checkvalid: vector out is not available or has zero length.
Error during 'write': no writable vector found.
Note: Starting dynamic gmin stepping
Warning: Dynamic gmin stepping failed
Note: Starting true gmin stepping
Warning: True gmin stepping failed
Note: Starting source stepping
Warning: source stepping failed
Note: Transient op started
