
Note: No compatibility mode selected!


Circuit: meridian research distortion

Doing analysis at TEMP = 25.000000 and TNOM = 27.000000

Using SPARSE 1.3 as Direct Linear Solver

Initial Transient Solution
--------------------------

Node                                   Voltage
----                                   -------
pressure                                     0
pressure_r                                   0
xenv.feed                                   48
xenv.xp                                34.1076
xenv.xn                                34.1076
p                                      34.1055
n                                      34.1055
mic_g                                 0.002043
pp                                           0
pn                                           0
cm                                           0
xcap.qf                               -1.55971
b                                      29.6104
f                                      7.29962
xcap.cqf                              -1.55971
xcap.qr                               -2.07054
rear                                0.00204303
xcap.cqr                              -2.07054
xdut.raw                               29.6109
xdut.regbase                           14.2803
xdut.qreg_t0                           29.6109
xdut.qreg_t1                           14.2803
rail                                   13.6003
xdut.qreg_t2                           13.6003
xdut.xqreg.11                          29.4372
xdut.mid                               6.80118
xdut.pol_0                             29.6109
xdut.pol_1                             29.6108
xdut.pol_2                             29.6108
xdut.pol_3                             29.6107
xdut.pol_4                             29.6107
xdut.pol_5                             29.6106
xdut.pol_6                             29.6106
xdut.pol_7                             29.6105
xdut.pol_8                             29.6105
xdut.pol                               29.6104
xdut.ref                               6.79987
xdut.outa                              8.26652
xdut.qinput_t0                         8.26652
xdut.qinput_t1                         7.29962
xdut.e1                                 6.6666
xdut.qinput_t2                          6.6666
xdut.xqinput.11                         8.2431
xdut.outb                              12.7338
xdut.qreference_t0                     12.7338
xdut.qreference_t1                     6.79987
xdut.e2                                6.21816
xdut.qreference_t2                     6.21816
xdut.xqreference.11                    12.7302
xdut.tail                               6.1357
xdut.feedback_series                   7.29962
xdut.qoutp_t0                          13.6003
xdut.qoutp_t1                          8.26652
xdut.outp                              7.62691
xdut.qoutp_t2                          7.62691
xdut.xqoutp.11                         13.5667
xdut.qoutn_t0                          13.6003
xdut.qoutn_t1                          12.7338
xdut.outn                              12.0788
xdut.qoutn_t2                          12.0788
xdut.xqoutn.11                         13.5471
xdut.cp                                7.62691
xdut.cn                                12.0788
xdut.cfeedbackseries_loss              7.29962
b.xcap.bqr#branch                            0
b.xcap.bqf#branch                            0
v.xcap.vqr#branch                            0
v.xcap.vqf#branch                            0
v.xdut.vqoutn_2#branch             -0.00120767
v.xdut.vqoutn_1#branch             4.44551e-06
v.xdut.vqoutn_0#branch              0.00120323
v.xdut.vqoutp_2#branch            -0.000762486
v.xdut.vqoutp_1#branch             2.48095e-06
v.xdut.vqoutp_0#branch             0.000760005
v.xdut.vqreference_2#branch       -8.24659e-05
v.xdut.vqreference_1#branch        2.62919e-07
v.xdut.vqreference_0#branch        8.22029e-05
v.xdut.vqinput_2#branch             -0.0005309
v.xdut.vqinput_1#branch            1.93383e-06
v.xdut.vqinput_0#branch            0.000528966
v.xdut.vqreg_2#branch              -0.00394322
v.xdut.vqreg_1#branch              1.05229e-05
v.xdut.vqreg_0#branch                0.0039327
v.xenv.vcm#branch                            0
v.xenv.vphantom#branch               -0.004086
vpr#branch                                   0
vp#branch                                    0

 Reference value :  5.00038e-01
 Reference value :  5.37648e-01
 Reference value :  5.67632e-01
 Reference value :  6.02487e-01
 Reference value :  6.33431e-01
 Reference value :  6.68858e-01
 Reference value :  6.92388e-01
 Reference value :  7.27353e-01
 Reference value :  7.62411e-01
 Reference value :  7.94788e-01
 Reference value :  8.37324e-01
 Reference value :  8.78022e-01
No. of Data Rows : 10994
ASCII raw file "tran.raw"
ngspice-47 done

