Note: gnd in a subcircuit is not set to 0 automatically

Note: Compatibility modes selected: ps


Circuit: meridian research dc_feasibility

Reducing trtol to 1 for xspice 'A' devices
Doing analysis at TEMP = 25.000000 and TNOM = 27.000000

Using SPARSE 1.3 as Direct Linear Solver

DC solution failed -

Last Node Voltages
------------------

Node                                   Last Voltage        Previous Iter
----                                   ------------        -------------
pressure                                          0                    0
pressure_r                                        0                    0
xenv.feed                                        52                   52
xenv.xp                                        -nan                 -nan
xenv.xn                                        -nan                 -nan
p                                              -nan                 -nan
n                                              -nan                 -nan
mic_g                                          -nan                 -nan
pp                                             -nan                 -nan
pn                                             -nan                 -nan
cm                                                0                    0
xcap.qf                                        -nan                 -nan
b                                              -nan                 -nan
f                                              -nan                 -nan
xcap.cqf                                       -nan                 -nan
xcap.qr                                        -nan                 -nan
rear                                           -nan                 -nan
xcap.cqr                                       -nan                 -nan
xdut.raw                                       -nan                 -nan
xdut.regbase                                   -nan                 -nan
xdut.qreg_t0                                   -nan                 -nan
xdut.qreg_t1                                   -nan                 -nan
rail                                           -nan                 -nan
xdut.qreg_t2                                   -nan                 -nan
xdut.xqreg.11                                  -nan                 -nan
xdut.mid                                       -nan                 -nan
xdut.pol_0                                     -nan                 -nan
xdut.pol_1                                     -nan                 -nan
xdut.pol_2                                     -nan                 -nan
xdut.pol_3                                     -nan                 -nan
xdut.pol_4                                     -nan                 -nan
xdut.pol_5                                     -nan                 -nan
xdut.pol_6                                     -nan                 -nan
xdut.pol_7                                     -nan                 -nan
xdut.pol_8                                     -nan                 -nan
xdut.pol                                       -nan                 -nan
xdut.boot                                      -nan                 -nan
xdut.uinput_t0                                 -nan                 -nan
xdut.frontout                                   nan                  nan
xdut.uinput_t1                                  nan                  nan
xdut.uinput_t2                                 -nan                 -nan
xdut.uinput_t3                                 -nan                 -nan
xdut.uinput_t4                                  nan                  nan
xdut.xuinput.n24458                            -nan                 -nan
xdut.xuinput.n24659                            -nan                 -nan
xdut.xuinput.n37029                            -nan                 -nan
xdut.xuinput.n37037                            -nan                 -nan
xdut.xuinput.n39124                            -nan                 -nan
xdut.xuinput.n39892                            -nan                 -nan
xdut.xuinput.n2425309                          -nan                 -nan
xdut.xuinput.n2425287                          -nan                 -nan
xdut.xuinput.n2425325                          -nan                 -nan
xdut.xuinput.mid                               -nan                 -nan
xdut.xuinput.n56849                            -nan                 -nan
xdut.xuinput.n57325                            -nan                 -nan
xdut.xuinput.n59747                            -nan                 -nan
xdut.xuinput.n59865                            -nan                 -nan
xdut.xuinput.n25921                            -nan                 -nan
xdut.xuinput.n25929                            -nan                 -nan
xdut.xuinput.n65579                            -nan                 -nan
xdut.xuinput.n65697                            -nan                 -nan
xdut.xuinput.n68774                            -nan                 -nan
xdut.xuinput.n72398                            -nan                 -nan
xdut.xuinput.n72391                            -nan                 -nan
xdut.xuinput.n81574                            -nan                 -nan
xdut.xuinput.n81664                            -nan                 -nan
xdut.xuinput.sw_ol_opax197                     -nan                 -nan
xdut.xuinput.vclp                              -nan                 -nan
xdut.xuinput.vimon                             -nan                 -nan
xdut.xuinput.n27785                            -nan                 -nan
xdut.xuinput.n27793                            -nan                 -nan
xdut.xuinput.vout_s                            -nan                 -nan
xdut.xuinput.n2402147                          -nan                 -nan
xdut.xuinput.n2402155                          -nan                 -nan
xdut.xuinput.n2419074                          -nan                 -nan
xdut.xuinput.n2525790                          -nan                 -nan
xdut.xuinput.n2526890                          -nan                 -nan
xdut.xuinput.n36262                            -nan                 -nan
xdut.xuinput.n32347                            -nan                 -nan
xdut.xuinput.clamp                             -nan                 -nan
xdut.xuinput.esdp                              -nan                 -nan
xdut.xuinput.esdn                              -nan                 -nan
xdut.xuinput.n158495                           -nan                 -nan
xdut.xuinput.cl_clamp                          -nan                 -nan
xdut.xuinput.n161937                            nan                  nan
xdut.xuinput.claw_clamp                        -nan                 -nan
xdut.xuinput.n45999                             nan                  nan
xdut.xuinput.vcc_b                             -nan                 -nan
xdut.xuinput.vee_b                             -nan                 -nan
xdut.xuinput.n25415                            -nan                 -nan
xdut.xuinput.n25397                            -nan                 -nan
xdut.xuinput.n25248                            -nan                 -nan
xdut.xuinput.vcc_clp                           -nan                 -nan
xdut.xuinput.vee_clp                           -nan                 -nan
xdut.xuinput.n1356345                          -nan                 -nan
xdut.xuinput.n1356333                          -nan                 -nan
xdut.xuinput.n1356409                          -nan                 -nan
xdut.xuinput.n1356429                          -nan                 -nan
xdut.xuinput.vsense                            -nan                 -nan
xdut.xuinput.n28678                            -nan                 -nan
xdut.xuinput.n28438                            -nan                 -nan
xdut.xuinput.n24207                            -nan                 -nan
xdut.xuinput.n31303                            -nan                 -nan
xdut.xuinput.n31389                            -nan                 -nan
xdut.xuinput.n31737                            -nan                 -nan
xdut.xuinput.n32236                            -nan                 -nan
xdut.xuinput.n32510                            -nan                 -nan
xdut.xuinput.n46041                            -nan                 -nan
xdut.xuinput.n55560                            -nan                 -nan
xdut.xuinput.n57321                            -nan                 -nan
xdut.xuinput.n59739                            -nan                 -nan
xdut.xuinput.n59743                            -nan                 -nan
xdut.xuinput.n59881                            -nan                 -nan
xdut.xuinput.n59905                            -nan                 -nan
xdut.xuinput.n65567                            -nan                 -nan
xdut.xuinput.n65575                            -nan                 -nan
xdut.xuinput.n65713                            -nan                 -nan
xdut.xuinput.n65737                            -nan                 -nan
xdut.xuinput.n72064                            -nan                 -nan
xdut.xuinput.n72073                            -nan                 -nan
xdut.xuinput.v11                               -nan                 -nan
xdut.xuinput.v12                               -nan                 -nan
xdut.xuinput.n81756                            -nan                 -nan
xdut.xuinput.n161737                           -nan                 -nan
xdut.xuinput.n1356115                          -nan                 -nan
xdut.xuinput.n1356061                          -nan                 -nan
xdut.xuinput.x_u1.7                            -nan                 -nan
xdut.xuinput.x_u1.8                            -nan                 -nan
xdut.xuinput.x_u1.3                            -nan                 -nan
xdut.xuinput.x_u1.6                            -nan                 -nan
xdut.xuinput.x_u1.4                            -nan                 -nan
xdut.xuinput.x_u1.5                               0                    0
xdut.xuinput.x_u10.gvo+_int1                   -nan                 -nan
xdut.xuinput.x_u10.gvo-_int1                   -nan                 -nan
xdut.xuinput.x_u11.gvo+_int1                   -nan                 -nan
xdut.xuinput.x_u11.gvo-_int1                   -nan                 -nan
xdut.xuinput.x_u12.gvo+_int1                   -nan                 -nan
xdut.xuinput.x_u12.gvo-_int1                   -nan                 -nan
xdut.xuinput.x_u16.gsw+_int1                   -nan                 -nan
xdut.xuinput.x_u18.g1_int1                     -nan                 -nan
xdut.xuinput.x_u18.g1_int2                     -nan                 -nan
xdut.xuinput.x_u19.g1_int1                     -nan                 -nan
xdut.xuinput.x_u19.g1_int2                     -nan                 -nan
xdut.xuinput.x_u22.g1_int1                     -nan                 -nan
xdut.xuinput.x_u23.g1_int1                     -nan                 -nan
xdut.xuinput.x_u26.g1_int1                     -nan                 -nan
xdut.xuinput.x_u27.g1_int1                     -nan                 -nan
xdut.xuinput.x_u30.g1_int1                     -nan                 -nan
xdut.xuinput.x_u31.g1_int1                     -nan                 -nan
xdut.xuinput.x_u32.g1_int1                     -nan                 -nan
xdut.xuinput.x_u35.g1_int1                     -nan                 -nan
xdut.xuinput.x_u36.3                              0                    0
xdut.xuinput.x_u36.5                              0                    0
xdut.xuinput.x_u37.3                              0                    0
xdut.xuinput.x_u37.5                              0                    0
xdut.xuinput.x_u4.e1_int1                 1.612e-05            1.612e-05
xdut.xuinput.x_u6.g1_int1                      -nan                 -nan
xdut.uguard_t0                                  nan                  nan
xdut.guard                                     -nan                 -nan
xdut.uguard_t1                                 -nan                 -nan
xdut.uguard_t2                                 -nan                 -nan
xdut.uguard_t3                                 -nan                 -nan
xdut.uguard_t4                                 -nan                 -nan
xdut.xuguard.n24458                            -nan                 -nan
xdut.xuguard.n24659                            -nan                 -nan
xdut.xuguard.n37029                            -nan                 -nan
xdut.xuguard.n37037                            -nan                 -nan
xdut.xuguard.n39124                            -nan                 -nan
xdut.xuguard.n39892                            -nan                 -nan
xdut.xuguard.n2425309                          -nan                 -nan
xdut.xuguard.n2425287                          -nan                 -nan
xdut.xuguard.n2425325                          -nan                 -nan
xdut.xuguard.mid                               -nan                 -nan
xdut.xuguard.n56849                            -nan                 -nan
xdut.xuguard.n57325                            -nan                 -nan
xdut.xuguard.n59747                            -nan                 -nan
xdut.xuguard.n59865                            -nan                 -nan
xdut.xuguard.n25921                            -nan                 -nan
xdut.xuguard.n25929                            -nan                 -nan
xdut.xuguard.n65579                            -nan                 -nan
xdut.xuguard.n65697                            -nan                 -nan
xdut.xuguard.n68774                            -nan                 -nan
xdut.xuguard.n72398                            -nan                 -nan
xdut.xuguard.n72391                            -nan                 -nan
xdut.xuguard.n81574                            -nan                 -nan
xdut.xuguard.n81664                            -nan                 -nan
xdut.xuguard.sw_ol_opax197                     -nan                 -nan
xdut.xuguard.vclp                              -nan                 -nan
xdut.xuguard.vimon                             -nan                 -nan
xdut.xuguard.n27785                            -nan                 -nan
xdut.xuguard.n27793                            -nan                 -nan
xdut.xuguard.vout_s                            -nan                 -nan
xdut.xuguard.n2402147                          -nan                 -nan
xdut.xuguard.n2402155                          -nan                 -nan
xdut.xuguard.n2419074                          -nan                 -nan
xdut.xuguard.n2525790                          -nan                 -nan
xdut.xuguard.n2526890                          -nan                 -nan
xdut.xuguard.n36262                            -nan                 -nan
xdut.xuguard.n32347                            -nan                 -nan
xdut.xuguard.clamp                             -nan                 -nan
xdut.xuguard.esdp                              -nan                 -nan
xdut.xuguard.esdn                              -nan                 -nan
xdut.xuguard.n158495                           -nan                 -nan
xdut.xuguard.cl_clamp                          -nan                 -nan
xdut.xuguard.n161937                           -nan                 -nan
xdut.xuguard.claw_clamp                        -nan                 -nan
xdut.xuguard.n45999                            -nan                 -nan
xdut.xuguard.vcc_b                             -nan                 -nan
xdut.xuguard.vee_b                             -nan                 -nan
xdut.xuguard.n25415                            -nan                 -nan
xdut.xuguard.n25397                            -nan                 -nan
xdut.xuguard.n25248                            -nan                 -nan
xdut.xuguard.vcc_clp                           -nan                 -nan
xdut.xuguard.vee_clp                           -nan                 -nan
xdut.xuguard.n1356345                          -nan                 -nan
xdut.xuguard.n1356333                          -nan                 -nan
xdut.xuguard.n1356409                          -nan                 -nan
xdut.xuguard.n1356429                          -nan                 -nan
xdut.xuguard.vsense                            -nan                 -nan
xdut.xuguard.n28678                            -nan                 -nan
xdut.xuguard.n28438                            -nan                 -nan
xdut.xuguard.n24207                            -nan                 -nan
xdut.xuguard.n31303                            -nan                 -nan
xdut.xuguard.n31389                            -nan                 -nan
xdut.xuguard.n31737                            -nan                 -nan
xdut.xuguard.n32236                            -nan                 -nan
xdut.xuguard.n32510                            -nan                 -nan
xdut.xuguard.n46041                            -nan                 -nan
xdut.xuguard.n55560                            -nan                 -nan
xdut.xuguard.n57321                            -nan                 -nan
xdut.xuguard.n59739                            -nan                 -nan
xdut.xuguard.n59743                            -nan                 -nan
xdut.xuguard.n59881                            -nan                 -nan
xdut.xuguard.n59905                            -nan                 -nan
xdut.xuguard.n65567                            -nan                 -nan
xdut.xuguard.n65575                            -nan                 -nan
xdut.xuguard.n65713                            -nan                 -nan
xdut.xuguard.n65737                            -nan                 -nan
xdut.xuguard.n72064                            -nan                 -nan
xdut.xuguard.n72073                            -nan                 -nan
xdut.xuguard.v11                               -nan                 -nan
xdut.xuguard.v12                               -nan                 -nan
xdut.xuguard.n81756                            -nan                 -nan
xdut.xuguard.n161737                           -nan                 -nan
xdut.xuguard.n1356115                          -nan                 -nan
xdut.xuguard.n1356061                          -nan                 -nan
xdut.xuguard.x_u1.7                            -nan                 -nan
xdut.xuguard.x_u1.8                            -nan                 -nan
xdut.xuguard.x_u1.3                            -nan                 -nan
xdut.xuguard.x_u1.6                            -nan                 -nan
xdut.xuguard.x_u1.4                            -nan                 -nan
xdut.xuguard.x_u1.5                               0                    0
xdut.xuguard.x_u10.gvo+_int1                   -nan                 -nan
xdut.xuguard.x_u10.gvo-_int1                   -nan                 -nan
xdut.xuguard.x_u11.gvo+_int1                   -nan                 -nan
xdut.xuguard.x_u11.gvo-_int1                   -nan                 -nan
xdut.xuguard.x_u12.gvo+_int1                   -nan                 -nan
xdut.xuguard.x_u12.gvo-_int1                   -nan                 -nan
xdut.xuguard.x_u16.gsw+_int1                   -nan                 -nan
xdut.xuguard.x_u18.g1_int1                     -nan                 -nan
xdut.xuguard.x_u18.g1_int2                     -nan                 -nan
xdut.xuguard.x_u19.g1_int1                     -nan                 -nan
xdut.xuguard.x_u19.g1_int2                     -nan                 -nan
xdut.xuguard.x_u22.g1_int1                     -nan                 -nan
xdut.xuguard.x_u23.g1_int1                     -nan                 -nan
xdut.xuguard.x_u26.g1_int1                     -nan                 -nan
xdut.xuguard.x_u27.g1_int1                     -nan                 -nan
xdut.xuguard.x_u30.g1_int1                     -nan                 -nan
xdut.xuguard.x_u31.g1_int1                     -nan                 -nan
xdut.xuguard.x_u32.g1_int1                     -nan                 -nan
xdut.xuguard.x_u35.g1_int1                     -nan                 -nan
xdut.xuguard.x_u36.3                              0                    0
xdut.xuguard.x_u36.5                              0                    0
xdut.xuguard.x_u37.3                              0                    0
xdut.xuguard.x_u37.5                              0                    0
xdut.xuguard.x_u4.e1_int1                 1.612e-05            1.612e-05
xdut.xuguard.x_u6.g1_int1                      -nan                 -nan
xdut.outp                                       nan                  nan
xdut.cp                                        -nan                 -nan
xdut.outn                                       nan                  nan
xdut.cn                                        -nan                 -nan
xdut.qoutp_t0                                  -nan                 -nan
xdut.qoutp_t1                                   nan                  nan
xdut.qoutp_t2                                   nan                  nan
xdut.xqoutp.11                                 -nan                 -nan
xdut.inverse                                   -nan                 -nan
xdut.qinvert_t0                                -nan                 -nan
xdut.qinvert_t1                                 nan                  nan
xdut.ie                                         nan                  nan
xdut.qinvert_t2                                 nan                  nan
xdut.xqinvert.11                               -nan                 -nan
xdut.qoutn_t0                                  -nan                 -nan
xdut.qoutn_t1                                  -nan                 -nan
xdut.qoutn_t2                                   nan                  nan
xdut.xqoutn.11                                 -nan                 -nan
b.xdut.xuguard.x_u6.bg1#branch                    0                    0
b.xdut.xuguard.x_u4.be1#branch                    0                    0
b.xdut.xuguard.x_u35.bg1#branch                    0                    0
b.xdut.xuguard.x_u32.bg1#branch                    0                    0
b.xdut.xuguard.x_u31.bg1#branch                    0                    0
b.xdut.xuguard.x_u30.bg1#branch                    0                    0
b.xdut.xuguard.x_u27.bg1#branch                    0                    0
b.xdut.xuguard.x_u26.bg1#branch                    0                    0
b.xdut.xuguard.x_u23.bg1#branch                    0                    0
b.xdut.xuguard.x_u22.bg1#branch                    0                    0
b.xdut.xuguard.x_u19.bg1#branch                    0                    0
b.xdut.xuguard.x_u18.bg1#branch                    0                    0
b.xdut.xuguard.x_u16.bgsw+#branch                    0                    0
b.xdut.xuguard.x_u12.bgvo-#branch                    0                    0
b.xdut.xuguard.x_u12.bgvo+#branch                    0                    0
b.xdut.xuguard.x_u11.bgvo-#branch                    0                    0
b.xdut.xuguard.x_u11.bgvo+#branch                    0                    0
b.xdut.xuguard.x_u10.bgvo-#branch                    0                    0
b.xdut.xuguard.x_u10.bgvo+#branch                    0                    0
b.xdut.xuinput.x_u6.bg1#branch                    0                    0
b.xdut.xuinput.x_u4.be1#branch                    0                    0
b.xdut.xuinput.x_u35.bg1#branch                    0                    0
b.xdut.xuinput.x_u32.bg1#branch                    0                    0
b.xdut.xuinput.x_u31.bg1#branch                    0                    0
b.xdut.xuinput.x_u30.bg1#branch                    0                    0
b.xdut.xuinput.x_u27.bg1#branch                    0                    0
b.xdut.xuinput.x_u26.bg1#branch                    0                    0
b.xdut.xuinput.x_u23.bg1#branch                    0                    0
b.xdut.xuinput.x_u22.bg1#branch                    0                    0
b.xdut.xuinput.x_u19.bg1#branch                    0                    0
b.xdut.xuinput.x_u18.bg1#branch                    0                    0
b.xdut.xuinput.x_u16.bgsw+#branch                    0                    0
b.xdut.xuinput.x_u12.bgvo-#branch                    0                    0
b.xdut.xuinput.x_u12.bgvo+#branch                    0                    0
b.xdut.xuinput.x_u11.bgvo-#branch                    0                    0
b.xdut.xuinput.x_u11.bgvo+#branch                    0                    0
b.xdut.xuinput.x_u10.bgvo-#branch                    0                    0
b.xdut.xuinput.x_u10.bgvo+#branch                    0                    0
b.xcap.bqr#branch                              -nan                 -nan
b.xcap.bqf#branch                              -nan                 -nan
v.xcap.vqr#branch                              -nan                 -nan
v.xcap.vqf#branch                              -nan                 -nan
h.xdut.xuguard.x_h3.h_h3#branch                 -nan                 -nan
v.xdut.xuguard.x_h3.vh_h3#branch                 -nan                 -nan
h.xdut.xuguard.x_h2.h_h2#branch                 -nan                 -nan
v.xdut.xuguard.x_h2.vh_h2#branch                 -nan                 -nan
h.xdut.xuguard.x_h1.h_h1#branch                 -nan                 -nan
v.xdut.xuguard.x_h1.vh_h1#branch                 -nan                 -nan
h.xdut.xuinput.x_h3.h_h3#branch                 -nan                 -nan
v.xdut.xuinput.x_h3.vh_h3#branch                 -nan                 -nan
h.xdut.xuinput.x_h2.h_h2#branch                 -nan                 -nan
v.xdut.xuinput.x_h2.vh_h2#branch                 -nan                 -nan
h.xdut.xuinput.x_h1.h_h1#branch                 -nan                 -nan
v.xdut.xuinput.x_h1.vh_h1#branch                 -nan                 -nan
e.xdut.xuguard.x_u4.e1#branch                  -nan                 -nan
e.xdut.xuguard.x_u37.e1#branch                    0                    0
e.xdut.xuguard.x_u36.e1#branch                    0                    0
e.xdut.xuguard.x_u1.e3#branch                  -nan                 -nan
e.xdut.xuguard.x_u1.e2#branch                  -nan                 -nan
e.xdut.xuguard.x_u1.e1#branch                  -nan                 -nan
e.xdut.xuguard.e_e3#branch                     -nan                 -nan
e.xdut.xuguard.e_e2#branch                     -nan                 -nan
e.xdut.xuguard.e_e1#branch                     -nan                 -nan
e.xdut.xuinput.x_u4.e1#branch                  -nan                 -nan
e.xdut.xuinput.x_u37.e1#branch                    0                    0
e.xdut.xuinput.x_u36.e1#branch                    0                    0
e.xdut.xuinput.x_u1.e3#branch                  -nan                 -nan
e.xdut.xuinput.x_u1.e2#branch                  -nan                 -nan
e.xdut.xuinput.x_u1.e1#branch                  -nan                 -nan
e.xdut.xuinput.e_e3#branch                      nan                  nan
e.xdut.xuinput.e_e2#branch                     -nan                 -nan
e.xdut.xuinput.e_e1#branch                     -nan                 -nan
v.xdut.vqoutn_2#branch                          nan                  nan
v.xdut.vqoutn_1#branch                          nan                  nan
v.xdut.vqoutn_0#branch                         -nan                 -nan
v.xdut.vqinvert_2#branch                        nan                  nan
v.xdut.vqinvert_1#branch                       -nan                 -nan
v.xdut.vqinvert_0#branch                       -nan                 -nan
v.xdut.vqoutp_2#branch                          nan                  nan
v.xdut.vqoutp_1#branch                          nan                  nan
v.xdut.vqoutp_0#branch                         -nan                 -nan
v.xdut.xuguard.v_v_orp#branch                     0                    0
v.xdut.xuguard.v_v_orn#branch                     0                    0
v.xdut.xuguard.v_v_iscp#branch                 -nan                 -nan
v.xdut.xuguard.v_v_iscn#branch                 -nan                 -nan
v.xdut.xuguard.v_v_grp#branch                  -nan                 -nan
v.xdut.xuguard.v_v_grn#branch                  -nan                 -nan
v.xdut.xuguard.v_vcm_min#branch                 -nan                 -nan
v.xdut.xuguard.v_vcm_max#branch                 -nan                 -nan
v.xdut.vuguard_4#branch                        -nan                 -nan
v.xdut.vuguard_3#branch                        -nan                 -nan
v.xdut.vuguard_2#branch                        -nan                 -nan
v.xdut.vuguard_1#branch                        -nan                 -nan
v.xdut.vuguard_0#branch                         nan                  nan
v.xdut.xuinput.v_v_orp#branch                     0                    0
v.xdut.xuinput.v_v_orn#branch                     0                    0
v.xdut.xuinput.v_v_iscp#branch                 -nan                 -nan
v.xdut.xuinput.v_v_iscn#branch                 -nan                 -nan
v.xdut.xuinput.v_v_grp#branch                  -nan                 -nan
v.xdut.xuinput.v_v_grn#branch                  -nan                 -nan
v.xdut.xuinput.v_vcm_min#branch                 -nan                 -nan
v.xdut.xuinput.v_vcm_max#branch                 -nan                 -nan
v.xdut.vuinput_4#branch                        -nan                 -nan
v.xdut.vuinput_3#branch                        -nan                 -nan
v.xdut.vuinput_2#branch                        -nan                 -nan
v.xdut.vuinput_1#branch                         nan                  nan
v.xdut.vuinput_0#branch                        -nan                 -nan
v.xdut.vqreg_2#branch                          -nan                 -nan
v.xdut.vqreg_1#branch                           nan                  nan
v.xdut.vqreg_0#branch                          -nan                 -nan
v.xenv.vcm#branch                              -nan                 -nan
v.xenv.vphantom#branch                         -nan                 -nan
vpr#branch                                        0                    0
vp#branch                                         0                    0
a.xdut.xuguard.x_u19.ag1#branch_1_0                    0                    0
a.xdut.xuguard.x_u18.ag1#branch_1_0                    0                    0
a.xdut.xuinput.x_u19.ag1#branch_1_0                    0                    0
a.xdut.xuinput.x_u18.ag1#branch_1_0                    0                    0

ngspice-47 done

Note: Starting dynamic gmin stepping
Warning: Dynamic gmin stepping failed
Note: Starting true gmin stepping
Warning: True gmin stepping failed
Note: Starting source stepping
Warning: source stepping failed
Note: Transient op started
Warning: singular matrix:  check nodes xdut.xuguard.n37037 and xdut.xuguard.cl_clamp

Warning: singular matrix:  check nodes xdut.xuinput.n25929 and xdut.xuguard.n27793

Warning: singular matrix:  check node xdut.xuguard.n39892

Warning: singular matrix:  check node xdut.xuguard.n39892

Warning: singular matrix:  check node xdut.xuguard.n39892

Warning: singular matrix:  check node xdut.xuguard.n39892

Error: Transient op failed, timestep too small


Error: The operating point could not be simulated successfully.
    Any of the following steps may fail.!

doAnalyses: OP:  Timestep too small; trouble with xdut.xqreg:main-instance q.xdut.xqreg.q1


op simulation(s) aborted
Warning from checkvalid: vector a.xdut.xuguard.x_u18.ag1#branch_1_0 is not available or has zero length.
Error during 'write': no writable vector found.
