Note: gnd in a subcircuit is not set to 0 automatically

Note: Compatibility modes selected: ps


Circuit: meridian isolated vishay_2n7002k_ps clipping_1e-06

Doing analysis at TEMP = 25.000000 and TNOM = 27.000000

Using SPARSE 1.3 as Direct Linear Solver

Initial Transient Solution
--------------------------

Node                                   Voltage
----                                   -------
rail                                        12
d                                      8.19945
g                                      1.79405
xq.3                                   8.19861
vg#branch                                    0
vs#branch                          -0.00190028

 Reference value :  1.00001e-02
 Reference value :  1.43666e-02
 Reference value :  1.86996e-02
No. of Data Rows : 15536
ASCII raw file "tran.raw"
ngspice-47 done

