Note: gnd in a subcircuit is not set to 0 automatically

Note: Compatibility modes selected: ps


Circuit: meridian research startup

Reducing trtol to 1 for xspice 'A' devices
Doing analysis at TEMP = 25.000000 and TNOM = 27.000000

Using SPARSE 1.3 as Direct Linear Solver

Initial Transient Solution
--------------------------

Node                                   Voltage
----                                   -------
pressure                                     0
pressure_r                                   0
xenv.feed                                    0
xenv.xp                            3.80643e-28
xenv.xn                            3.80643e-28
p                                  3.80699e-28
n                                  3.80699e-28
mic_g                             -5.59768e-32
pp                                           0
pn                                           0
cm                                           0
xcap.qf                            5.30642e-21
b                                   8.3436e-25
f                                  7.58068e-20
xcap.cqf                           5.30642e-21
xcap.qr                           -5.84053e-26
rear                              -5.51425e-32
xcap.cqr                          -5.84053e-26
xdut.raw                           5.03848e-28
xdut.regbase                      -1.57816e-27
xdut.qreg_t0                       5.03848e-28
xdut.qreg_t1                      -1.57816e-27
rail                              -1.53854e-25
xdut.qreg_t2                      -1.53854e-25
xdut.xqreg.11                      4.99529e-28
xdut.mid                          -7.71346e-26
xdut.pol_0                          7.6309e-26
xdut.pol_1                         1.52114e-25
xdut.pol_2                         2.27919e-25
xdut.pol_3                         3.03724e-25
xdut.pol_4                         3.79529e-25
xdut.pol_5                         4.55335e-25
xdut.pol_6                          5.3114e-25
xdut.pol_7                         6.06945e-25
xdut.pol_8                          6.8275e-25
xdut.pol                           7.58555e-25
xdut.gate_div0                     7.41251e-26
xdut.gate_div1                     3.02104e-25
xdut.gatebias                      5.30083e-25
xdut.jinput_t0                    -1.53854e-25
xdut.jinput_t1                     7.58068e-20
xdut.source                       -1.47886e-25
xdut.jinput_t2                    -1.47886e-25
xdut.jinput_t3                    -1.53854e-25
xdut.jinput_t4                    -5.59768e-32
xdut.signal                       -1.18636e-25
xdut.outp                          -1.9834e-27
xdut.cp                            -1.9834e-27
xdut.outn                         -3.32234e-27
xdut.cn                           -3.32234e-27
xdut.qoutp_t0                     -1.53854e-25
xdut.qoutp_t1                     -1.18636e-25
xdut.qoutp_t2                      -1.9834e-27
xdut.xqoutp.11                    -1.53847e-25
xdut.inverse                      -1.51434e-25
xdut.qinvert_t0                   -1.51434e-25
xdut.qinvert_t1                   -1.18636e-25
xdut.ie                           -1.98341e-27
xdut.qinvert_t2                   -1.98341e-27
xdut.xqinvert.11                  -1.51427e-25
xdut.qoutn_t0                     -1.53854e-25
xdut.qoutn_t1                     -1.51434e-25
xdut.qoutn_t2                     -3.32234e-27
xdut.xqoutn.11                     -1.5384e-25
b.xcap.bqr#branch                            0
b.xcap.bqf#branch                            0
v.xcap.vqr#branch                            0
v.xcap.vqf#branch                            0
v.xdut.vqoutn_2#branch             3.32228e-31
v.xdut.vqoutn_1#branch            -2.29419e-32
v.xdut.vqoutn_0#branch            -3.09286e-31
v.xdut.vqinvert_2#branch           1.98335e-31
v.xdut.vqinvert_1#branch            2.0751e-32
v.xdut.vqinvert_0#branch          -2.19086e-31
v.xdut.vqoutp_2#branch             1.98335e-31
v.xdut.vqoutp_1#branch             2.07508e-32
v.xdut.vqoutp_0#branch            -2.19086e-31
v.xdut.vjinput_4#branch           -1.51613e-31
v.xdut.vjinput_3#branch           -1.51614e-31
v.xdut.vjinput_2#branch            4.48138e-29
v.xdut.vjinput_1#branch           -7.58821e-29
v.xdut.vjinput_0#branch            3.13715e-29
v.xdut.vqreg_2#branch              2.03675e-32
v.xdut.vqreg_1#branch              3.66012e-32
v.xdut.vqreg_0#branch             -5.69687e-32
v.xenv.vcm#branch                            0
v.xenv.vphantom#branch             1.11954e-31
vpr#branch                                   0
vp#branch                                    0


No. of Data Rows : 462
ASCII raw file "startup.raw"
ngspice-47 done

doAnalyses: TRAN:  Timestep too small; time = 0.002, timestep = 1.25e-15: trouble with xdut.xjinput:njfe150-instance j.xdut.xjinput.j_j1


tran simulation(s) aborted
