Note: gnd in a subcircuit is not set to 0 automatically

Note: Compatibility modes selected: ps


Circuit: meridian isolated opa197_pspice dc_clipping_2k

Reducing trtol to 1 for xspice 'A' devices
Doing analysis at TEMP = 25.000000 and TNOM = 27.000000

Using SPARSE 1.3 as Direct Linear Solver
ASCII raw file "dc.raw"
ngspice-47 done

Note: Starting dynamic gmin stepping
Warning: Dynamic gmin stepping failed
Note: Starting true gmin stepping
Warning: True gmin stepping failed
Note: Starting source stepping
Warning: source stepping failed
Note: Transient op started
Warning: singular matrix:  check nodes xu.n37029 and xu.cl_clamp

Warning: singular matrix:  check nodes xu.n37029 and xu.cl_clamp

Warning: singular matrix:  check nodes xu.n37029 and xu.cl_clamp

Warning: singular matrix:  check nodes xu.n37029 and xu.cl_clamp

Warning: singular matrix:  check nodes xu.n37029 and xu.cl_clamp

Warning: singular matrix:  check node xu.n27793

Error: Transient op failed, timestep too small


Error: The operating point could not be simulated successfully.
    Any of the following steps may fail.!

doAnalyses: DC:  Timestep too small;  vin = -19.9: cause unrecorded.


dc simulation(s) aborted
