Note: gnd in a subcircuit is not set to 0 automatically

Note: Compatibility modes selected: ps


Circuit: meridian isolated opa197_pspice clipping_tran_5e-07

Reducing trtol to 1 for xspice 'A' devices
Doing analysis at TEMP = 25.000000 and TNOM = 27.000000

Using SPARSE 1.3 as Direct Linear Solver

Initial Transient Solution
--------------------------

Node                                   Voltage
----                                   -------
p                                           18
n                                          -18
src                                          0
inp                                          0
xu.n24458                         -2.25738e-13
xu.n24659                          1.64404e-15
xu.n37029                            0.0494477
xu.n37037                           0.00502029
xu.n39124                             0.049445
xu.n39892                          7.41663e-07
xu.n2425309                                 18
xu.n2425287                        1.69407e-15
xu.n2425325                                -18
xu.mid                             1.69407e-15
xu.n56849                          1.69407e-15
xu.n57325                          1.69407e-15
xu.n59747                          1.69407e-15
xu.n59865                          1.69407e-15
xu.n25921                              -1.2312
xu.n25929                         -3.93982e-06
xu.n65579                          1.69407e-15
xu.n65697                          1.69407e-15
xu.n68774                          0.000783988
xu.n72398                              17.9744
xu.n72391                             -17.9647
xu.n81574                         -8.30415e-09
xu.n81664                          -8.4042e-09
xu.sw_ol_opax197                   1.69407e-15
xu.vclp                            0.000783988
xu.vimon                           0.000144013
xu.n27785                               1.2312
xu.n27793                          3.93982e-06
xu.vout_s                           0.00024002
xu.n2402147                        1.64405e-15
xu.n2402155                        1.69406e-15
xu.n2419074                        0.000783988
xu.n2525790                        0.000783988
xu.n2526890                        0.000783988
xu.n36262                          0.000783988
xu.n32347                          2.39991e-05
xu.clamp                           0.000783988
xu.esdp                              -5.01e-10
xu.esdn                            2.39991e-05
xu.n158495                         0.000783988
xu.cl_clamp                        0.000783988
xu.n161937                          0.00024002
out                                 0.00024002
xu.claw_clamp                      0.000783988
xu.n45999                           0.00024002
xu.vcc_b                                    18
xu.vee_b                                   -18
xu.n25415                          1.61195e-05
xu.n25397                          1.61195e-05
xu.n25248                          1.64406e-15
xu.vcc_clp                             17.9744
xu.vee_clp                            -17.9647
xu.n1356345                           -4.14922
xu.n1356333                           -4.14922
xu.n1356409                            4.20078
xu.n1356429                            4.20078
xu.vsense                          0.000783988
xu.n28678                          2.39991e-05
xu.n28438                          1.61195e-05
xu.n24207                            -5.01e-10
xu.n31303                          2.39991e-05
xu.n31389                                 18.1
xu.n31737                                -18.1
fb                                 2.39994e-05
xu.n32236                          2.39991e-05
xu.n32510                          9.18038e-09
xu.n46041                            0.0494443
xu.n55560                          1.69407e-15
xu.n57321                          1.69407e-15
xu.n59739                                 68.9
xu.n59743                          1.69407e-15
xu.n59881                          1.69407e-15
xu.n59905                                -68.9
xu.n65567                                  265
xu.n65575                          1.69407e-15
xu.n65713                          1.69407e-15
xu.n65737                                 -265
xu.n72064                              17.9744
xu.n72073                             -17.9647
xu.v11                            -8.30415e-09
xu.v12                             -8.4042e-09
xu.n81756                          1.69407e-15
xu.n161737                         0.000144013
xu.n1356115                            4.20078
xu.n1356061                           -4.14922
xu.x_u1.7                             0.836142
xu.x_u1.8                             0.836142
xu.x_u1.3                                    0
xu.x_u1.6                                    0
xu.x_u1.4                                    0
xu.x_u1.5                                    0
xu.x_u10.gvo+_int1                           0
xu.x_u10.gvo-_int1                           0
xu.x_u11.gvo+_int1                           0
xu.x_u11.gvo-_int1                           0
xu.x_u12.gvo+_int1                           0
xu.x_u12.gvo-_int1                           0
xu.x_u16.gsw+_int1                           0
xu.x_u18.g1_int1                   2.56205e-05
xu.x_u18.g1_int2                   0.000144013
xu.x_u19.g1_int1                   3.52712e-05
xu.x_u19.g1_int2                  -0.000144013
xu.x_u22.g1_int1                             0
xu.x_u23.g1_int1                             0
xu.x_u26.g1_int1                   1.44013e-07
xu.x_u27.g1_int1                             0
xu.x_u30.g1_int1                   9.18038e-15
xu.x_u31.g1_int1                   6.83938e-10
xu.x_u32.g1_int1                     0.0494445
xu.x_u35.g1_int1                             0
xu.x_u36.3                                   0
xu.x_u36.5                                   0
xu.x_u37.3                                   0
xu.x_u37.5                                   0
xu.x_u4.e1_int1                      1.612e-05
xu.x_u6.g1_int1                    2.39991e-05
b.xu.x_u6.bg1#branch                         0
b.xu.x_u4.be1#branch                         0
b.xu.x_u35.bg1#branch                        0
b.xu.x_u32.bg1#branch                        0
b.xu.x_u31.bg1#branch                        0
b.xu.x_u30.bg1#branch                        0
b.xu.x_u27.bg1#branch                        0
b.xu.x_u26.bg1#branch                        0
b.xu.x_u23.bg1#branch                        0
b.xu.x_u22.bg1#branch                        0
b.xu.x_u19.bg1#branch                        0
b.xu.x_u18.bg1#branch                        0
b.xu.x_u16.bgsw+#branch                      0
b.xu.x_u12.bgvo-#branch                      0
b.xu.x_u12.bgvo+#branch                      0
b.xu.x_u11.bgvo-#branch                      0
b.xu.x_u11.bgvo+#branch                      0
b.xu.x_u10.bgvo-#branch                      0
b.xu.x_u10.bgvo+#branch                      0
h.xu.x_h3.h_h3#branch                        0
v.xu.x_h3.vh_h3#branch             8.30415e-09
h.xu.x_h2.h_h2#branch                        0
v.xu.x_h2.vh_h2#branch             -8.4042e-09
h.xu.x_h1.h_h1#branch             -1.44013e-16
v.xu.x_h1.vh_h1#branch             1.44013e-07
e.xu.x_u4.e1#branch                8.68234e-19
e.xu.x_u37.e1#branch                         0
e.xu.x_u36.e1#branch                         0
e.xu.x_u1.e3#branch                   5.25e-12
e.xu.x_u1.e2#branch                          0
e.xu.x_u1.e1#branch                          0
e.xu.e_e3#branch                  -2.40021e-16
e.xu.e_e2#branch                             0
e.xu.e_e1#branch                   8.00027e-12
v.xu.v_v_orp#branch                          0
v.xu.v_v_orn#branch                          0
v.xu.v_v_iscp#branch                 -6.89e-11
v.xu.v_v_iscn#branch                  6.89e-11
v.xu.v_v_grp#branch                  -2.65e-10
v.xu.v_v_grn#branch                   2.65e-10
v.xu.v_vcm_min#branch                 1.81e-11
v.xu.v_vcm_max#branch                -1.81e-11
vlink#branch                          5.01e-12
vin#branch                           -5.01e-12
vn#branch                                0.001
vp#branch                          -0.00100014
a.xu.x_u19.ag1#branch_1_0                    0
a.xu.x_u18.ag1#branch_1_0                    0


No. of Data Rows : 0
ngspice-47 done

Note: Starting dynamic gmin stepping
Note: Dynamic gmin stepping completed
doAnalyses: TRAN:  Timestep too small; time = 0.00017539, timestep = 6.25e-19: trouble with node "h.xu.x_h2.h_h2#branch"


tran simulation(s) aborted
Warning from checkvalid: vector out is not available or has zero length.
Error during 'write': no writable vector found.
