
Note: No compatibility mode selected!


Circuit: meridian research distortion

Doing analysis at TEMP = 25.000000 and TNOM = 27.000000

Using SPARSE 1.3 as Direct Linear Solver

Initial Transient Solution
--------------------------

Node                                   Voltage
----                                   -------
pressure                            0.00137528
mic_g                               0.00137528
pressure_r                          0.00137528
xenv.feed                                   48
xenv.xp                                38.6481
xenv.xn                                38.6481
p                                      38.6467
n                                      38.6467
pp                                           0
pn                                           0
cm                                           0
xcap.qf                               -2.69094
b                                      38.5015
f                                    0.0398369
xcap.cqf                              -2.69094
xcap.qr                               -2.69363
rear                                0.00137532
xcap.cqr                              -2.69363
rail                                   38.5092
xdut.dp                                19.2745
xdut.edrivep_int1                      19.2731
xdut.dn                                19.2361
xdut.edriven_int1                      19.2347
xdut.cp                                19.2745
xdut.cn                                19.2361
b.xdut.bedriven#branch                       0
b.xdut.bedrivep#branch                       0
b.xcap.bqr#branch                            0
b.xcap.bqf#branch                            0
v.xcap.vqr#branch                            0
v.xcap.vqf#branch                            0
e.xdut.edriven#branch             -5.43138e-17
e.xdut.edrivep#branch                        0
v.xenv.vcm#branch                            0
v.xenv.vphantom#branch             -0.00275056
vpr#branch                                   0
vp#branch                                    0


No. of Data Rows : 0
ngspice-47 done

doAnalyses: TRAN:  Timestep too small; time = 3.92536e-08, timestep = 4.88281e-18: trouble with node "pressure"


tran simulation(s) aborted
Warning from checkvalid: vector b is not available or has zero length.
Error during 'write': no writable vector found.
