
Note: No compatibility mode selected!


Circuit: meridian research startup

Doing analysis at TEMP = 25.000000 and TNOM = 27.000000

Using SPARSE 1.3 as Direct Linear Solver

Initial Transient Solution
--------------------------

Node                                   Voltage
----                                   -------
pressure                                     0
mic_g                                        0
pressure_r                                   0
xenv.feed                                    0
xenv.xp                                      0
xenv.xn                                      0
p                                            0
n                                            0
pp                                           0
pn                                           0
cm                                           0
f                                            0
b                                            0
xcap.cfront_int1                             0
rear                                         0
xcap.crear_int1                              0
rail                                         0
xdut.dp                                      0
xdut.edrivep_int1                            0
xdut.dn                                      0
xdut.edriven_int1                            0
xdut.cp                                      0
xdut.cn                                      0
b.xdut.bedriven#branch                       0
b.xdut.bedrivep#branch                       0
l.xcap.lcrear#branch                         0
l.xcap.lcfront#branch                        0
e.xdut.edriven#branch                        0
e.xdut.edrivep#branch                        0
v.xenv.vcm#branch                            0
v.xenv.vphantom#branch                       0
vpr#branch                                   0
vp#branch                                    0


No. of Data Rows : 5150
ASCII raw file "startup.raw"
ngspice-47 done

