Note: gnd in a subcircuit is not set to 0 automatically

Note: Compatibility modes selected: ps


Circuit: meridian research operating_point

Reducing trtol to 1 for xspice 'A' devices
Doing analysis at TEMP = 25.000000 and TNOM = 27.000000

Using SPARSE 1.3 as Direct Linear Solver

DC solution failed -

Last Node Voltages
------------------

Node                                   Last Voltage        Previous Iter
----                                   ------------        -------------
pressure                                       -nan                 -nan
pressure_r                                     -nan                 -nan
xenv.feed                                        48                   48
xenv.xp                                        -nan                 -nan
xenv.xn                                        -nan                 -nan
p                                              -nan                 -nan
n                                              -nan                 -nan
mic_g                                          -nan                 -nan
pp                                             -nan                 -nan
pn                                             -nan                 -nan
cm                                                0                    0
xcap.qf                                        -nan                 -nan
b                                              -nan                 -nan
f                                              -nan                 -nan
xcap.cqf                                       -nan                 -nan
xcap.qr                                        -nan                 -nan
rear                                           -nan                 -nan
xcap.cqr                                       -nan                 -nan
xdut.raw                                       -nan                 -nan
xdut.regbase                                   -nan                 -nan
xdut.qreg_t0                                   -nan                 -nan
xdut.qreg_t1                                   -nan                 -nan
rail                                           -nan                 -nan
xdut.qreg_t2                                   -nan                 -nan
xdut.xqreg.11                                  -nan                 -nan
xdut.mid                                       -nan                 -nan
xdut.pol_0                                     -nan                 -nan
xdut.pol_1                                     -nan                 -nan
xdut.pol_2                                     -nan                 -nan
xdut.pol_3                                     -nan                 -nan
xdut.pol_4                                     -nan                 -nan
xdut.pol_5                                     -nan                 -nan
xdut.pol_6                                     -nan                 -nan
xdut.pol_7                                     -nan                 -nan
xdut.pol_8                                     -nan                 -nan
xdut.pol                                       -nan                 -nan
xdut.set_div0                                  -nan                 -nan
xdut.set_div1                                  -nan                 -nan
xdut.set_div2                                  -nan                 -nan
xdut.set_div3                                  -nan                 -nan
xdut.set_div4                                  -nan                 -nan
xdut.set_div5                                  -nan                 -nan
xdut.set_div6                                  -nan                 -nan
xdut.set_div7                                  -nan                 -nan
xdut.setpoint                                  -nan                 -nan
xdut.source                                    -nan                 -nan
xdut.slow                                      -nan                 -nan
xdut.uservo_t0                                 -nan                 -nan
xdut.uservo_t1                                 -nan                 -nan
xdut.uservo_t2                                 -nan                 -nan
xdut.uservo_t3                                 -nan                 -nan
xdut.servo                                     -nan                 -nan
xdut.uservo_t4                                 -nan                 -nan
xdut.xuservo.n24458                            -nan                 -nan
xdut.xuservo.n24659                            -nan                 -nan
xdut.xuservo.n37029                            -nan                 -nan
xdut.xuservo.n37037                            -nan                 -nan
xdut.xuservo.n39124                            -nan                 -nan
xdut.xuservo.n39892                            -nan                 -nan
xdut.xuservo.n2425309                          -nan                 -nan
xdut.xuservo.n2425287                          -nan                 -nan
xdut.xuservo.n2425325                          -nan                 -nan
xdut.xuservo.mid                               -nan                 -nan
xdut.xuservo.n56849                            -nan                 -nan
xdut.xuservo.n57325                            -nan                 -nan
xdut.xuservo.n59747                            -nan                 -nan
xdut.xuservo.n59865                            -nan                 -nan
xdut.xuservo.n25921                            -nan                 -nan
xdut.xuservo.n25929                            -nan                 -nan
xdut.xuservo.n65579                            -nan                 -nan
xdut.xuservo.n65697                            -nan                 -nan
xdut.xuservo.n68774                            -nan                 -nan
xdut.xuservo.n72398                            -nan                 -nan
xdut.xuservo.n72391                            -nan                 -nan
xdut.xuservo.n81574                            -nan                 -nan
xdut.xuservo.n81664                            -nan                 -nan
xdut.xuservo.sw_ol_opax197                     -nan                 -nan
xdut.xuservo.vclp                              -nan                 -nan
xdut.xuservo.vimon                             -nan                 -nan
xdut.xuservo.n27785                            -nan                 -nan
xdut.xuservo.n27793                            -nan                 -nan
xdut.xuservo.vout_s                            -nan                 -nan
xdut.xuservo.n2402147                          -nan                 -nan
xdut.xuservo.n2402155                          -nan                 -nan
xdut.xuservo.n2419074                          -nan                 -nan
xdut.xuservo.n2525790                          -nan                 -nan
xdut.xuservo.n2526890                          -nan                 -nan
xdut.xuservo.n36262                            -nan                 -nan
xdut.xuservo.n32347                            -nan                 -nan
xdut.xuservo.clamp                             -nan                 -nan
xdut.xuservo.esdp                              -nan                 -nan
xdut.xuservo.esdn                              -nan                 -nan
xdut.xuservo.n158495                           -nan                 -nan
xdut.xuservo.cl_clamp                          -nan                 -nan
xdut.xuservo.n161937                           -nan                 -nan
xdut.xuservo.claw_clamp                        -nan                 -nan
xdut.xuservo.n45999                            -nan                 -nan
xdut.xuservo.vcc_b                             -nan                 -nan
xdut.xuservo.vee_b                             -nan                 -nan
xdut.xuservo.n25415                            -nan                 -nan
xdut.xuservo.n25397                            -nan                 -nan
xdut.xuservo.n25248                            -nan                 -nan
xdut.xuservo.vcc_clp                           -nan                 -nan
xdut.xuservo.vee_clp                           -nan                 -nan
xdut.xuservo.n1356345                          -nan                 -nan
xdut.xuservo.n1356333                          -nan                 -nan
xdut.xuservo.n1356409                          -nan                 -nan
xdut.xuservo.n1356429                          -nan                 -nan
xdut.xuservo.vsense                            -nan                 -nan
xdut.xuservo.n28678                            -nan                 -nan
xdut.xuservo.n28438                            -nan                 -nan
xdut.xuservo.n24207                            -nan                 -nan
xdut.xuservo.n31303                            -nan                 -nan
xdut.xuservo.n31389                            -nan                 -nan
xdut.xuservo.n31737                            -nan                 -nan
xdut.xuservo.n32236                            -nan                 -nan
xdut.xuservo.n32510                            -nan                 -nan
xdut.xuservo.n46041                            -nan                 -nan
xdut.xuservo.n55560                            -nan                 -nan
xdut.xuservo.n57321                            -nan                 -nan
xdut.xuservo.n59739                            -nan                 -nan
xdut.xuservo.n59743                            -nan                 -nan
xdut.xuservo.n59881                            -nan                 -nan
xdut.xuservo.n59905                            -nan                 -nan
xdut.xuservo.n65567                            -nan                 -nan
xdut.xuservo.n65575                            -nan                 -nan
xdut.xuservo.n65713                            -nan                 -nan
xdut.xuservo.n65737                            -nan                 -nan
xdut.xuservo.n72064                            -nan                 -nan
xdut.xuservo.n72073                            -nan                 -nan
xdut.xuservo.v11                               -nan                 -nan
xdut.xuservo.v12                               -nan                 -nan
xdut.xuservo.n81756                            -nan                 -nan
xdut.xuservo.n161737                           -nan                 -nan
xdut.xuservo.n1356115                          -nan                 -nan
xdut.xuservo.n1356061                          -nan                 -nan
xdut.xuservo.x_u1.7                            -nan                 -nan
xdut.xuservo.x_u1.8                            -nan                 -nan
xdut.xuservo.x_u1.3                            -nan                 -nan
xdut.xuservo.x_u1.6                            -nan                 -nan
xdut.xuservo.x_u1.4                            -nan                 -nan
xdut.xuservo.x_u1.5                               0                    0
xdut.xuservo.x_u10.gvo+_int1                   -nan                 -nan
xdut.xuservo.x_u10.gvo-_int1                   -nan                 -nan
xdut.xuservo.x_u11.gvo+_int1                   -nan                 -nan
xdut.xuservo.x_u11.gvo-_int1                   -nan                 -nan
xdut.xuservo.x_u12.gvo+_int1                   -nan                 -nan
xdut.xuservo.x_u12.gvo-_int1                   -nan                 -nan
xdut.xuservo.x_u16.gsw+_int1                   -nan                 -nan
xdut.xuservo.x_u18.g1_int1                     -nan                 -nan
xdut.xuservo.x_u18.g1_int2                     -nan                 -nan
xdut.xuservo.x_u19.g1_int1                     -nan                 -nan
xdut.xuservo.x_u19.g1_int2                     -nan                 -nan
xdut.xuservo.x_u22.g1_int1                     -nan                 -nan
xdut.xuservo.x_u23.g1_int1                     -nan                 -nan
xdut.xuservo.x_u26.g1_int1                     -nan                 -nan
xdut.xuservo.x_u27.g1_int1                     -nan                 -nan
xdut.xuservo.x_u30.g1_int1                     -nan                 -nan
xdut.xuservo.x_u31.g1_int1                     -nan                 -nan
xdut.xuservo.x_u32.g1_int1                     -nan                 -nan
xdut.xuservo.x_u35.g1_int1                     -nan                 -nan
xdut.xuservo.x_u36.3                              0                    0
xdut.xuservo.x_u36.5                              0                    0
xdut.xuservo.x_u37.3                              0                    0
xdut.xuservo.x_u37.5                              0                    0
xdut.xuservo.x_u4.e1_int1                 1.612e-05            1.612e-05
xdut.xuservo.x_u6.g1_int1                      -nan                 -nan
xdut.jinput_t0                                 -nan                 -nan
xdut.jinput_t1                                  nan                  nan
xdut.jinput_t2                                 -nan                 -nan
xdut.jinput_t3                                 -nan                 -nan
xdut.jinput_t4                                 -nan                 -nan
xdut.signal                                    -nan                 -nan
xdut.uoutp_t0                                  -nan                 -nan
xdut.outp                                      -nan                 -nan
xdut.uoutp_t1                                  -nan                 -nan
xdut.uoutp_t2                                  -nan                 -nan
xdut.uoutp_t3                                  -nan                 -nan
xdut.uoutp_t4                                  -nan                 -nan
xdut.xuoutp.n24458                             -nan                 -nan
xdut.xuoutp.n24659                             -nan                 -nan
xdut.xuoutp.n37029                             -nan                 -nan
xdut.xuoutp.n37037                             -nan                 -nan
xdut.xuoutp.n39124                             -nan                 -nan
xdut.xuoutp.n39892                             -nan                 -nan
xdut.xuoutp.n2425309                           -nan                 -nan
xdut.xuoutp.n2425287                           -nan                 -nan
xdut.xuoutp.n2425325                           -nan                 -nan
xdut.xuoutp.mid                                -nan                 -nan
xdut.xuoutp.n56849                             -nan                 -nan
xdut.xuoutp.n57325                             -nan                 -nan
xdut.xuoutp.n59747                             -nan                 -nan
xdut.xuoutp.n59865                             -nan                 -nan
xdut.xuoutp.n25921                             -nan                 -nan
xdut.xuoutp.n25929                             -nan                 -nan
xdut.xuoutp.n65579                             -nan                 -nan
xdut.xuoutp.n65697                             -nan                 -nan
xdut.xuoutp.n68774                             -nan                 -nan
xdut.xuoutp.n72398                             -nan                 -nan
xdut.xuoutp.n72391                             -nan                 -nan
xdut.xuoutp.n81574                             -nan                 -nan
xdut.xuoutp.n81664                             -nan                 -nan
xdut.xuoutp.sw_ol_opax197                      -nan                 -nan
xdut.xuoutp.vclp                               -nan                 -nan
xdut.xuoutp.vimon                              -nan                 -nan
xdut.xuoutp.n27785                             -nan                 -nan
xdut.xuoutp.n27793                             -nan                 -nan
xdut.xuoutp.vout_s                             -nan                 -nan
xdut.xuoutp.n2402147                           -nan                 -nan
xdut.xuoutp.n2402155                           -nan                 -nan
xdut.xuoutp.n2419074                           -nan                 -nan
xdut.xuoutp.n2525790                           -nan                 -nan
xdut.xuoutp.n2526890                           -nan                 -nan
xdut.xuoutp.n36262                             -nan                 -nan
xdut.xuoutp.n32347                             -nan                 -nan
xdut.xuoutp.clamp                              -nan                 -nan
xdut.xuoutp.esdp                               -nan                 -nan
xdut.xuoutp.esdn                               -nan                 -nan
xdut.xuoutp.n158495                            -nan                 -nan
xdut.xuoutp.cl_clamp                           -nan                 -nan
xdut.xuoutp.n161937                            -nan                 -nan
xdut.xuoutp.claw_clamp                         -nan                 -nan
xdut.xuoutp.n45999                             -nan                 -nan
xdut.xuoutp.vcc_b                              -nan                 -nan
xdut.xuoutp.vee_b                              -nan                 -nan
xdut.xuoutp.n25415                             -nan                 -nan
xdut.xuoutp.n25397                             -nan                 -nan
xdut.xuoutp.n25248                             -nan                 -nan
xdut.xuoutp.vcc_clp                            -nan                 -nan
xdut.xuoutp.vee_clp                            -nan                 -nan
xdut.xuoutp.n1356345                           -nan                 -nan
xdut.xuoutp.n1356333                           -nan                 -nan
xdut.xuoutp.n1356409                           -nan                 -nan
xdut.xuoutp.n1356429                           -nan                 -nan
xdut.xuoutp.vsense                             -nan                 -nan
xdut.xuoutp.n28678                             -nan                 -nan
xdut.xuoutp.n28438                             -nan                 -nan
xdut.xuoutp.n24207                             -nan                 -nan
xdut.xuoutp.n31303                             -nan                 -nan
xdut.xuoutp.n31389                             -nan                 -nan
xdut.xuoutp.n31737                             -nan                 -nan
xdut.xuoutp.n32236                             -nan                 -nan
xdut.xuoutp.n32510                             -nan                 -nan
xdut.xuoutp.n46041                             -nan                 -nan
xdut.xuoutp.n55560                             -nan                 -nan
xdut.xuoutp.n57321                             -nan                 -nan
xdut.xuoutp.n59739                             -nan                 -nan
xdut.xuoutp.n59743                             -nan                 -nan
xdut.xuoutp.n59881                             -nan                 -nan
xdut.xuoutp.n59905                             -nan                 -nan
xdut.xuoutp.n65567                             -nan                 -nan
xdut.xuoutp.n65575                             -nan                 -nan
xdut.xuoutp.n65713                             -nan                 -nan
xdut.xuoutp.n65737                             -nan                 -nan
xdut.xuoutp.n72064                             -nan                 -nan
xdut.xuoutp.n72073                             -nan                 -nan
xdut.xuoutp.v11                                -nan                 -nan
xdut.xuoutp.v12                                -nan                 -nan
xdut.xuoutp.n81756                             -nan                 -nan
xdut.xuoutp.n161737                            -nan                 -nan
xdut.xuoutp.n1356115                           -nan                 -nan
xdut.xuoutp.n1356061                           -nan                 -nan
xdut.xuoutp.x_u1.7                             -nan                 -nan
xdut.xuoutp.x_u1.8                             -nan                 -nan
xdut.xuoutp.x_u1.3                             -nan                 -nan
xdut.xuoutp.x_u1.6                             -nan                 -nan
xdut.xuoutp.x_u1.4                             -nan                 -nan
xdut.xuoutp.x_u1.5                                0                    0
xdut.xuoutp.x_u10.gvo+_int1                    -nan                 -nan
xdut.xuoutp.x_u10.gvo-_int1                    -nan                 -nan
xdut.xuoutp.x_u11.gvo+_int1                    -nan                 -nan
xdut.xuoutp.x_u11.gvo-_int1                    -nan                 -nan
xdut.xuoutp.x_u12.gvo+_int1                    -nan                 -nan
xdut.xuoutp.x_u12.gvo-_int1                    -nan                 -nan
xdut.xuoutp.x_u16.gsw+_int1                    -nan                 -nan
xdut.xuoutp.x_u18.g1_int1                      -nan                 -nan
xdut.xuoutp.x_u18.g1_int2                      -nan                 -nan
xdut.xuoutp.x_u19.g1_int1                      -nan                 -nan
xdut.xuoutp.x_u19.g1_int2                      -nan                 -nan
xdut.xuoutp.x_u22.g1_int1                      -nan                 -nan
xdut.xuoutp.x_u23.g1_int1                      -nan                 -nan
xdut.xuoutp.x_u26.g1_int1                      -nan                 -nan
xdut.xuoutp.x_u27.g1_int1                      -nan                 -nan
xdut.xuoutp.x_u30.g1_int1                      -nan                 -nan
xdut.xuoutp.x_u31.g1_int1                      -nan                 -nan
xdut.xuoutp.x_u32.g1_int1                      -nan                 -nan
xdut.xuoutp.x_u35.g1_int1                      -nan                 -nan
xdut.xuoutp.x_u36.3                               0                    0
xdut.xuoutp.x_u36.5                               0                    0
xdut.xuoutp.x_u37.3                               0                    0
xdut.xuoutp.x_u37.5                               0                    0
xdut.xuoutp.x_u4.e1_int1                  1.612e-05            1.612e-05
xdut.xuoutp.x_u6.g1_int1                       -nan                 -nan
xdut.inv                                       -nan                 -nan
xdut.outn                                      -nan                 -nan
xdut.uoutn_t0                                  -nan                 -nan
xdut.uoutn_t1                                  -nan                 -nan
xdut.uoutn_t2                                  -nan                 -nan
xdut.uoutn_t3                                  -nan                 -nan
xdut.uoutn_t4                                  -nan                 -nan
xdut.xuoutn.n24458                             -nan                 -nan
xdut.xuoutn.n24659                             -nan                 -nan
xdut.xuoutn.n37029                             -nan                 -nan
xdut.xuoutn.n37037                             -nan                 -nan
xdut.xuoutn.n39124                             -nan                 -nan
xdut.xuoutn.n39892                             -nan                 -nan
xdut.xuoutn.n2425309                           -nan                 -nan
xdut.xuoutn.n2425287                           -nan                 -nan
xdut.xuoutn.n2425325                           -nan                 -nan
xdut.xuoutn.mid                                -nan                 -nan
xdut.xuoutn.n56849                             -nan                 -nan
xdut.xuoutn.n57325                             -nan                 -nan
xdut.xuoutn.n59747                             -nan                 -nan
xdut.xuoutn.n59865                             -nan                 -nan
xdut.xuoutn.n25921                             -nan                 -nan
xdut.xuoutn.n25929                             -nan                 -nan
xdut.xuoutn.n65579                             -nan                 -nan
xdut.xuoutn.n65697                             -nan                 -nan
xdut.xuoutn.n68774                             -nan                 -nan
xdut.xuoutn.n72398                             -nan                 -nan
xdut.xuoutn.n72391                             -nan                 -nan
xdut.xuoutn.n81574                             -nan                 -nan
xdut.xuoutn.n81664                             -nan                 -nan
xdut.xuoutn.sw_ol_opax197                      -nan                 -nan
xdut.xuoutn.vclp                               -nan                 -nan
xdut.xuoutn.vimon                              -nan                 -nan
xdut.xuoutn.n27785                             -nan                 -nan
xdut.xuoutn.n27793                             -nan                 -nan
xdut.xuoutn.vout_s                             -nan                 -nan
xdut.xuoutn.n2402147                           -nan                 -nan
xdut.xuoutn.n2402155                           -nan                 -nan
xdut.xuoutn.n2419074                           -nan                 -nan
xdut.xuoutn.n2525790                           -nan                 -nan
xdut.xuoutn.n2526890                           -nan                 -nan
xdut.xuoutn.n36262                             -nan                 -nan
xdut.xuoutn.n32347                             -nan                 -nan
xdut.xuoutn.clamp                              -nan                 -nan
xdut.xuoutn.esdp                               -nan                 -nan
xdut.xuoutn.esdn                               -nan                 -nan
xdut.xuoutn.n158495                            -nan                 -nan
xdut.xuoutn.cl_clamp                           -nan                 -nan
xdut.xuoutn.n161937                            -nan                 -nan
xdut.xuoutn.claw_clamp                         -nan                 -nan
xdut.xuoutn.n45999                             -nan                 -nan
xdut.xuoutn.vcc_b                              -nan                 -nan
xdut.xuoutn.vee_b                              -nan                 -nan
xdut.xuoutn.n25415                             -nan                 -nan
xdut.xuoutn.n25397                             -nan                 -nan
xdut.xuoutn.n25248                             -nan                 -nan
xdut.xuoutn.vcc_clp                            -nan                 -nan
xdut.xuoutn.vee_clp                            -nan                 -nan
xdut.xuoutn.n1356345                           -nan                 -nan
xdut.xuoutn.n1356333                           -nan                 -nan
xdut.xuoutn.n1356409                           -nan                 -nan
xdut.xuoutn.n1356429                           -nan                 -nan
xdut.xuoutn.vsense                             -nan                 -nan
xdut.xuoutn.n28678                             -nan                 -nan
xdut.xuoutn.n28438                             -nan                 -nan
xdut.xuoutn.n24207                             -nan                 -nan
xdut.xuoutn.n31303                             -nan                 -nan
xdut.xuoutn.n31389                             -nan                 -nan
xdut.xuoutn.n31737                             -nan                 -nan
xdut.xuoutn.n32236                             -nan                 -nan
xdut.xuoutn.n32510                             -nan                 -nan
xdut.xuoutn.n46041                             -nan                 -nan
xdut.xuoutn.n55560                             -nan                 -nan
xdut.xuoutn.n57321                             -nan                 -nan
xdut.xuoutn.n59739                             -nan                 -nan
xdut.xuoutn.n59743                             -nan                 -nan
xdut.xuoutn.n59881                             -nan                 -nan
xdut.xuoutn.n59905                             -nan                 -nan
xdut.xuoutn.n65567                             -nan                 -nan
xdut.xuoutn.n65575                             -nan                 -nan
xdut.xuoutn.n65713                             -nan                 -nan
xdut.xuoutn.n65737                             -nan                 -nan
xdut.xuoutn.n72064                             -nan                 -nan
xdut.xuoutn.n72073                             -nan                 -nan
xdut.xuoutn.v11                                -nan                 -nan
xdut.xuoutn.v12                                -nan                 -nan
xdut.xuoutn.n81756                             -nan                 -nan
xdut.xuoutn.n161737                            -nan                 -nan
xdut.xuoutn.n1356115                           -nan                 -nan
xdut.xuoutn.n1356061                           -nan                 -nan
xdut.xuoutn.x_u1.7                             -nan                 -nan
xdut.xuoutn.x_u1.8                             -nan                 -nan
xdut.xuoutn.x_u1.3                             -nan                 -nan
xdut.xuoutn.x_u1.6                             -nan                 -nan
xdut.xuoutn.x_u1.4                             -nan                 -nan
xdut.xuoutn.x_u1.5                                0                    0
xdut.xuoutn.x_u10.gvo+_int1                    -nan                 -nan
xdut.xuoutn.x_u10.gvo-_int1                    -nan                 -nan
xdut.xuoutn.x_u11.gvo+_int1                    -nan                 -nan
xdut.xuoutn.x_u11.gvo-_int1                    -nan                 -nan
xdut.xuoutn.x_u12.gvo+_int1                    -nan                 -nan
xdut.xuoutn.x_u12.gvo-_int1                    -nan                 -nan
xdut.xuoutn.x_u16.gsw+_int1                    -nan                 -nan
xdut.xuoutn.x_u18.g1_int1                      -nan                 -nan
xdut.xuoutn.x_u18.g1_int2                      -nan                 -nan
xdut.xuoutn.x_u19.g1_int1                      -nan                 -nan
xdut.xuoutn.x_u19.g1_int2                      -nan                 -nan
xdut.xuoutn.x_u22.g1_int1                      -nan                 -nan
xdut.xuoutn.x_u23.g1_int1                      -nan                 -nan
xdut.xuoutn.x_u26.g1_int1                      -nan                 -nan
xdut.xuoutn.x_u27.g1_int1                      -nan                 -nan
xdut.xuoutn.x_u30.g1_int1                      -nan                 -nan
xdut.xuoutn.x_u31.g1_int1                      -nan                 -nan
xdut.xuoutn.x_u32.g1_int1                      -nan                 -nan
xdut.xuoutn.x_u35.g1_int1                      -nan                 -nan
xdut.xuoutn.x_u36.3                               0                    0
xdut.xuoutn.x_u36.5                               0                    0
xdut.xuoutn.x_u37.3                               0                    0
xdut.xuoutn.x_u37.5                               0                    0
xdut.xuoutn.x_u4.e1_int1                  1.612e-05            1.612e-05
xdut.xuoutn.x_u6.g1_int1                       -nan                 -nan
xdut.cp                                        -nan                 -nan
xdut.cn                                        -nan                 -nan
b.xdut.xuoutn.x_u6.bg1#branch                     0                    0
b.xdut.xuoutn.x_u4.be1#branch                     0                    0
b.xdut.xuoutn.x_u35.bg1#branch                    0                    0
b.xdut.xuoutn.x_u32.bg1#branch                    0                    0
b.xdut.xuoutn.x_u31.bg1#branch                    0                    0
b.xdut.xuoutn.x_u30.bg1#branch                    0                    0
b.xdut.xuoutn.x_u27.bg1#branch                    0                    0
b.xdut.xuoutn.x_u26.bg1#branch                    0                    0
b.xdut.xuoutn.x_u23.bg1#branch                    0                    0
b.xdut.xuoutn.x_u22.bg1#branch                    0                    0
b.xdut.xuoutn.x_u19.bg1#branch                    0                    0
b.xdut.xuoutn.x_u18.bg1#branch                    0                    0
b.xdut.xuoutn.x_u16.bgsw+#branch                    0                    0
b.xdut.xuoutn.x_u12.bgvo-#branch                    0                    0
b.xdut.xuoutn.x_u12.bgvo+#branch                    0                    0
b.xdut.xuoutn.x_u11.bgvo-#branch                    0                    0
b.xdut.xuoutn.x_u11.bgvo+#branch                    0                    0
b.xdut.xuoutn.x_u10.bgvo-#branch                    0                    0
b.xdut.xuoutn.x_u10.bgvo+#branch                    0                    0
b.xdut.xuoutp.x_u6.bg1#branch                     0                    0
b.xdut.xuoutp.x_u4.be1#branch                     0                    0
b.xdut.xuoutp.x_u35.bg1#branch                    0                    0
b.xdut.xuoutp.x_u32.bg1#branch                    0                    0
b.xdut.xuoutp.x_u31.bg1#branch                    0                    0
b.xdut.xuoutp.x_u30.bg1#branch                    0                    0
b.xdut.xuoutp.x_u27.bg1#branch                    0                    0
b.xdut.xuoutp.x_u26.bg1#branch                    0                    0
b.xdut.xuoutp.x_u23.bg1#branch                    0                    0
b.xdut.xuoutp.x_u22.bg1#branch                    0                    0
b.xdut.xuoutp.x_u19.bg1#branch                    0                    0
b.xdut.xuoutp.x_u18.bg1#branch                    0                    0
b.xdut.xuoutp.x_u16.bgsw+#branch                    0                    0
b.xdut.xuoutp.x_u12.bgvo-#branch                    0                    0
b.xdut.xuoutp.x_u12.bgvo+#branch                    0                    0
b.xdut.xuoutp.x_u11.bgvo-#branch                    0                    0
b.xdut.xuoutp.x_u11.bgvo+#branch                    0                    0
b.xdut.xuoutp.x_u10.bgvo-#branch                    0                    0
b.xdut.xuoutp.x_u10.bgvo+#branch                    0                    0
b.xdut.xuservo.x_u6.bg1#branch                    0                    0
b.xdut.xuservo.x_u4.be1#branch                    0                    0
b.xdut.xuservo.x_u35.bg1#branch                    0                    0
b.xdut.xuservo.x_u32.bg1#branch                    0                    0
b.xdut.xuservo.x_u31.bg1#branch                    0                    0
b.xdut.xuservo.x_u30.bg1#branch                    0                    0
b.xdut.xuservo.x_u27.bg1#branch                    0                    0
b.xdut.xuservo.x_u26.bg1#branch                    0                    0
b.xdut.xuservo.x_u23.bg1#branch                    0                    0
b.xdut.xuservo.x_u22.bg1#branch                    0                    0
b.xdut.xuservo.x_u19.bg1#branch                    0                    0
b.xdut.xuservo.x_u18.bg1#branch                    0                    0
b.xdut.xuservo.x_u16.bgsw+#branch                    0                    0
b.xdut.xuservo.x_u12.bgvo-#branch                    0                    0
b.xdut.xuservo.x_u12.bgvo+#branch                    0                    0
b.xdut.xuservo.x_u11.bgvo-#branch                    0                    0
b.xdut.xuservo.x_u11.bgvo+#branch                    0                    0
b.xdut.xuservo.x_u10.bgvo-#branch                    0                    0
b.xdut.xuservo.x_u10.bgvo+#branch                    0                    0
b.xcap.bqr#branch                              -nan                 -nan
b.xcap.bqf#branch                              -nan                 -nan
v.xcap.vqr#branch                              -nan                 -nan
v.xcap.vqf#branch                              -nan                 -nan
h.xdut.xuoutn.x_h3.h_h3#branch                 -nan                 -nan
v.xdut.xuoutn.x_h3.vh_h3#branch                 -nan                 -nan
h.xdut.xuoutn.x_h2.h_h2#branch                 -nan                 -nan
v.xdut.xuoutn.x_h2.vh_h2#branch                 -nan                 -nan
h.xdut.xuoutn.x_h1.h_h1#branch                 -nan                 -nan
v.xdut.xuoutn.x_h1.vh_h1#branch                 -nan                 -nan
h.xdut.xuoutp.x_h3.h_h3#branch                 -nan                 -nan
v.xdut.xuoutp.x_h3.vh_h3#branch                 -nan                 -nan
h.xdut.xuoutp.x_h2.h_h2#branch                 -nan                 -nan
v.xdut.xuoutp.x_h2.vh_h2#branch                 -nan                 -nan
h.xdut.xuoutp.x_h1.h_h1#branch                 -nan                 -nan
v.xdut.xuoutp.x_h1.vh_h1#branch                 -nan                 -nan
h.xdut.xuservo.x_h3.h_h3#branch                 -nan                 -nan
v.xdut.xuservo.x_h3.vh_h3#branch                 -nan                 -nan
h.xdut.xuservo.x_h2.h_h2#branch                 -nan                 -nan
v.xdut.xuservo.x_h2.vh_h2#branch                 -nan                 -nan
h.xdut.xuservo.x_h1.h_h1#branch                 -nan                 -nan
v.xdut.xuservo.x_h1.vh_h1#branch                 -nan                 -nan
e.xdut.xuoutn.x_u4.e1#branch                   -nan                 -nan
e.xdut.xuoutn.x_u37.e1#branch                     0                    0
e.xdut.xuoutn.x_u36.e1#branch                     0                    0
e.xdut.xuoutn.x_u1.e3#branch                   -nan                 -nan
e.xdut.xuoutn.x_u1.e2#branch                   -nan                 -nan
e.xdut.xuoutn.x_u1.e1#branch                   -nan                 -nan
e.xdut.xuoutn.e_e3#branch                      -nan                 -nan
e.xdut.xuoutn.e_e2#branch                      -nan                 -nan
e.xdut.xuoutn.e_e1#branch                      -nan                 -nan
e.xdut.xuoutp.x_u4.e1#branch                   -nan                 -nan
e.xdut.xuoutp.x_u37.e1#branch                     0                    0
e.xdut.xuoutp.x_u36.e1#branch                     0                    0
e.xdut.xuoutp.x_u1.e3#branch                   -nan                 -nan
e.xdut.xuoutp.x_u1.e2#branch                   -nan                 -nan
e.xdut.xuoutp.x_u1.e1#branch                   -nan                 -nan
e.xdut.xuoutp.e_e3#branch                      -nan                 -nan
e.xdut.xuoutp.e_e2#branch                      -nan                 -nan
e.xdut.xuoutp.e_e1#branch                      -nan                 -nan
e.xdut.xuservo.x_u4.e1#branch                  -nan                 -nan
e.xdut.xuservo.x_u37.e1#branch                    0                    0
e.xdut.xuservo.x_u36.e1#branch                    0                    0
e.xdut.xuservo.x_u1.e3#branch                  -nan                 -nan
e.xdut.xuservo.x_u1.e2#branch                  -nan                 -nan
e.xdut.xuservo.x_u1.e1#branch                  -nan                 -nan
e.xdut.xuservo.e_e3#branch                     -nan                 -nan
e.xdut.xuservo.e_e2#branch                     -nan                 -nan
e.xdut.xuservo.e_e1#branch                     -nan                 -nan
v.xdut.xuoutn.v_v_orp#branch                      0                    0
v.xdut.xuoutn.v_v_orn#branch                      0                    0
v.xdut.xuoutn.v_v_iscp#branch                  -nan                 -nan
v.xdut.xuoutn.v_v_iscn#branch                  -nan                 -nan
v.xdut.xuoutn.v_v_grp#branch                   -nan                 -nan
v.xdut.xuoutn.v_v_grn#branch                   -nan                 -nan
v.xdut.xuoutn.v_vcm_min#branch                 -nan                 -nan
v.xdut.xuoutn.v_vcm_max#branch                 -nan                 -nan
v.xdut.vuoutn_4#branch                         -nan                 -nan
v.xdut.vuoutn_3#branch                         -nan                 -nan
v.xdut.vuoutn_2#branch                         -nan                 -nan
v.xdut.vuoutn_1#branch                         -nan                 -nan
v.xdut.vuoutn_0#branch                         -nan                 -nan
v.xdut.xuoutp.v_v_orp#branch                      0                    0
v.xdut.xuoutp.v_v_orn#branch                      0                    0
v.xdut.xuoutp.v_v_iscp#branch                  -nan                 -nan
v.xdut.xuoutp.v_v_iscn#branch                  -nan                 -nan
v.xdut.xuoutp.v_v_grp#branch                   -nan                 -nan
v.xdut.xuoutp.v_v_grn#branch                   -nan                 -nan
v.xdut.xuoutp.v_vcm_min#branch                 -nan                 -nan
v.xdut.xuoutp.v_vcm_max#branch                 -nan                 -nan
v.xdut.vuoutp_4#branch                         -nan                 -nan
v.xdut.vuoutp_3#branch                         -nan                 -nan
v.xdut.vuoutp_2#branch                         -nan                 -nan
v.xdut.vuoutp_1#branch                         -nan                 -nan
v.xdut.vuoutp_0#branch                         -nan                 -nan
v.xdut.vjinput_4#branch                        -nan                 -nan
v.xdut.vjinput_3#branch                        -nan                 -nan
v.xdut.vjinput_2#branch                        -nan                 -nan
v.xdut.vjinput_1#branch                        -nan                 -nan
v.xdut.vjinput_0#branch                        -nan                 -nan
v.xdut.xuservo.v_v_orp#branch                     0                    0
v.xdut.xuservo.v_v_orn#branch                     0                    0
v.xdut.xuservo.v_v_iscp#branch                 -nan                 -nan
v.xdut.xuservo.v_v_iscn#branch                 -nan                 -nan
v.xdut.xuservo.v_v_grp#branch                  -nan                 -nan
v.xdut.xuservo.v_v_grn#branch                  -nan                 -nan
v.xdut.xuservo.v_vcm_min#branch                 -nan                 -nan
v.xdut.xuservo.v_vcm_max#branch                 -nan                 -nan
v.xdut.vuservo_4#branch                        -nan                 -nan
v.xdut.vuservo_3#branch                        -nan                 -nan
v.xdut.vuservo_2#branch                        -nan                 -nan
v.xdut.vuservo_1#branch                        -nan                 -nan
v.xdut.vuservo_0#branch                        -nan                 -nan
v.xdut.vqreg_2#branch                          -nan                 -nan
v.xdut.vqreg_1#branch                           nan                  nan
v.xdut.vqreg_0#branch                          -nan                 -nan
v.xenv.vcm#branch                              -nan                 -nan
v.xenv.vphantom#branch                         -nan                 -nan
vpr#branch                                        0                    0
vp#branch                                         0                    0
a.xdut.xuoutn.x_u19.ag1#branch_1_0                    0                    0
a.xdut.xuoutn.x_u18.ag1#branch_1_0                    0                    0
a.xdut.xuoutp.x_u19.ag1#branch_1_0                    0                    0
a.xdut.xuoutp.x_u18.ag1#branch_1_0                    0                    0
a.xdut.xuservo.x_u19.ag1#branch_1_0                    0                    0
a.xdut.xuservo.x_u18.ag1#branch_1_0                    0                    0

ngspice-47 done

Note: Starting dynamic gmin stepping
Warning: Dynamic gmin stepping failed
Note: Starting true gmin stepping
Warning: True gmin stepping failed
Note: Starting source stepping
Warning: source stepping failed
Note: Transient op started
Warning: singular matrix:  check nodes xdut.xuservo.n37037 and xdut.xuservo.cl_clamp

Warning: singular matrix:  check nodes xdut.xuoutn.n25929 and xdut.xuoutp.n27793

Warning: singular matrix:  check nodes xdut.xuservo.n39892 and e.xdut.xuoutn.e_e1#branch

Error: Transient op failed, timestep too small


Error: The operating point could not be simulated successfully.
    Any of the following steps may fail.!

doAnalyses: OP:  Timestep too small; trouble with xdut.xjinput:njfe150-instance j.xdut.xjinput.j_j1


op simulation(s) aborted
Warning from checkvalid: vector a.xdut.xuoutn.x_u18.ag1#branch_1_0 is not available or has zero length.
Error during 'write': no writable vector found.
