Note: gnd in a subcircuit is not set to 0 automatically

Note: Compatibility modes selected: ps


Circuit: meridian isolated jfe150_weak large_signal_1e-06

Reducing trtol to 1 for xspice 'A' devices
Doing analysis at TEMP = 25.000000 and TNOM = 27.000000

Using SPARSE 1.3 as Direct Linear Solver

Initial Transient Solution
--------------------------

Node                                   Voltage
----                                   -------
rail                                        12
d                                      7.83313
g                                     -0.60888
h                                           12
l                                           -5
vl#branch                          4.44485e-11
vh#branch                         -5.75515e-11
vg#branch                           1.7196e-11
vs#branch                          -0.00208343

 Reference value :  1.00008e-02
 Reference value :  1.64158e-02
No. of Data Rows : 13099
ASCII raw file "tran.raw"
ngspice-47 done

