
Note: No compatibility mode selected!


Circuit: meridian research startup

Doing analysis at TEMP = 25.000000 and TNOM = 27.000000

Using SPARSE 1.3 as Direct Linear Solver

Initial Transient Solution
--------------------------

Node                                   Voltage
----                                   -------
pressure                                     0
pressure_r                                   0
xenv.feed                                    0
xenv.xp                           -2.44309e-27
xenv.xn                           -2.44309e-27
p                                 -2.44345e-27
n                                 -2.44345e-27
mic_g                              3.59278e-31
pp                                           0
pn                                           0
cm                                           0
xcap.qf                            4.50701e-27
b                                 -3.23312e-27
f                                  6.11476e-26
xcap.cqf                           4.50701e-27
xcap.qr                            2.27002e-28
rear                               3.59275e-31
xcap.cqr                           2.27002e-28
xdut.raw                          -3.23387e-27
xdut.regbase                       1.24509e-28
xdut.qreg_t0                      -3.23387e-27
xdut.qreg_t1                       1.24509e-28
rail                              -6.54672e-27
xdut.qreg_t2                      -6.54672e-27
xdut.xqreg.11                     -3.23243e-27
xdut.mid                          -3.27318e-27
xdut.pol_0                         -3.2338e-27
xdut.pol_1                        -3.23373e-27
xdut.pol_2                        -3.23366e-27
xdut.pol_3                         -3.2336e-27
xdut.pol_4                        -3.23353e-27
xdut.pol_5                        -3.23346e-27
xdut.pol_6                        -3.23339e-27
xdut.pol_7                        -3.23332e-27
xdut.pol_8                        -3.23326e-27
xdut.pol                          -3.23319e-27
xdut.ref                           -2.7373e-27
xdut.outa                         -9.42922e-27
xdut.qinput_t0                    -9.42922e-27
xdut.qinput_t1                     6.11476e-26
xdut.e1                            9.99743e-27
xdut.qinput_t2                     9.99743e-27
xdut.xqinput.11                   -9.38093e-27
xdut.outb                         -8.29747e-27
xdut.qreference_t0                -8.29747e-27
xdut.qreference_t1                 -2.7373e-27
xdut.e2                            1.00382e-26
xdut.qreference_t2                 1.00382e-26
xdut.xqreference.11               -8.30558e-27
xdut.tail                          9.54081e-27
xdut.feedback_series               6.11476e-26
xdut.qoutp_t0                     -6.54672e-27
xdut.qoutp_t1                     -9.42922e-27
xdut.outp                         -3.12788e-27
xdut.qoutp_t2                     -3.12788e-27
xdut.xqoutp.11                    -6.57646e-27
xdut.qoutn_t0                     -6.54672e-27
xdut.qoutn_t1                     -8.29747e-27
xdut.outn                          6.77251e-27
xdut.qoutn_t2                      6.77251e-27
xdut.xqoutn.11                    -6.56443e-27
xdut.cp                           -3.12788e-27
xdut.cn                            6.77251e-27
xdut.cfeedbackseries_loss          6.11476e-26
b.xcap.bqr#branch                            0
b.xcap.bqf#branch                            0
v.xcap.vqr#branch                            0
v.xcap.vqf#branch                            0
v.xdut.vqoutn_2#branch            -6.77215e-31
v.xdut.vqoutn_1#branch            -4.29519e-31
v.xdut.vqoutn_0#branch             1.10673e-30
v.xdut.vqoutp_2#branch             3.12824e-31
v.xdut.vqoutp_1#branch            -1.68376e-31
v.xdut.vqoutp_0#branch            -1.44448e-31
v.xdut.vqreference_2#branch       -4.97418e-31
v.xdut.vqreference_1#branch       -1.07176e-31
v.xdut.vqreference_0#branch        6.04594e-31
v.xdut.vqinput_2#branch           -4.56626e-31
v.xdut.vqinput_1#branch           -1.41154e-31
v.xdut.vqinput_0#branch             5.9778e-31
v.xdut.vqreg_2#branch             -7.17316e-31
v.xdut.vqreg_1#branch             -3.48252e-32
v.xdut.vqreg_0#branch              7.52141e-31
v.xenv.vcm#branch                            0
v.xenv.vphantom#branch            -7.18557e-31
vpr#branch                                   0
vp#branch                                    0

 Reference value :  9.44803e-01
 Reference value :  4.99813e+00
No. of Data Rows : 5721
ASCII raw file "startup.raw"
ngspice-47 done

