
Note: No compatibility mode selected!


Circuit: meridian research carrier_control

Doing analysis at TEMP = 25.000000 and TNOM = 27.000000

Using SPARSE 1.3 as Direct Linear Solver

Initial Transient Solution
--------------------------

Node                                   Voltage
----                                   -------
pressure                                     0
pressure_r                                   0
xenv.feed                                   48
xenv.xp                                43.8035
xenv.xn                                43.8035
p                                      43.8029
n                                      43.8029
mic_g                              0.000617127
pp                                           0
pn                                           0
cm                                           0
xcap.qf                               -2.04365
b                                      42.3862
f                                      13.1824
xcap.cqf                              -2.04365
xcap.qr                               -2.04365
rear                                   13.1824
xcap.cqr                              -2.04365
xdut.raw                               42.4452
xdut.regbase                           21.1038
xdut.qreg_t0                           42.4452
xdut.qreg_t1                           21.1038
rail                                    20.465
xdut.qreg_t2                            20.465
xdut.xqreg.11                             42.4
xdut.mid                               10.2328
xdut.pol_0                             42.4393
xdut.pol_1                             42.4334
xdut.pol_2                             42.4275
xdut.pol_3                             42.4216
xdut.pol_4                             42.4157
xdut.pol_5                             42.4098
xdut.pol_6                             42.4039
xdut.pol_7                              42.398
xdut.pol_8                             42.3921
xdut.pol                               42.3862
xdut.excite                            42.3862
xdut.anti                              42.3862
xdut.cbridgef_loss                     13.1824
xdut.cbridger_loss                     13.1824
xdut.demod                             10.2328
xdut.rearbuf                           13.1824
xdut.frontbuf                          13.1824
xdut.lp1                               10.2328
xdut.audio                             10.2328
xdut.outp                              10.2328
xdut.cp                                10.2328
xdut.outn                              10.2328
xdut.cn                                10.2328
xdut.eoutn_int1                        10.2322
b.xdut.beoutn#branch                         0
b.xdut.bdemod#branch              -1.62137e-18
b.xdut.banti#branch               -5.84076e-09
b.xdut.bcarrier#branch             6.77626e-21
b.xcap.bqr#branch                            0
b.xcap.bqf#branch                            0
v.xcap.vqr#branch                            0
v.xcap.vqf#branch                            0
e.xdut.eoutn#branch                4.33681e-19
e.xdut.eoutp#branch                          0
e.xdut.erear#branch                          0
e.xdut.efront#branch                         0
v.xdut.vqreg_2#branch              -0.00102322
v.xdut.vqreg_1#branch              2.38284e-06
v.xdut.vqreg_0#branch               0.00102083
v.xenv.vcm#branch                            0
v.xenv.vphantom#branch             -0.00123425
vpr#branch                                   0
vp#branch                                    0

 Reference value :  2.00000e-02
 Reference value :  2.02302e-02
 Reference value :  2.04410e-02
 Reference value :  2.06497e-02
 Reference value :  2.08583e-02
 Reference value :  2.10845e-02
 Reference value :  2.12865e-02
 Reference value :  2.14743e-02
 Reference value :  2.16647e-02
 Reference value :  2.18729e-02
 Reference value :  2.20946e-02
 Reference value :  2.22844e-02
 Reference value :  2.24757e-02
 Reference value :  2.26664e-02
 Reference value :  2.28706e-02
 Reference value :  2.30804e-02
 Reference value :  2.33006e-02
 Reference value :  2.35160e-02
 Reference value :  2.37266e-02
 Reference value :  2.39409e-02
 Reference value :  2.41681e-02
 Reference value :  2.43943e-02
 Reference value :  2.46109e-02
 Reference value :  2.48191e-02
 Reference value :  2.50434e-02
 Reference value :  2.52544e-02
 Reference value :  2.54512e-02
 Reference value :  2.56642e-02
 Reference value :  2.58834e-02
 Reference value :  2.60700e-02
 Reference value :  2.62832e-02
 Reference value :  2.64836e-02
 Reference value :  2.67183e-02
 Reference value :  2.69624e-02
 Reference value :  2.71848e-02
 Reference value :  2.73787e-02
 Reference value :  2.75562e-02
 Reference value :  2.77765e-02
 Reference value :  2.79528e-02
 Reference value :  2.81471e-02
 Reference value :  2.83752e-02
 Reference value :  2.85979e-02
 Reference value :  2.87972e-02
 Reference value :  2.90094e-02
 Reference value :  2.92067e-02
 Reference value :  2.94027e-02
 Reference value :  2.95957e-02
 Reference value :  2.98201e-02
No. of Data Rows : 141915
ASCII raw file "carrier.raw"
ngspice-47 done

