
Note: No compatibility mode selected!


Circuit: meridian research startup

Doing analysis at TEMP = 25.000000 and TNOM = 27.000000

Using SPARSE 1.3 as Direct Linear Solver

Initial Transient Solution
--------------------------

Node                                   Voltage
----                                   -------
pressure                                     0
pressure_r                                   0
xenv.feed                                    0
xenv.xp                            6.24904e-28
xenv.xn                            6.24904e-28
p                                  6.24996e-28
n                                  6.24996e-28
mic_g                             -9.18977e-32
pp                                           0
pn                                           0
cm                                           0
xcap.qf                            1.66335e-27
b                                  8.27423e-28
f                                  2.45908e-26
xcap.cqf                           1.66335e-27
xcap.qr                           -5.80182e-29
rear                              -9.18968e-32
xcap.cqr                          -5.80182e-29
xdut.raw                           8.27171e-28
xdut.regbase                      -2.40043e-27
xdut.qreg_t0                       8.27171e-28
xdut.qreg_t1                      -2.40043e-27
rail                              -7.27569e-27
xdut.qreg_t2                      -7.27569e-27
xdut.xqreg.11                      8.26217e-28
xdut.mid                          -3.63789e-27
xdut.pol_0                         8.27194e-28
xdut.pol_1                         8.27217e-28
xdut.pol_2                          8.2724e-28
xdut.pol_3                         8.27263e-28
xdut.pol_4                         8.27286e-28
xdut.pol_5                         8.27308e-28
xdut.pol_6                         8.27331e-28
xdut.pol_7                         8.27354e-28
xdut.pol_8                         8.27377e-28
xdut.pol                             8.274e-28
xdut.ref                          -3.50724e-27
xdut.outa                         -7.46296e-27
xdut.qinput_t0                    -7.46296e-27
xdut.qinput_t1                     2.45908e-26
xdut.e1                            9.17696e-27
xdut.qinput_t2                     9.17696e-27
xdut.xqinput.11                   -7.46078e-27
xdut.outb                         -1.91499e-26
xdut.qreference_t0                -1.91499e-26
xdut.qreference_t1                -3.50724e-27
xdut.e2                            1.01351e-26
xdut.qreference_t2                 1.01351e-26
xdut.xqreference.11                -1.9183e-26
xdut.tail                          9.19621e-27
xdut.qoutp_t0                     -7.27569e-27
xdut.qoutp_t1                     -7.46296e-27
xdut.outp                          2.92893e-27
xdut.qoutp_t2                      2.92893e-27
xdut.xqoutp.11                    -7.28737e-27
xdut.qoutn_t0                     -7.27569e-27
xdut.qoutn_t1                     -1.91499e-26
xdut.outn                         -6.57839e-27
xdut.qoutn_t2                     -6.57839e-27
xdut.xqoutn.11                    -7.24314e-27
xdut.cp                            2.92893e-27
xdut.cn                           -6.57839e-27
b.xcap.bqr#branch                            0
b.xcap.bqf#branch                            0
v.xcap.vqr#branch                            0
v.xcap.vqf#branch                            0
v.xdut.vqoutn_2#branch              6.5783e-31
v.xdut.vqoutn_1#branch             2.22408e-31
v.xdut.vqoutn_0#branch            -8.80239e-31
v.xdut.vqoutp_2#branch            -2.92902e-31
v.xdut.vqoutp_1#branch             3.79774e-32
v.xdut.vqoutp_0#branch             2.54925e-31
v.xdut.vqreference_2#branch       -9.38881e-31
v.xdut.vqreference_1#branch       -2.61302e-32
v.xdut.vqreference_0#branch        9.65011e-31
v.xdut.vqinput_2#branch            1.92499e-32
v.xdut.vqinput_1#branch           -3.20538e-32
v.xdut.vqinput_0#branch            1.28039e-32
v.xdut.vqreg_2#branch              1.59792e-31
v.xdut.vqreg_1#branch              5.62793e-32
v.xdut.vqreg_0#branch             -2.16071e-31
v.xenv.vcm#branch                            0
v.xenv.vphantom#branch             1.83795e-31
vpr#branch                                   0
vp#branch                                    0

 Reference value :  1.01894e+00
No. of Data Rows : 5735
ASCII raw file "startup.raw"
ngspice-47 done

