
Note: No compatibility mode selected!


Circuit: meridian research distortion

Doing analysis at TEMP = 25.000000 and TNOM = 27.000000

Using SPARSE 1.3 as Direct Linear Solver

Initial Transient Solution
--------------------------

Node                                   Voltage
----                                   -------
pressure                                     0
pressure_r                                   0
xenv.feed                                   48
xenv.xp                                38.6481
xenv.xn                                38.6481
p                                      38.6467
n                                      38.6467
mic_g                               0.00137528
pp                                           0
pn                                           0
cm                                           0
xcap.qf                               -2.65077
b                                      38.5073
f                                     0.619603
xcap.cqf                              -2.65077
xcap.qr                               -2.69404
rear                                0.00137532
xcap.cqr                              -2.69404
rail                                   38.5092
xdut.dp                                19.5644
xdut.edrivep_int1                       19.563
xdut.dn                                18.9462
xdut.edriven_int1                      18.9448
xdut.cp                                19.5644
xdut.cn                                18.9462
b.xdut.bedriven#branch                       0
b.xdut.bedrivep#branch                       0
b.xcap.bqr#branch                            0
b.xcap.bqf#branch                            0
v.xcap.vqr#branch                            0
v.xcap.vqf#branch                            0
e.xdut.edriven#branch             -1.90045e-17
e.xdut.edrivep#branch                        0
v.xenv.vcm#branch                            0
v.xenv.vphantom#branch             -0.00275056
vpr#branch                                   0
vp#branch                                    0

 Reference value :  5.00023e-01
 Reference value :  8.20756e-01
No. of Data Rows : 10689
ASCII raw file "tran.raw"
ngspice-47 done

