Note: gnd in a subcircuit is not set to 0 automatically

Note: Compatibility modes selected: ps


Circuit: meridian research startup

Reducing trtol to 1 for xspice 'A' devices
Doing analysis at TEMP = 25.000000 and TNOM = 27.000000

Using SPARSE 1.3 as Direct Linear Solver

Initial Transient Solution
--------------------------

Node                                   Voltage
----                                   -------
pressure                                     0
pressure_r                                   0
xenv.feed                                    0
xenv.xp                            3.74794e-28
xenv.xn                            3.74794e-28
p                                  3.74849e-28
n                                  3.74849e-28
mic_g                             -5.51167e-32
pp                                           0
pn                                           0
cm                                           0
xcap.qf                            5.18329e-21
b                                  8.15004e-25
f                                  7.40478e-20
xcap.cqf                           5.18329e-21
xcap.qr                           -5.70503e-26
rear                              -5.43017e-32
xcap.cqr                          -5.70503e-26
xdut.raw                           4.96106e-28
xdut.regbase                      -1.58203e-27
xdut.qreg_t0                       4.96106e-28
xdut.qreg_t1                      -1.58203e-27
rail                               -1.5033e-25
xdut.qreg_t2                       -1.5033e-25
xdut.xqreg.11                      4.91787e-28
xdut.mid                          -7.53725e-26
xdut.pol_0                         7.45423e-26
xdut.pol_1                         1.48588e-25
xdut.pol_2                         2.22635e-25
xdut.pol_3                         2.96681e-25
xdut.pol_4                         3.70727e-25
xdut.pol_5                         4.44773e-25
xdut.pol_6                         5.18819e-25
xdut.pol_7                         5.92866e-25
xdut.pol_8                         6.66912e-25
xdut.pol                           7.40958e-25
xdut.gate_div0                     7.23708e-26
xdut.gate_div1                     2.95071e-25
xdut.gatebias                      5.17772e-25
xdut.jinput_t0                     -1.5033e-25
xdut.jinput_t1                     7.40478e-20
xdut.source                       -1.44387e-25
xdut.jinput_t2                    -1.44387e-25
xdut.jinput_t3                     -1.5033e-25
xdut.jinput_t4                    -5.51167e-32
xdut.signal                       -1.16874e-25
xdut.outp                          -1.9834e-27
xdut.cp                            -1.9834e-27
xdut.outn                         -3.32233e-27
xdut.cn                           -3.32233e-27
xdut.qoutp_t0                      -1.5033e-25
xdut.qoutp_t1                     -1.16874e-25
xdut.qoutp_t2                      -1.9834e-27
xdut.xqoutp.11                    -1.50323e-25
xdut.inverse                       -1.4791e-25
xdut.qinvert_t0                    -1.4791e-25
xdut.qinvert_t1                   -1.16874e-25
xdut.ie                           -1.98341e-27
xdut.qinvert_t2                   -1.98341e-27
xdut.xqinvert.11                  -1.47903e-25
xdut.qoutn_t0                      -1.5033e-25
xdut.qoutn_t1                      -1.4791e-25
xdut.qoutn_t2                     -3.32233e-27
xdut.xqoutn.11                    -1.50316e-25
xdut.coutp0_loss                   3.74849e-28
xdut.coutp1_loss                   3.74849e-28
xdut.coutn0_loss                   3.74849e-28
xdut.coutn1_loss                   3.74849e-28
b.xcap.bqr#branch                            0
b.xcap.bqf#branch                            0
v.xcap.vqr#branch                            0
v.xcap.vqf#branch                            0
v.xdut.vqoutn_2#branch             3.32228e-31
v.xdut.vqoutn_1#branch            -2.29419e-32
v.xdut.vqoutn_0#branch            -3.09286e-31
v.xdut.vqinvert_2#branch           1.98335e-31
v.xdut.vqinvert_1#branch            2.0751e-32
v.xdut.vqinvert_0#branch          -2.19086e-31
v.xdut.vqoutp_2#branch             1.98335e-31
v.xdut.vqoutp_1#branch             2.07508e-32
v.xdut.vqoutp_0#branch            -2.19086e-31
v.xdut.vjinput_4#branch           -1.48095e-31
v.xdut.vjinput_3#branch           -1.48096e-31
v.xdut.vjinput_2#branch            4.37536e-29
v.xdut.vjinput_1#branch           -7.41213e-29
v.xdut.vjinput_0#branch            3.06639e-29
v.xdut.vqreg_2#branch              2.03675e-32
v.xdut.vqreg_1#branch              3.66012e-32
v.xdut.vqreg_0#branch             -5.69686e-32
v.xenv.vcm#branch                            0
v.xenv.vphantom#branch             1.10233e-31
vpr#branch                                   0
vp#branch                                    0

 Reference value :  8.16042e-01
 Reference value :  1.76432e+00
No. of Data Rows : 6503
ASCII raw file "startup.raw"
ngspice-47 done

