Note: gnd in a subcircuit is not set to 0 automatically

Note: Compatibility modes selected: ps


Circuit: meridian research startup

Reducing trtol to 1 for xspice 'A' devices
Doing analysis at TEMP = 25.000000 and TNOM = 27.000000

Using SPARSE 1.3 as Direct Linear Solver

Initial Transient Solution
--------------------------

Node                                   Voltage
----                                   -------
pressure                                     0
pressure_r                                   0
xenv.feed                                    0
xenv.xp                            2.16868e-27
xenv.xn                            2.16868e-27
p                                    2.169e-27
n                                    2.169e-27
mic_g                             -3.18923e-31
pp                                           0
pn                                           0
cm                                           0
xcap.qf                            4.99878e-21
b                                  7.88385e-25
f                                   7.1412e-20
xcap.cqf                           4.99878e-21
xcap.qr                           -5.51873e-26
rear                              -3.18135e-31
xcap.cqr                          -5.51873e-26
xdut.raw                           2.87063e-27
xdut.regbase                        2.4321e-27
xdut.qreg_t0                       2.87063e-27
xdut.qreg_t1                        2.4321e-27
rail                               -1.6797e-27
xdut.qreg_t2                       -1.6797e-27
xdut.xqreg.11                      2.88915e-27
xdut.mid                          -7.62157e-28
xdut.pol_0                          7.4281e-26
xdut.pol_1                         1.45691e-25
xdut.pol_2                         2.17102e-25
xdut.pol_3                         2.88512e-25
xdut.pol_4                         3.59923e-25
xdut.pol_5                         4.31333e-25
xdut.pol_6                         5.02743e-25
xdut.pol_7                         5.74154e-25
xdut.pol_8                         6.45564e-25
xdut.pol                           7.16975e-25
xdut.servo                          7.1288e-24
xdut.jinput_t0                     -1.6797e-27
xdut.jinput_t1                      7.1412e-20
xdut.source                       -1.67177e-27
xdut.jinput_t2                    -1.67177e-27
xdut.jinput_t3                     -1.6797e-27
xdut.jinput_t4                    -3.18923e-31
xdut.signal                        1.48088e-26
xdut.outp                          2.00937e-27
xdut.cp                            2.00937e-27
xdut.outn                           2.4214e-27
xdut.cn                             2.4214e-27
xdut.set_div0                     -1.54733e-27
xdut.set_div1                     -1.41495e-27
xdut.set_div2                     -1.28258e-27
xdut.set_div3                     -1.15021e-27
xdut.set_div4                     -1.01783e-27
xdut.set_div5                     -8.85458e-28
xdut.set_div6                     -7.53084e-28
xdut.set_div7                      -6.2071e-28
xdut.set_div8                     -4.88336e-28
xdut.set_div9                     -3.55962e-28
xdut.set_div10                    -2.23588e-28
xdut.set_div11                    -9.12135e-29
xdut.set_div12                     4.11607e-29
xdut.set_div13                     1.73535e-28
xdut.setpoint                      3.05909e-28
xdut.sense_div0                   -1.97028e-27
xdut.sense_div1                    -2.2688e-27
xdut.slow                         -2.56731e-27
xdut.qservoerror_t0                 7.1288e-24
xdut.qservoerror_t1               -2.56731e-27
xdut.se                            2.93257e-28
xdut.qservoerror_t2                2.93257e-28
xdut.xqservoerror.11                7.1288e-24
xdut.qservoref_t0                  -1.6797e-27
xdut.qservoref_t1                  3.05909e-28
xdut.qservoref_t2                  2.93257e-28
xdut.xqservoref.11                -1.68164e-27
xdut.qoutp_t0                      -1.6797e-27
xdut.qoutp_t1                      1.48088e-26
xdut.qoutp_t2                      2.00937e-27
xdut.xqoutp.11                    -1.68505e-27
xdut.inverse                      -4.10167e-27
xdut.qinvert_t0                   -4.10167e-27
xdut.qinvert_t1                    1.48088e-26
xdut.ie                            2.00937e-27
xdut.qinvert_t2                    2.00937e-27
xdut.xqinvert.11                  -4.10702e-27
xdut.qoutn_t0                      -1.6797e-27
xdut.qoutn_t1                     -4.10167e-27
xdut.qoutn_t2                       2.4214e-27
xdut.xqoutn.11                    -1.68895e-27
xdut.coutp0_loss                     2.169e-27
xdut.coutp1_loss                     2.169e-27
xdut.coutp2_loss                     2.169e-27
xdut.coutn0_loss                     2.169e-27
xdut.coutn1_loss                     2.169e-27
xdut.coutn2_loss                     2.169e-27
b.xcap.bqr#branch                            0
b.xcap.bqf#branch                            0
v.xcap.vqr#branch                            0
v.xcap.vqf#branch                            0
v.xdut.vqoutn_2#branch            -2.42172e-31
v.xdut.vqoutn_1#branch             3.34431e-32
v.xdut.vqoutn_0#branch             2.08729e-31
v.xdut.vqinvert_2#branch          -2.00969e-31
v.xdut.vqinvert_1#branch          -7.78546e-33
v.xdut.vqinvert_0#branch           2.08754e-31
v.xdut.vqoutp_2#branch            -2.00969e-31
v.xdut.vqoutp_1#branch            -7.78546e-33
v.xdut.vqoutp_0#branch             2.08754e-31
v.xdut.vqservoref_2#branch        -1.64918e-31
v.xdut.vqservoref_1#branch        -4.38602e-32
v.xdut.vqservoref_0#branch         2.08778e-31
v.xdut.vqservoerror_2#branch      -1.28659e-31
v.xdut.vqservoerror_1#branch        2.8655e-32
v.xdut.vqservoerror_0#branch       1.00004e-31
v.xdut.vjinput_4#branch           -1.42824e-31
v.xdut.vjinput_3#branch           -1.42824e-31
v.xdut.vjinput_2#branch            1.66846e-30
v.xdut.vjinput_1#branch           -7.14763e-29
v.xdut.vjinput_0#branch            7.00934e-29
v.xdut.vqreg_2#branch               5.9076e-31
v.xdut.vqreg_1#branch             -1.99389e-32
v.xdut.vqreg_0#branch             -5.70821e-31
v.xenv.vcm#branch                            0
v.xenv.vphantom#branch             6.37846e-31
vpr#branch                                   0
vp#branch                                    0

 Reference value :  3.34999e-01
 Reference value :  7.98374e-01
 Reference value :  1.39525e+00
 Reference value :  2.63977e+00
No. of Data Rows : 6273
ASCII raw file "startup.raw"
ngspice-47 done

