Note: gnd in a subcircuit is not set to 0 automatically

Note: Compatibility modes selected: ps


Circuit: meridian research startup

Reducing trtol to 1 for xspice 'A' devices
Doing analysis at TEMP = 25.000000 and TNOM = 27.000000

Using SPARSE 1.3 as Direct Linear Solver

Initial Transient Solution
--------------------------

Node                                   Voltage
----                                   -------
pressure                                     0
pressure_r                                   0
xenv.feed                                    0
xenv.xp                            3.63929e-28
xenv.xn                            3.63929e-28
p                                  3.63983e-28
n                                  3.63983e-28
mic_g                              -5.3519e-32
pp                                           0
pn                                           0
cm                                           0
xcap.qf                            4.95458e-21
b                                   7.7905e-25
f                                  7.07805e-20
xcap.cqf                           4.95458e-21
xcap.qr                           -5.45336e-26
rear                              -5.27399e-32
xcap.cqr                          -5.45336e-26
xdut.raw                           4.81725e-28
xdut.regbase                      -1.58922e-27
xdut.qreg_t0                       4.81725e-28
xdut.qreg_t1                      -1.58922e-27
rail                               -1.4377e-25
xdut.qreg_t2                       -1.4377e-25
xdut.xqreg.11                      4.77406e-28
xdut.mid                          -7.20923e-26
xdut.pol_0                         7.12607e-26
xdut.pol_1                          1.4204e-25
xdut.pol_2                         2.12819e-25
xdut.pol_3                         2.83598e-25
xdut.pol_4                         3.54376e-25
xdut.pol_5                         4.25155e-25
xdut.pol_6                         4.95934e-25
xdut.pol_7                         5.66713e-25
xdut.pol_8                         6.37492e-25
xdut.pol                           7.08271e-25
xdut.gate_div0                     6.91229e-26
xdut.gate_div1                     2.82015e-25
xdut.gatebias                      4.94908e-25
xdut.jinput_t0                     -1.4377e-25
xdut.jinput_t1                     7.07805e-20
xdut.source                       -1.37892e-25
xdut.jinput_t2                    -1.37892e-25
xdut.jinput_t3                     -1.4377e-25
xdut.jinput_t4                     -5.3519e-32
xdut.signal                       -1.13594e-25
xdut.outp                          -1.9834e-27
xdut.cp                            -1.9834e-27
xdut.outn                         -3.32233e-27
xdut.cn                           -3.32233e-27
xdut.qoutp_t0                      -1.4377e-25
xdut.qoutp_t1                     -1.13594e-25
xdut.qoutp_t2                      -1.9834e-27
xdut.xqoutp.11                    -1.43762e-25
xdut.inverse                      -1.41349e-25
xdut.qinvert_t0                   -1.41349e-25
xdut.qinvert_t1                   -1.13594e-25
xdut.ie                           -1.98341e-27
xdut.qinvert_t2                   -1.98341e-27
xdut.xqinvert.11                  -1.41342e-25
xdut.qoutn_t0                      -1.4377e-25
xdut.qoutn_t1                     -1.41349e-25
xdut.qoutn_t2                     -3.32233e-27
xdut.xqoutn.11                    -1.43756e-25
xdut.coutp0_loss                   3.63983e-28
xdut.coutp1_loss                   3.63983e-28
xdut.coutp2_loss                   3.63983e-28
xdut.coutn0_loss                   3.63983e-28
xdut.coutn1_loss                   3.63983e-28
xdut.coutn2_loss                   3.63983e-28
b.xcap.bqr#branch                            0
b.xcap.bqf#branch                            0
v.xcap.vqr#branch                            0
v.xcap.vqf#branch                            0
v.xdut.vqoutn_2#branch             3.32228e-31
v.xdut.vqoutn_1#branch            -2.29419e-32
v.xdut.vqoutn_0#branch            -3.09286e-31
v.xdut.vqinvert_2#branch           1.98335e-31
v.xdut.vqinvert_1#branch            2.0751e-32
v.xdut.vqinvert_0#branch          -2.19086e-31
v.xdut.vqoutp_2#branch             1.98335e-31
v.xdut.vqoutp_1#branch             2.07508e-32
v.xdut.vqoutp_0#branch            -2.19086e-31
v.xdut.vjinput_4#branch            -1.4156e-31
v.xdut.vjinput_3#branch           -1.41561e-31
v.xdut.vjinput_2#branch            4.17854e-29
v.xdut.vjinput_1#branch           -7.08508e-29
v.xdut.vjinput_0#branch            2.93486e-29
v.xdut.vqreg_2#branch              2.03674e-32
v.xdut.vqreg_1#branch              3.66012e-32
v.xdut.vqreg_0#branch             -5.69686e-32
v.xenv.vcm#branch                            0
v.xenv.vphantom#branch             1.07038e-31
vpr#branch                                   0
vp#branch                                    0

 Reference value :  8.38202e-01
 Reference value :  2.01220e+00
 Reference value :  4.33466e+00
No. of Data Rows : 6437
ASCII raw file "startup.raw"
ngspice-47 done

