
Note: No compatibility mode selected!


Circuit: meridian research op_ac

Doing analysis at TEMP = 25.000000 and TNOM = 27.000000

Using SPARSE 1.3 as Direct Linear Solver

No. of Data Rows : 1
ASCII raw file "op.raw"
Doing analysis at TEMP = 25.000000 and TNOM = 27.000000

Using SPARSE 1.3 as Direct Linear Solver

No. of Data Rows : 225
ASCII raw file "ac.raw"
ngspice-47 done

Error opening code model ""/home/leobareth/Dokumente/Audiotech/meridian/lab/tools/ngspice/usr/lib/ngspice/analog.cm"": No such file or directory!
Error: Library "/home/leobareth/Dokumente/Audiotech/meridian/lab/tools/ngspice/usr/lib/ngspice/analog.cm" couldn't be loaded!
Error opening code model ""/home/leobareth/Dokumente/Audiotech/meridian/lab/tools/ngspice/usr/lib/ngspice/digital.cm"": No such file or directory!
Error: Library "/home/leobareth/Dokumente/Audiotech/meridian/lab/tools/ngspice/usr/lib/ngspice/digital.cm" couldn't be loaded!
Error opening code model ""/home/leobareth/Dokumente/Audiotech/meridian/lab/tools/ngspice/usr/lib/ngspice/spice2poly.cm"": No such file or directory!
Error: Library "/home/leobareth/Dokumente/Audiotech/meridian/lab/tools/ngspice/usr/lib/ngspice/spice2poly.cm" couldn't be loaded!
Error opening code model ""/home/leobareth/Dokumente/Audiotech/meridian/lab/tools/ngspice/usr/lib/ngspice/table.cm"": No such file or directory!
Error: Library "/home/leobareth/Dokumente/Audiotech/meridian/lab/tools/ngspice/usr/lib/ngspice/table.cm" couldn't be loaded!
Error opening code model ""/home/leobareth/Dokumente/Audiotech/meridian/lab/tools/ngspice/usr/lib/ngspice/tlines.cm"": No such file or directory!
Error: Library "/home/leobareth/Dokumente/Audiotech/meridian/lab/tools/ngspice/usr/lib/ngspice/tlines.cm" couldn't be loaded!
Error opening code model ""/home/leobareth/Dokumente/Audiotech/meridian/lab/tools/ngspice/usr/lib/ngspice/xtradev.cm"": No such file or directory!
Error: Library "/home/leobareth/Dokumente/Audiotech/meridian/lab/tools/ngspice/usr/lib/ngspice/xtradev.cm" couldn't be loaded!
Error opening code model ""/home/leobareth/Dokumente/Audiotech/meridian/lab/tools/ngspice/usr/lib/ngspice/xtraevt.cm"": No such file or directory!
Error: Library "/home/leobareth/Dokumente/Audiotech/meridian/lab/tools/ngspice/usr/lib/ngspice/xtraevt.cm" couldn't be loaded!
Warning: code models like "/home/leobareth/Dokumente/Audiotech/meridian/lab/tools/ngspice/usr/lib/ngspice/xtraevt.cm" have not been loaded successfully.
    Any of the following steps may fail, if code models are involved!.

