Note: gnd in a subcircuit is not set to 0 automatically

Note: Compatibility modes selected: ps


Circuit: meridian research operating_point

Reducing trtol to 1 for xspice 'A' devices
Doing analysis at TEMP = 25.000000 and TNOM = 27.000000

Using SPARSE 1.3 as Direct Linear Solver

DC solution failed -

Last Node Voltages
------------------

Node                                   Last Voltage        Previous Iter
----                                   ------------        -------------
pressure                                          0                    0
pressure_r                                        0                    0
xenv.feed                                        48                   48
xenv.xp                                        -nan                 -nan
xenv.xn                                        -nan                 -nan
p                                              -nan                 -nan
n                                              -nan                 -nan
mic_g                                          -nan                 -nan
pp                                             -nan                 -nan
pn                                             -nan                 -nan
cm                                                0                    0
xcap.qf                                        -nan                 -nan
b                                              -nan                 -nan
f                                              -nan                 -nan
xcap.cqf                                       -nan                 -nan
xcap.qr                                        -nan                 -nan
rear                                           -nan                 -nan
xcap.cqr                                       -nan                 -nan
xdut.raw                                       -nan                 -nan
xdut.regbase                                   -nan                 -nan
xdut.qreg_t0                                   -nan                 -nan
xdut.qreg_t1                                   -nan                 -nan
rail                                           -nan                 -nan
xdut.qreg_t2                                   -nan                 -nan
xdut.xqreg.11                                  -nan                 -nan
xdut.mid                                       -nan                 -nan
xdut.pol_0                                     -nan                 -nan
xdut.pol_1                                     -nan                 -nan
xdut.pol_2                                     -nan                 -nan
xdut.pol_3                                     -nan                 -nan
xdut.pol_4                                     -nan                 -nan
xdut.pol_5                                     -nan                 -nan
xdut.pol_6                                     -nan                 -nan
xdut.pol_7                                     -nan                 -nan
xdut.pol_8                                     -nan                 -nan
xdut.pol                                       -nan                 -nan
xdut.excite                                    -nan                 -nan
xdut.anti                                      -nan                 -nan
xdut.ufront_t0                                 -nan                 -nan
xdut.frontbuf                                  -nan                 -nan
xdut.ufront_t1                                 -nan                 -nan
xdut.ufront_t2                                 -nan                 -nan
xdut.ufront_t3                                 -nan                 -nan
xdut.ufront_t4                                 -nan                 -nan
xdut.xufront.n24458                            -nan                 -nan
xdut.xufront.n24659                            -nan                 -nan
xdut.xufront.n37029                            -nan                 -nan
xdut.xufront.n37037                            -nan                 -nan
xdut.xufront.n39124                            -nan                 -nan
xdut.xufront.n39892                            -nan                 -nan
xdut.xufront.n2425309                          -nan                 -nan
xdut.xufront.n2425287                          -nan                 -nan
xdut.xufront.n2425325                          -nan                 -nan
xdut.xufront.mid                               -nan                 -nan
xdut.xufront.n56849                            -nan                 -nan
xdut.xufront.n57325                            -nan                 -nan
xdut.xufront.n59747                            -nan                 -nan
xdut.xufront.n59865                            -nan                 -nan
xdut.xufront.n25921                            -nan                 -nan
xdut.xufront.n25929                            -nan                 -nan
xdut.xufront.n65579                            -nan                 -nan
xdut.xufront.n65697                            -nan                 -nan
xdut.xufront.n68774                            -nan                 -nan
xdut.xufront.n72398                            -nan                 -nan
xdut.xufront.n72391                            -nan                 -nan
xdut.xufront.n81574                            -nan                 -nan
xdut.xufront.n81664                            -nan                 -nan
xdut.xufront.sw_ol_opax197                     -nan                 -nan
xdut.xufront.vclp                              -nan                 -nan
xdut.xufront.vimon                             -nan                 -nan
xdut.xufront.n27785                            -nan                 -nan
xdut.xufront.n27793                            -nan                 -nan
xdut.xufront.vout_s                            -nan                 -nan
xdut.xufront.n2402147                          -nan                 -nan
xdut.xufront.n2402155                          -nan                 -nan
xdut.xufront.n2419074                          -nan                 -nan
xdut.xufront.n2525790                          -nan                 -nan
xdut.xufront.n2526890                          -nan                 -nan
xdut.xufront.n36262                            -nan                 -nan
xdut.xufront.n32347                            -nan                 -nan
xdut.xufront.clamp                             -nan                 -nan
xdut.xufront.esdp                              -nan                 -nan
xdut.xufront.esdn                              -nan                 -nan
xdut.xufront.n158495                           -nan                 -nan
xdut.xufront.cl_clamp                          -nan                 -nan
xdut.xufront.n161937                           -nan                 -nan
xdut.xufront.claw_clamp                        -nan                 -nan
xdut.xufront.n45999                            -nan                 -nan
xdut.xufront.vcc_b                             -nan                 -nan
xdut.xufront.vee_b                             -nan                 -nan
xdut.xufront.n25415                            -nan                 -nan
xdut.xufront.n25397                            -nan                 -nan
xdut.xufront.n25248                            -nan                 -nan
xdut.xufront.vcc_clp                           -nan                 -nan
xdut.xufront.vee_clp                           -nan                 -nan
xdut.xufront.n1356345                          -nan                 -nan
xdut.xufront.n1356333                          -nan                 -nan
xdut.xufront.n1356409                          -nan                 -nan
xdut.xufront.n1356429                          -nan                 -nan
xdut.xufront.vsense                            -nan                 -nan
xdut.xufront.n28678                            -nan                 -nan
xdut.xufront.n28438                            -nan                 -nan
xdut.xufront.n24207                            -nan                 -nan
xdut.xufront.n31303                            -nan                 -nan
xdut.xufront.n31389                            -nan                 -nan
xdut.xufront.n31737                            -nan                 -nan
xdut.xufront.n32236                            -nan                 -nan
xdut.xufront.n32510                            -nan                 -nan
xdut.xufront.n46041                            -nan                 -nan
xdut.xufront.n55560                            -nan                 -nan
xdut.xufront.n57321                            -nan                 -nan
xdut.xufront.n59739                            -nan                 -nan
xdut.xufront.n59743                            -nan                 -nan
xdut.xufront.n59881                            -nan                 -nan
xdut.xufront.n59905                            -nan                 -nan
xdut.xufront.n65567                            -nan                 -nan
xdut.xufront.n65575                            -nan                 -nan
xdut.xufront.n65713                            -nan                 -nan
xdut.xufront.n65737                            -nan                 -nan
xdut.xufront.n72064                            -nan                 -nan
xdut.xufront.n72073                            -nan                 -nan
xdut.xufront.v11                               -nan                 -nan
xdut.xufront.v12                               -nan                 -nan
xdut.xufront.n81756                            -nan                 -nan
xdut.xufront.n161737                           -nan                 -nan
xdut.xufront.n1356115                          -nan                 -nan
xdut.xufront.n1356061                          -nan                 -nan
xdut.xufront.x_u1.7                            -nan                 -nan
xdut.xufront.x_u1.8                            -nan                 -nan
xdut.xufront.x_u1.3                            -nan                 -nan
xdut.xufront.x_u1.6                            -nan                 -nan
xdut.xufront.x_u1.4                            -nan                 -nan
xdut.xufront.x_u1.5                               0                    0
xdut.xufront.x_u10.gvo+_int1                   -nan                 -nan
xdut.xufront.x_u10.gvo-_int1                   -nan                 -nan
xdut.xufront.x_u11.gvo+_int1                   -nan                 -nan
xdut.xufront.x_u11.gvo-_int1                   -nan                 -nan
xdut.xufront.x_u12.gvo+_int1                   -nan                 -nan
xdut.xufront.x_u12.gvo-_int1                   -nan                 -nan
xdut.xufront.x_u16.gsw+_int1                   -nan                 -nan
xdut.xufront.x_u18.g1_int1                     -nan                 -nan
xdut.xufront.x_u18.g1_int2                     -nan                 -nan
xdut.xufront.x_u19.g1_int1                     -nan                 -nan
xdut.xufront.x_u19.g1_int2                     -nan                 -nan
xdut.xufront.x_u22.g1_int1                     -nan                 -nan
xdut.xufront.x_u23.g1_int1                     -nan                 -nan
xdut.xufront.x_u26.g1_int1                     -nan                 -nan
xdut.xufront.x_u27.g1_int1                     -nan                 -nan
xdut.xufront.x_u30.g1_int1                     -nan                 -nan
xdut.xufront.x_u31.g1_int1                     -nan                 -nan
xdut.xufront.x_u32.g1_int1                     -nan                 -nan
xdut.xufront.x_u35.g1_int1                     -nan                 -nan
xdut.xufront.x_u36.3                              0                    0
xdut.xufront.x_u36.5                              0                    0
xdut.xufront.x_u37.3                              0                    0
xdut.xufront.x_u37.5                              0                    0
xdut.xufront.x_u4.e1_int1                 1.612e-05            1.612e-05
xdut.xufront.x_u6.g1_int1                      -nan                 -nan
xdut.urear_t0                                  -nan                 -nan
xdut.rearbuf                                   -nan                 -nan
xdut.urear_t1                                  -nan                 -nan
xdut.urear_t2                                  -nan                 -nan
xdut.urear_t3                                  -nan                 -nan
xdut.urear_t4                                  -nan                 -nan
xdut.xurear.n24458                             -nan                 -nan
xdut.xurear.n24659                             -nan                 -nan
xdut.xurear.n37029                             -nan                 -nan
xdut.xurear.n37037                             -nan                 -nan
xdut.xurear.n39124                             -nan                 -nan
xdut.xurear.n39892                             -nan                 -nan
xdut.xurear.n2425309                           -nan                 -nan
xdut.xurear.n2425287                           -nan                 -nan
xdut.xurear.n2425325                           -nan                 -nan
xdut.xurear.mid                                -nan                 -nan
xdut.xurear.n56849                             -nan                 -nan
xdut.xurear.n57325                             -nan                 -nan
xdut.xurear.n59747                             -nan                 -nan
xdut.xurear.n59865                             -nan                 -nan
xdut.xurear.n25921                             -nan                 -nan
xdut.xurear.n25929                             -nan                 -nan
xdut.xurear.n65579                             -nan                 -nan
xdut.xurear.n65697                             -nan                 -nan
xdut.xurear.n68774                             -nan                 -nan
xdut.xurear.n72398                             -nan                 -nan
xdut.xurear.n72391                             -nan                 -nan
xdut.xurear.n81574                             -nan                 -nan
xdut.xurear.n81664                             -nan                 -nan
xdut.xurear.sw_ol_opax197                      -nan                 -nan
xdut.xurear.vclp                               -nan                 -nan
xdut.xurear.vimon                              -nan                 -nan
xdut.xurear.n27785                             -nan                 -nan
xdut.xurear.n27793                             -nan                 -nan
xdut.xurear.vout_s                             -nan                 -nan
xdut.xurear.n2402147                           -nan                 -nan
xdut.xurear.n2402155                           -nan                 -nan
xdut.xurear.n2419074                           -nan                 -nan
xdut.xurear.n2525790                           -nan                 -nan
xdut.xurear.n2526890                           -nan                 -nan
xdut.xurear.n36262                             -nan                 -nan
xdut.xurear.n32347                             -nan                 -nan
xdut.xurear.clamp                              -nan                 -nan
xdut.xurear.esdp                               -nan                 -nan
xdut.xurear.esdn                               -nan                 -nan
xdut.xurear.n158495                            -nan                 -nan
xdut.xurear.cl_clamp                           -nan                 -nan
xdut.xurear.n161937                            -nan                 -nan
xdut.xurear.claw_clamp                         -nan                 -nan
xdut.xurear.n45999                             -nan                 -nan
xdut.xurear.vcc_b                              -nan                 -nan
xdut.xurear.vee_b                              -nan                 -nan
xdut.xurear.n25415                             -nan                 -nan
xdut.xurear.n25397                             -nan                 -nan
xdut.xurear.n25248                             -nan                 -nan
xdut.xurear.vcc_clp                            -nan                 -nan
xdut.xurear.vee_clp                            -nan                 -nan
xdut.xurear.n1356345                           -nan                 -nan
xdut.xurear.n1356333                           -nan                 -nan
xdut.xurear.n1356409                           -nan                 -nan
xdut.xurear.n1356429                           -nan                 -nan
xdut.xurear.vsense                             -nan                 -nan
xdut.xurear.n28678                             -nan                 -nan
xdut.xurear.n28438                             -nan                 -nan
xdut.xurear.n24207                             -nan                 -nan
xdut.xurear.n31303                             -nan                 -nan
xdut.xurear.n31389                             -nan                 -nan
xdut.xurear.n31737                             -nan                 -nan
xdut.xurear.n32236                             -nan                 -nan
xdut.xurear.n32510                             -nan                 -nan
xdut.xurear.n46041                             -nan                 -nan
xdut.xurear.n55560                             -nan                 -nan
xdut.xurear.n57321                             -nan                 -nan
xdut.xurear.n59739                             -nan                 -nan
xdut.xurear.n59743                             -nan                 -nan
xdut.xurear.n59881                             -nan                 -nan
xdut.xurear.n59905                             -nan                 -nan
xdut.xurear.n65567                             -nan                 -nan
xdut.xurear.n65575                             -nan                 -nan
xdut.xurear.n65713                             -nan                 -nan
xdut.xurear.n65737                             -nan                 -nan
xdut.xurear.n72064                             -nan                 -nan
xdut.xurear.n72073                             -nan                 -nan
xdut.xurear.v11                                -nan                 -nan
xdut.xurear.v12                                -nan                 -nan
xdut.xurear.n81756                             -nan                 -nan
xdut.xurear.n161737                            -nan                 -nan
xdut.xurear.n1356115                           -nan                 -nan
xdut.xurear.n1356061                           -nan                 -nan
xdut.xurear.x_u1.7                             -nan                 -nan
xdut.xurear.x_u1.8                             -nan                 -nan
xdut.xurear.x_u1.3                             -nan                 -nan
xdut.xurear.x_u1.6                             -nan                 -nan
xdut.xurear.x_u1.4                             -nan                 -nan
xdut.xurear.x_u1.5                                0                    0
xdut.xurear.x_u10.gvo+_int1                    -nan                 -nan
xdut.xurear.x_u10.gvo-_int1                    -nan                 -nan
xdut.xurear.x_u11.gvo+_int1                    -nan                 -nan
xdut.xurear.x_u11.gvo-_int1                    -nan                 -nan
xdut.xurear.x_u12.gvo+_int1                    -nan                 -nan
xdut.xurear.x_u12.gvo-_int1                    -nan                 -nan
xdut.xurear.x_u16.gsw+_int1                    -nan                 -nan
xdut.xurear.x_u18.g1_int1                      -nan                 -nan
xdut.xurear.x_u18.g1_int2                      -nan                 -nan
xdut.xurear.x_u19.g1_int1                      -nan                 -nan
xdut.xurear.x_u19.g1_int2                      -nan                 -nan
xdut.xurear.x_u22.g1_int1                      -nan                 -nan
xdut.xurear.x_u23.g1_int1                      -nan                 -nan
xdut.xurear.x_u26.g1_int1                      -nan                 -nan
xdut.xurear.x_u27.g1_int1                      -nan                 -nan
xdut.xurear.x_u30.g1_int1                      -nan                 -nan
xdut.xurear.x_u31.g1_int1                      -nan                 -nan
xdut.xurear.x_u32.g1_int1                      -nan                 -nan
xdut.xurear.x_u35.g1_int1                      -nan                 -nan
xdut.xurear.x_u36.3                               0                    0
xdut.xurear.x_u36.5                               0                    0
xdut.xurear.x_u37.3                               0                    0
xdut.xurear.x_u37.5                               0                    0
xdut.xurear.x_u4.e1_int1                  1.612e-05            1.612e-05
xdut.xurear.x_u6.g1_int1                       -nan                 -nan
xdut.demod                                     -nan                 -nan
xdut.lp1                                       -nan                 -nan
xdut.audio                                     -nan                 -nan
xdut.uoutp_t0                                  -nan                 -nan
xdut.outp                                      -nan                 -nan
xdut.uoutp_t1                                  -nan                 -nan
xdut.uoutp_t2                                  -nan                 -nan
xdut.uoutp_t3                                  -nan                 -nan
xdut.uoutp_t4                                  -nan                 -nan
xdut.xuoutp.n24458                             -nan                 -nan
xdut.xuoutp.n24659                             -nan                 -nan
xdut.xuoutp.n37029                             -nan                 -nan
xdut.xuoutp.n37037                             -nan                 -nan
xdut.xuoutp.n39124                             -nan                 -nan
xdut.xuoutp.n39892                             -nan                 -nan
xdut.xuoutp.n2425309                           -nan                 -nan
xdut.xuoutp.n2425287                           -nan                 -nan
xdut.xuoutp.n2425325                           -nan                 -nan
xdut.xuoutp.mid                                -nan                 -nan
xdut.xuoutp.n56849                             -nan                 -nan
xdut.xuoutp.n57325                             -nan                 -nan
xdut.xuoutp.n59747                             -nan                 -nan
xdut.xuoutp.n59865                             -nan                 -nan
xdut.xuoutp.n25921                             -nan                 -nan
xdut.xuoutp.n25929                             -nan                 -nan
xdut.xuoutp.n65579                             -nan                 -nan
xdut.xuoutp.n65697                             -nan                 -nan
xdut.xuoutp.n68774                             -nan                 -nan
xdut.xuoutp.n72398                             -nan                 -nan
xdut.xuoutp.n72391                             -nan                 -nan
xdut.xuoutp.n81574                             -nan                 -nan
xdut.xuoutp.n81664                             -nan                 -nan
xdut.xuoutp.sw_ol_opax197                      -nan                 -nan
xdut.xuoutp.vclp                               -nan                 -nan
xdut.xuoutp.vimon                              -nan                 -nan
xdut.xuoutp.n27785                             -nan                 -nan
xdut.xuoutp.n27793                             -nan                 -nan
xdut.xuoutp.vout_s                             -nan                 -nan
xdut.xuoutp.n2402147                           -nan                 -nan
xdut.xuoutp.n2402155                           -nan                 -nan
xdut.xuoutp.n2419074                           -nan                 -nan
xdut.xuoutp.n2525790                           -nan                 -nan
xdut.xuoutp.n2526890                           -nan                 -nan
xdut.xuoutp.n36262                             -nan                 -nan
xdut.xuoutp.n32347                             -nan                 -nan
xdut.xuoutp.clamp                              -nan                 -nan
xdut.xuoutp.esdp                               -nan                 -nan
xdut.xuoutp.esdn                               -nan                 -nan
xdut.xuoutp.n158495                            -nan                 -nan
xdut.xuoutp.cl_clamp                           -nan                 -nan
xdut.xuoutp.n161937                            -nan                 -nan
xdut.xuoutp.claw_clamp                         -nan                 -nan
xdut.xuoutp.n45999                             -nan                 -nan
xdut.xuoutp.vcc_b                              -nan                 -nan
xdut.xuoutp.vee_b                              -nan                 -nan
xdut.xuoutp.n25415                             -nan                 -nan
xdut.xuoutp.n25397                             -nan                 -nan
xdut.xuoutp.n25248                             -nan                 -nan
xdut.xuoutp.vcc_clp                            -nan                 -nan
xdut.xuoutp.vee_clp                            -nan                 -nan
xdut.xuoutp.n1356345                           -nan                 -nan
xdut.xuoutp.n1356333                           -nan                 -nan
xdut.xuoutp.n1356409                           -nan                 -nan
xdut.xuoutp.n1356429                           -nan                 -nan
xdut.xuoutp.vsense                             -nan                 -nan
xdut.xuoutp.n28678                             -nan                 -nan
xdut.xuoutp.n28438                             -nan                 -nan
xdut.xuoutp.n24207                             -nan                 -nan
xdut.xuoutp.n31303                             -nan                 -nan
xdut.xuoutp.n31389                             -nan                 -nan
xdut.xuoutp.n31737                             -nan                 -nan
xdut.xuoutp.n32236                             -nan                 -nan
xdut.xuoutp.n32510                             -nan                 -nan
xdut.xuoutp.n46041                             -nan                 -nan
xdut.xuoutp.n55560                             -nan                 -nan
xdut.xuoutp.n57321                             -nan                 -nan
xdut.xuoutp.n59739                             -nan                 -nan
xdut.xuoutp.n59743                             -nan                 -nan
xdut.xuoutp.n59881                             -nan                 -nan
xdut.xuoutp.n59905                             -nan                 -nan
xdut.xuoutp.n65567                             -nan                 -nan
xdut.xuoutp.n65575                             -nan                 -nan
xdut.xuoutp.n65713                             -nan                 -nan
xdut.xuoutp.n65737                             -nan                 -nan
xdut.xuoutp.n72064                             -nan                 -nan
xdut.xuoutp.n72073                             -nan                 -nan
xdut.xuoutp.v11                                -nan                 -nan
xdut.xuoutp.v12                                -nan                 -nan
xdut.xuoutp.n81756                             -nan                 -nan
xdut.xuoutp.n161737                            -nan                 -nan
xdut.xuoutp.n1356115                           -nan                 -nan
xdut.xuoutp.n1356061                           -nan                 -nan
xdut.xuoutp.x_u1.7                             -nan                 -nan
xdut.xuoutp.x_u1.8                             -nan                 -nan
xdut.xuoutp.x_u1.3                             -nan                 -nan
xdut.xuoutp.x_u1.6                             -nan                 -nan
xdut.xuoutp.x_u1.4                             -nan                 -nan
xdut.xuoutp.x_u1.5                                0                    0
xdut.xuoutp.x_u10.gvo+_int1                    -nan                 -nan
xdut.xuoutp.x_u10.gvo-_int1                    -nan                 -nan
xdut.xuoutp.x_u11.gvo+_int1                    -nan                 -nan
xdut.xuoutp.x_u11.gvo-_int1                    -nan                 -nan
xdut.xuoutp.x_u12.gvo+_int1                    -nan                 -nan
xdut.xuoutp.x_u12.gvo-_int1                    -nan                 -nan
xdut.xuoutp.x_u16.gsw+_int1                    -nan                 -nan
xdut.xuoutp.x_u18.g1_int1                      -nan                 -nan
xdut.xuoutp.x_u18.g1_int2                      -nan                 -nan
xdut.xuoutp.x_u19.g1_int1                      -nan                 -nan
xdut.xuoutp.x_u19.g1_int2                      -nan                 -nan
xdut.xuoutp.x_u22.g1_int1                      -nan                 -nan
xdut.xuoutp.x_u23.g1_int1                      -nan                 -nan
xdut.xuoutp.x_u26.g1_int1                      -nan                 -nan
xdut.xuoutp.x_u27.g1_int1                      -nan                 -nan
xdut.xuoutp.x_u30.g1_int1                      -nan                 -nan
xdut.xuoutp.x_u31.g1_int1                      -nan                 -nan
xdut.xuoutp.x_u32.g1_int1                      -nan                 -nan
xdut.xuoutp.x_u35.g1_int1                      -nan                 -nan
xdut.xuoutp.x_u36.3                               0                    0
xdut.xuoutp.x_u36.5                               0                    0
xdut.xuoutp.x_u37.3                               0                    0
xdut.xuoutp.x_u37.5                               0                    0
xdut.xuoutp.x_u4.e1_int1                  1.612e-05            1.612e-05
xdut.xuoutp.x_u6.g1_int1                       -nan                 -nan
xdut.inv                                       -nan                 -nan
xdut.outn                                      -nan                 -nan
xdut.uoutn_t0                                  -nan                 -nan
xdut.uoutn_t1                                  -nan                 -nan
xdut.uoutn_t2                                  -nan                 -nan
xdut.uoutn_t3                                  -nan                 -nan
xdut.uoutn_t4                                  -nan                 -nan
xdut.xuoutn.n24458                             -nan                 -nan
xdut.xuoutn.n24659                             -nan                 -nan
xdut.xuoutn.n37029                             -nan                 -nan
xdut.xuoutn.n37037                             -nan                 -nan
xdut.xuoutn.n39124                             -nan                 -nan
xdut.xuoutn.n39892                             -nan                 -nan
xdut.xuoutn.n2425309                           -nan                 -nan
xdut.xuoutn.n2425287                           -nan                 -nan
xdut.xuoutn.n2425325                           -nan                 -nan
xdut.xuoutn.mid                                -nan                 -nan
xdut.xuoutn.n56849                             -nan                 -nan
xdut.xuoutn.n57325                             -nan                 -nan
xdut.xuoutn.n59747                             -nan                 -nan
xdut.xuoutn.n59865                             -nan                 -nan
xdut.xuoutn.n25921                             -nan                 -nan
xdut.xuoutn.n25929                             -nan                 -nan
xdut.xuoutn.n65579                             -nan                 -nan
xdut.xuoutn.n65697                             -nan                 -nan
xdut.xuoutn.n68774                             -nan                 -nan
xdut.xuoutn.n72398                             -nan                 -nan
xdut.xuoutn.n72391                             -nan                 -nan
xdut.xuoutn.n81574                             -nan                 -nan
xdut.xuoutn.n81664                             -nan                 -nan
xdut.xuoutn.sw_ol_opax197                      -nan                 -nan
xdut.xuoutn.vclp                               -nan                 -nan
xdut.xuoutn.vimon                              -nan                 -nan
xdut.xuoutn.n27785                             -nan                 -nan
xdut.xuoutn.n27793                             -nan                 -nan
xdut.xuoutn.vout_s                             -nan                 -nan
xdut.xuoutn.n2402147                           -nan                 -nan
xdut.xuoutn.n2402155                           -nan                 -nan
xdut.xuoutn.n2419074                           -nan                 -nan
xdut.xuoutn.n2525790                           -nan                 -nan
xdut.xuoutn.n2526890                           -nan                 -nan
xdut.xuoutn.n36262                             -nan                 -nan
xdut.xuoutn.n32347                             -nan                 -nan
xdut.xuoutn.clamp                              -nan                 -nan
xdut.xuoutn.esdp                               -nan                 -nan
xdut.xuoutn.esdn                               -nan                 -nan
xdut.xuoutn.n158495                            -nan                 -nan
xdut.xuoutn.cl_clamp                           -nan                 -nan
xdut.xuoutn.n161937                            -nan                 -nan
xdut.xuoutn.claw_clamp                         -nan                 -nan
xdut.xuoutn.n45999                             -nan                 -nan
xdut.xuoutn.vcc_b                              -nan                 -nan
xdut.xuoutn.vee_b                              -nan                 -nan
xdut.xuoutn.n25415                             -nan                 -nan
xdut.xuoutn.n25397                             -nan                 -nan
xdut.xuoutn.n25248                             -nan                 -nan
xdut.xuoutn.vcc_clp                            -nan                 -nan
xdut.xuoutn.vee_clp                            -nan                 -nan
xdut.xuoutn.n1356345                           -nan                 -nan
xdut.xuoutn.n1356333                           -nan                 -nan
xdut.xuoutn.n1356409                           -nan                 -nan
xdut.xuoutn.n1356429                           -nan                 -nan
xdut.xuoutn.vsense                             -nan                 -nan
xdut.xuoutn.n28678                             -nan                 -nan
xdut.xuoutn.n28438                             -nan                 -nan
xdut.xuoutn.n24207                             -nan                 -nan
xdut.xuoutn.n31303                             -nan                 -nan
xdut.xuoutn.n31389                             -nan                 -nan
xdut.xuoutn.n31737                             -nan                 -nan
xdut.xuoutn.n32236                             -nan                 -nan
xdut.xuoutn.n32510                             -nan                 -nan
xdut.xuoutn.n46041                             -nan                 -nan
xdut.xuoutn.n55560                             -nan                 -nan
xdut.xuoutn.n57321                             -nan                 -nan
xdut.xuoutn.n59739                             -nan                 -nan
xdut.xuoutn.n59743                             -nan                 -nan
xdut.xuoutn.n59881                             -nan                 -nan
xdut.xuoutn.n59905                             -nan                 -nan
xdut.xuoutn.n65567                             -nan                 -nan
xdut.xuoutn.n65575                             -nan                 -nan
xdut.xuoutn.n65713                             -nan                 -nan
xdut.xuoutn.n65737                             -nan                 -nan
xdut.xuoutn.n72064                             -nan                 -nan
xdut.xuoutn.n72073                             -nan                 -nan
xdut.xuoutn.v11                                -nan                 -nan
xdut.xuoutn.v12                                -nan                 -nan
xdut.xuoutn.n81756                             -nan                 -nan
xdut.xuoutn.n161737                            -nan                 -nan
xdut.xuoutn.n1356115                           -nan                 -nan
xdut.xuoutn.n1356061                           -nan                 -nan
xdut.xuoutn.x_u1.7                             -nan                 -nan
xdut.xuoutn.x_u1.8                             -nan                 -nan
xdut.xuoutn.x_u1.3                             -nan                 -nan
xdut.xuoutn.x_u1.6                             -nan                 -nan
xdut.xuoutn.x_u1.4                             -nan                 -nan
xdut.xuoutn.x_u1.5                                0                    0
xdut.xuoutn.x_u10.gvo+_int1                    -nan                 -nan
xdut.xuoutn.x_u10.gvo-_int1                    -nan                 -nan
xdut.xuoutn.x_u11.gvo+_int1                    -nan                 -nan
xdut.xuoutn.x_u11.gvo-_int1                    -nan                 -nan
xdut.xuoutn.x_u12.gvo+_int1                    -nan                 -nan
xdut.xuoutn.x_u12.gvo-_int1                    -nan                 -nan
xdut.xuoutn.x_u16.gsw+_int1                    -nan                 -nan
xdut.xuoutn.x_u18.g1_int1                      -nan                 -nan
xdut.xuoutn.x_u18.g1_int2                      -nan                 -nan
xdut.xuoutn.x_u19.g1_int1                      -nan                 -nan
xdut.xuoutn.x_u19.g1_int2                      -nan                 -nan
xdut.xuoutn.x_u22.g1_int1                      -nan                 -nan
xdut.xuoutn.x_u23.g1_int1                      -nan                 -nan
xdut.xuoutn.x_u26.g1_int1                      -nan                 -nan
xdut.xuoutn.x_u27.g1_int1                      -nan                 -nan
xdut.xuoutn.x_u30.g1_int1                      -nan                 -nan
xdut.xuoutn.x_u31.g1_int1                      -nan                 -nan
xdut.xuoutn.x_u32.g1_int1                      -nan                 -nan
xdut.xuoutn.x_u35.g1_int1                      -nan                 -nan
xdut.xuoutn.x_u36.3                               0                    0
xdut.xuoutn.x_u36.5                               0                    0
xdut.xuoutn.x_u37.3                               0                    0
xdut.xuoutn.x_u37.5                               0                    0
xdut.xuoutn.x_u4.e1_int1                  1.612e-05            1.612e-05
xdut.xuoutn.x_u6.g1_int1                       -nan                 -nan
xdut.cp                                        -nan                 -nan
xdut.cn                                        -nan                 -nan
b.xdut.xuoutn.x_u6.bg1#branch                     0                    0
b.xdut.xuoutn.x_u4.be1#branch                     0                    0
b.xdut.xuoutn.x_u35.bg1#branch                    0                    0
b.xdut.xuoutn.x_u32.bg1#branch                    0                    0
b.xdut.xuoutn.x_u31.bg1#branch                    0                    0
b.xdut.xuoutn.x_u30.bg1#branch                    0                    0
b.xdut.xuoutn.x_u27.bg1#branch                    0                    0
b.xdut.xuoutn.x_u26.bg1#branch                    0                    0
b.xdut.xuoutn.x_u23.bg1#branch                    0                    0
b.xdut.xuoutn.x_u22.bg1#branch                    0                    0
b.xdut.xuoutn.x_u19.bg1#branch                    0                    0
b.xdut.xuoutn.x_u18.bg1#branch                    0                    0
b.xdut.xuoutn.x_u16.bgsw+#branch                    0                    0
b.xdut.xuoutn.x_u12.bgvo-#branch                    0                    0
b.xdut.xuoutn.x_u12.bgvo+#branch                    0                    0
b.xdut.xuoutn.x_u11.bgvo-#branch                    0                    0
b.xdut.xuoutn.x_u11.bgvo+#branch                    0                    0
b.xdut.xuoutn.x_u10.bgvo-#branch                    0                    0
b.xdut.xuoutn.x_u10.bgvo+#branch                    0                    0
b.xdut.xuoutp.x_u6.bg1#branch                     0                    0
b.xdut.xuoutp.x_u4.be1#branch                     0                    0
b.xdut.xuoutp.x_u35.bg1#branch                    0                    0
b.xdut.xuoutp.x_u32.bg1#branch                    0                    0
b.xdut.xuoutp.x_u31.bg1#branch                    0                    0
b.xdut.xuoutp.x_u30.bg1#branch                    0                    0
b.xdut.xuoutp.x_u27.bg1#branch                    0                    0
b.xdut.xuoutp.x_u26.bg1#branch                    0                    0
b.xdut.xuoutp.x_u23.bg1#branch                    0                    0
b.xdut.xuoutp.x_u22.bg1#branch                    0                    0
b.xdut.xuoutp.x_u19.bg1#branch                    0                    0
b.xdut.xuoutp.x_u18.bg1#branch                    0                    0
b.xdut.xuoutp.x_u16.bgsw+#branch                    0                    0
b.xdut.xuoutp.x_u12.bgvo-#branch                    0                    0
b.xdut.xuoutp.x_u12.bgvo+#branch                    0                    0
b.xdut.xuoutp.x_u11.bgvo-#branch                    0                    0
b.xdut.xuoutp.x_u11.bgvo+#branch                    0                    0
b.xdut.xuoutp.x_u10.bgvo-#branch                    0                    0
b.xdut.xuoutp.x_u10.bgvo+#branch                    0                    0
b.xdut.bdemod#branch                           -nan                 -nan
b.xdut.xurear.x_u6.bg1#branch                     0                    0
b.xdut.xurear.x_u4.be1#branch                     0                    0
b.xdut.xurear.x_u35.bg1#branch                    0                    0
b.xdut.xurear.x_u32.bg1#branch                    0                    0
b.xdut.xurear.x_u31.bg1#branch                    0                    0
b.xdut.xurear.x_u30.bg1#branch                    0                    0
b.xdut.xurear.x_u27.bg1#branch                    0                    0
b.xdut.xurear.x_u26.bg1#branch                    0                    0
b.xdut.xurear.x_u23.bg1#branch                    0                    0
b.xdut.xurear.x_u22.bg1#branch                    0                    0
b.xdut.xurear.x_u19.bg1#branch                    0                    0
b.xdut.xurear.x_u18.bg1#branch                    0                    0
b.xdut.xurear.x_u16.bgsw+#branch                    0                    0
b.xdut.xurear.x_u12.bgvo-#branch                    0                    0
b.xdut.xurear.x_u12.bgvo+#branch                    0                    0
b.xdut.xurear.x_u11.bgvo-#branch                    0                    0
b.xdut.xurear.x_u11.bgvo+#branch                    0                    0
b.xdut.xurear.x_u10.bgvo-#branch                    0                    0
b.xdut.xurear.x_u10.bgvo+#branch                    0                    0
b.xdut.xufront.x_u6.bg1#branch                    0                    0
b.xdut.xufront.x_u4.be1#branch                    0                    0
b.xdut.xufront.x_u35.bg1#branch                    0                    0
b.xdut.xufront.x_u32.bg1#branch                    0                    0
b.xdut.xufront.x_u31.bg1#branch                    0                    0
b.xdut.xufront.x_u30.bg1#branch                    0                    0
b.xdut.xufront.x_u27.bg1#branch                    0                    0
b.xdut.xufront.x_u26.bg1#branch                    0                    0
b.xdut.xufront.x_u23.bg1#branch                    0                    0
b.xdut.xufront.x_u22.bg1#branch                    0                    0
b.xdut.xufront.x_u19.bg1#branch                    0                    0
b.xdut.xufront.x_u18.bg1#branch                    0                    0
b.xdut.xufront.x_u16.bgsw+#branch                    0                    0
b.xdut.xufront.x_u12.bgvo-#branch                    0                    0
b.xdut.xufront.x_u12.bgvo+#branch                    0                    0
b.xdut.xufront.x_u11.bgvo-#branch                    0                    0
b.xdut.xufront.x_u11.bgvo+#branch                    0                    0
b.xdut.xufront.x_u10.bgvo-#branch                    0                    0
b.xdut.xufront.x_u10.bgvo+#branch                    0                    0
b.xdut.banti#branch                            -nan                 -nan
b.xdut.bcarrier#branch                         -nan                 -nan
b.xcap.bqr#branch                              -nan                 -nan
b.xcap.bqf#branch                              -nan                 -nan
v.xcap.vqr#branch                              -nan                 -nan
v.xcap.vqf#branch                              -nan                 -nan
h.xdut.xuoutn.x_h3.h_h3#branch                 -nan                 -nan
v.xdut.xuoutn.x_h3.vh_h3#branch                 -nan                 -nan
h.xdut.xuoutn.x_h2.h_h2#branch                 -nan                 -nan
v.xdut.xuoutn.x_h2.vh_h2#branch                 -nan                 -nan
h.xdut.xuoutn.x_h1.h_h1#branch                 -nan                 -nan
v.xdut.xuoutn.x_h1.vh_h1#branch                 -nan                 -nan
h.xdut.xuoutp.x_h3.h_h3#branch                 -nan                 -nan
v.xdut.xuoutp.x_h3.vh_h3#branch                 -nan                 -nan
h.xdut.xuoutp.x_h2.h_h2#branch                 -nan                 -nan
v.xdut.xuoutp.x_h2.vh_h2#branch                 -nan                 -nan
h.xdut.xuoutp.x_h1.h_h1#branch                 -nan                 -nan
v.xdut.xuoutp.x_h1.vh_h1#branch                 -nan                 -nan
h.xdut.xurear.x_h3.h_h3#branch                 -nan                 -nan
v.xdut.xurear.x_h3.vh_h3#branch                 -nan                 -nan
h.xdut.xurear.x_h2.h_h2#branch                 -nan                 -nan
v.xdut.xurear.x_h2.vh_h2#branch                 -nan                 -nan
h.xdut.xurear.x_h1.h_h1#branch                 -nan                 -nan
v.xdut.xurear.x_h1.vh_h1#branch                 -nan                 -nan
h.xdut.xufront.x_h3.h_h3#branch                 -nan                 -nan
v.xdut.xufront.x_h3.vh_h3#branch                 -nan                 -nan
h.xdut.xufront.x_h2.h_h2#branch                 -nan                 -nan
v.xdut.xufront.x_h2.vh_h2#branch                 -nan                 -nan
h.xdut.xufront.x_h1.h_h1#branch                 -nan                 -nan
v.xdut.xufront.x_h1.vh_h1#branch                 -nan                 -nan
e.xdut.xuoutn.x_u4.e1#branch                   -nan                 -nan
e.xdut.xuoutn.x_u37.e1#branch                     0                    0
e.xdut.xuoutn.x_u36.e1#branch                     0                    0
e.xdut.xuoutn.x_u1.e3#branch                   -nan                 -nan
e.xdut.xuoutn.x_u1.e2#branch                   -nan                 -nan
e.xdut.xuoutn.x_u1.e1#branch                   -nan                 -nan
e.xdut.xuoutn.e_e3#branch                      -nan                 -nan
e.xdut.xuoutn.e_e2#branch                      -nan                 -nan
e.xdut.xuoutn.e_e1#branch                      -nan                 -nan
e.xdut.xuoutp.x_u4.e1#branch                   -nan                 -nan
e.xdut.xuoutp.x_u37.e1#branch                     0                    0
e.xdut.xuoutp.x_u36.e1#branch                     0                    0
e.xdut.xuoutp.x_u1.e3#branch                   -nan                 -nan
e.xdut.xuoutp.x_u1.e2#branch                   -nan                 -nan
e.xdut.xuoutp.x_u1.e1#branch                   -nan                 -nan
e.xdut.xuoutp.e_e3#branch                      -nan                 -nan
e.xdut.xuoutp.e_e2#branch                      -nan                 -nan
e.xdut.xuoutp.e_e1#branch                      -nan                 -nan
e.xdut.xurear.x_u4.e1#branch                   -nan                 -nan
e.xdut.xurear.x_u37.e1#branch                     0                    0
e.xdut.xurear.x_u36.e1#branch                     0                    0
e.xdut.xurear.x_u1.e3#branch                   -nan                 -nan
e.xdut.xurear.x_u1.e2#branch                   -nan                 -nan
e.xdut.xurear.x_u1.e1#branch                   -nan                 -nan
e.xdut.xurear.e_e3#branch                      -nan                 -nan
e.xdut.xurear.e_e2#branch                      -nan                 -nan
e.xdut.xurear.e_e1#branch                      -nan                 -nan
e.xdut.xufront.x_u4.e1#branch                  -nan                 -nan
e.xdut.xufront.x_u37.e1#branch                    0                    0
e.xdut.xufront.x_u36.e1#branch                    0                    0
e.xdut.xufront.x_u1.e3#branch                  -nan                 -nan
e.xdut.xufront.x_u1.e2#branch                  -nan                 -nan
e.xdut.xufront.x_u1.e1#branch                  -nan                 -nan
e.xdut.xufront.e_e3#branch                     -nan                 -nan
e.xdut.xufront.e_e2#branch                     -nan                 -nan
e.xdut.xufront.e_e1#branch                     -nan                 -nan
v.xdut.xuoutn.v_v_orp#branch                      0                    0
v.xdut.xuoutn.v_v_orn#branch                      0                    0
v.xdut.xuoutn.v_v_iscp#branch                  -nan                 -nan
v.xdut.xuoutn.v_v_iscn#branch                  -nan                 -nan
v.xdut.xuoutn.v_v_grp#branch                   -nan                 -nan
v.xdut.xuoutn.v_v_grn#branch                   -nan                 -nan
v.xdut.xuoutn.v_vcm_min#branch                 -nan                 -nan
v.xdut.xuoutn.v_vcm_max#branch                 -nan                 -nan
v.xdut.vuoutn_4#branch                         -nan                 -nan
v.xdut.vuoutn_3#branch                         -nan                 -nan
v.xdut.vuoutn_2#branch                         -nan                 -nan
v.xdut.vuoutn_1#branch                         -nan                 -nan
v.xdut.vuoutn_0#branch                         -nan                 -nan
v.xdut.xuoutp.v_v_orp#branch                      0                    0
v.xdut.xuoutp.v_v_orn#branch                      0                    0
v.xdut.xuoutp.v_v_iscp#branch                  -nan                 -nan
v.xdut.xuoutp.v_v_iscn#branch                  -nan                 -nan
v.xdut.xuoutp.v_v_grp#branch                   -nan                 -nan
v.xdut.xuoutp.v_v_grn#branch                   -nan                 -nan
v.xdut.xuoutp.v_vcm_min#branch                 -nan                 -nan
v.xdut.xuoutp.v_vcm_max#branch                 -nan                 -nan
v.xdut.vuoutp_4#branch                         -nan                 -nan
v.xdut.vuoutp_3#branch                         -nan                 -nan
v.xdut.vuoutp_2#branch                         -nan                 -nan
v.xdut.vuoutp_1#branch                         -nan                 -nan
v.xdut.vuoutp_0#branch                         -nan                 -nan
v.xdut.xurear.v_v_orp#branch                      0                    0
v.xdut.xurear.v_v_orn#branch                      0                    0
v.xdut.xurear.v_v_iscp#branch                  -nan                 -nan
v.xdut.xurear.v_v_iscn#branch                  -nan                 -nan
v.xdut.xurear.v_v_grp#branch                   -nan                 -nan
v.xdut.xurear.v_v_grn#branch                   -nan                 -nan
v.xdut.xurear.v_vcm_min#branch                 -nan                 -nan
v.xdut.xurear.v_vcm_max#branch                 -nan                 -nan
v.xdut.vurear_4#branch                         -nan                 -nan
v.xdut.vurear_3#branch                         -nan                 -nan
v.xdut.vurear_2#branch                         -nan                 -nan
v.xdut.vurear_1#branch                         -nan                 -nan
v.xdut.vurear_0#branch                         -nan                 -nan
v.xdut.xufront.v_v_orp#branch                     0                    0
v.xdut.xufront.v_v_orn#branch                     0                    0
v.xdut.xufront.v_v_iscp#branch                 -nan                 -nan
v.xdut.xufront.v_v_iscn#branch                 -nan                 -nan
v.xdut.xufront.v_v_grp#branch                  -nan                 -nan
v.xdut.xufront.v_v_grn#branch                  -nan                 -nan
v.xdut.xufront.v_vcm_min#branch                 -nan                 -nan
v.xdut.xufront.v_vcm_max#branch                 -nan                 -nan
v.xdut.vufront_4#branch                        -nan                 -nan
v.xdut.vufront_3#branch                        -nan                 -nan
v.xdut.vufront_2#branch                        -nan                 -nan
v.xdut.vufront_1#branch                        -nan                 -nan
v.xdut.vufront_0#branch                        -nan                 -nan
v.xdut.vqreg_2#branch                          -nan                 -nan
v.xdut.vqreg_1#branch                           nan                  nan
v.xdut.vqreg_0#branch                          -nan                 -nan
v.xenv.vcm#branch                              -nan                 -nan
v.xenv.vphantom#branch                         -nan                 -nan
vpr#branch                                        0                    0
vp#branch                                         0                    0
a.xdut.xuoutn.x_u19.ag1#branch_1_0                    0                    0
a.xdut.xuoutn.x_u18.ag1#branch_1_0                    0                    0
a.xdut.xuoutp.x_u19.ag1#branch_1_0                    0                    0
a.xdut.xuoutp.x_u18.ag1#branch_1_0                    0                    0
a.xdut.xurear.x_u19.ag1#branch_1_0                    0                    0
a.xdut.xurear.x_u18.ag1#branch_1_0                    0                    0
a.xdut.xufront.x_u19.ag1#branch_1_0                    0                    0
a.xdut.xufront.x_u18.ag1#branch_1_0                    0                    0

ngspice-47 done

Note: Starting dynamic gmin stepping
Warning: Dynamic gmin stepping failed
Note: Starting true gmin stepping
Warning: True gmin stepping failed
Note: Starting source stepping
Warning: source stepping failed
Note: Transient op started
Warning: singular matrix:  check nodes xdut.xuoutp.n37037 and xdut.uoutn_t4

Warning: singular matrix:  check nodes xdut.xuoutn.n25929 and xdut.xuoutn.n27793

Warning: singular matrix:  check node xdut.xurear.n25929

Warning: singular matrix:  check node xdut.xurear.n25929

Warning: singular matrix:  check nodes xdut.xufront.n39892 and xdut.uoutn_t4

Error: Transient op failed, timestep too small


Error: The operating point could not be simulated successfully.
    Any of the following steps may fail.!

doAnalyses: OP:  Timestep too small; trouble with xdut.xqreg:main-instance q.xdut.xqreg.q1


op simulation(s) aborted
Warning from checkvalid: vector a.xdut.xufront.x_u18.ag1#branch_1_0 is not available or has zero length.
Error during 'write': no writable vector found.
