
Note: No compatibility mode selected!


Circuit: meridian research carrier_control

Doing analysis at TEMP = 25.000000 and TNOM = 27.000000

Using SPARSE 1.3 as Direct Linear Solver

Initial Transient Solution
--------------------------

Node                                   Voltage
----                                   -------
pressure                                     0
pressure_r                                   0
xenv.feed                                   48
xenv.xp                                43.8035
xenv.xn                                43.8035
p                                      43.8029
n                                      43.8029
mic_g                              0.000617127
pp                                           0
pn                                           0
cm                                           0
xcap.qf                               -2.04365
b                                      42.3862
f                                      13.1824
xcap.cqf                              -2.04365
xcap.qr                               -2.04365
rear                                   13.1824
xcap.cqr                              -2.04365
xdut.raw                               42.4452
xdut.regbase                           21.1038
xdut.qreg_t0                           42.4452
xdut.qreg_t1                           21.1038
rail                                    20.465
xdut.qreg_t2                            20.465
xdut.xqreg.11                             42.4
xdut.mid                               10.2328
xdut.pol_0                             42.4393
xdut.pol_1                             42.4334
xdut.pol_2                             42.4275
xdut.pol_3                             42.4216
xdut.pol_4                             42.4157
xdut.pol_5                             42.4098
xdut.pol_6                             42.4039
xdut.pol_7                              42.398
xdut.pol_8                             42.3921
xdut.pol                               42.3862
xdut.excite                            42.3862
xdut.anti                              42.3862
xdut.cbridgef_loss                     13.1824
xdut.cbridger_loss                     13.1824
xdut.demod                             10.2328
xdut.rearbuf                           13.1824
xdut.frontbuf                          13.1824
xdut.lp1                               10.2328
xdut.audio                             10.2328
xdut.outp                              10.2328
xdut.cp                                10.2328
xdut.outn                              10.2328
xdut.cn                                10.2328
xdut.eoutn_int1                        10.2322
b.xdut.beoutn#branch                         0
b.xdut.bdemod#branch              -1.62137e-18
b.xdut.banti#branch               -5.84076e-09
b.xdut.bcarrier#branch             6.77626e-21
b.xcap.bqr#branch                            0
b.xcap.bqf#branch                            0
v.xcap.vqr#branch                            0
v.xcap.vqf#branch                            0
e.xdut.eoutn#branch                4.33681e-19
e.xdut.eoutp#branch                          0
e.xdut.erear#branch                          0
e.xdut.efront#branch                         0
v.xdut.vqreg_2#branch              -0.00102322
v.xdut.vqreg_1#branch              2.38284e-06
v.xdut.vqreg_0#branch               0.00102083
v.xenv.vcm#branch                            0
v.xenv.vphantom#branch             -0.00123425
vpr#branch                                   0
vp#branch                                    0


No. of Data Rows : 0
ngspice-47 done

doAnalyses: TRAN:  Timestep too small; time = 0.00104234, timestep = 3.90625e-19: trouble with node "b.xcap.bqr#branch"


tran simulation(s) aborted
Warning from checkvalid: vector time is not available or has zero length.
Error during 'write': no writable vector found.
