
Note: No compatibility mode selected!


Circuit: meridian research startup

Doing analysis at TEMP = 25.000000 and TNOM = 27.000000

Using SPARSE 1.3 as Direct Linear Solver

Initial Transient Solution
--------------------------

Node                                   Voltage
----                                   -------
pressure                                     0
pressure_r                                   0
xenv.feed                                    0
xenv.xp                           -2.44461e-27
xenv.xn                           -2.44461e-27
p                                 -2.44497e-27
n                                 -2.44497e-27
mic_g                              3.59502e-31
pp                                           0
pn                                           0
cm                                           0
xcap.qf                            4.60582e-27
b                                 -3.23512e-27
f                                  6.25572e-26
xcap.cqf                           4.60582e-27
xcap.qr                            2.26657e-28
rear                               3.59499e-31
xcap.cqr                           2.26657e-28
xdut.raw                          -3.23588e-27
xdut.regbase                        1.2012e-28
xdut.qreg_t0                      -3.23588e-27
xdut.qreg_t1                        1.2012e-28
rail                              -6.48405e-27
xdut.qreg_t2                      -6.48405e-27
xdut.xqreg.11                     -3.23446e-27
xdut.mid                          -3.24185e-27
xdut.pol_0                        -3.23581e-27
xdut.pol_1                        -3.23574e-27
xdut.pol_2                        -3.23567e-27
xdut.pol_3                         -3.2356e-27
xdut.pol_4                        -3.23553e-27
xdut.pol_5                        -3.23546e-27
xdut.pol_6                         -3.2354e-27
xdut.pol_7                        -3.23533e-27
xdut.pol_8                        -3.23526e-27
xdut.pol                          -3.23519e-27
xdut.ref                          -2.70575e-27
xdut.outa                         -9.32626e-27
xdut.qinput_t0                    -9.32626e-27
xdut.qinput_t1                     6.25572e-26
xdut.e1                            9.94708e-27
xdut.qinput_t2                     9.94708e-27
xdut.xqinput.11                   -9.27769e-27
xdut.outb                         -8.22613e-27
xdut.qreference_t0                -8.22613e-27
xdut.qreference_t1                -2.70575e-27
xdut.e2                            9.99085e-27
xdut.qreference_t2                 9.99085e-27
xdut.xqreference.11               -8.23422e-27
xdut.tail                          9.49427e-27
xdut.qoutp_t0                     -6.48405e-27
xdut.qoutp_t1                     -9.32626e-27
xdut.outp                         -3.13435e-27
xdut.qoutp_t2                     -3.13435e-27
xdut.xqoutp.11                    -6.51376e-27
xdut.qoutn_t0                     -6.48405e-27
xdut.qoutn_t1                     -8.22613e-27
xdut.outn                          6.76755e-27
xdut.qoutn_t2                      6.76755e-27
xdut.xqoutn.11                    -6.50175e-27
xdut.cp                           -3.13435e-27
xdut.cn                            6.76755e-27
b.xcap.bqr#branch                            0
b.xcap.bqf#branch                            0
v.xcap.vqr#branch                            0
v.xcap.vqf#branch                            0
v.xdut.vqoutn_2#branch            -6.76719e-31
v.xdut.vqoutn_1#branch            -4.29589e-31
v.xdut.vqoutn_0#branch             1.10631e-30
v.xdut.vqoutp_2#branch             3.13471e-31
v.xdut.vqoutp_1#branch            -1.68592e-31
v.xdut.vqoutp_0#branch            -1.44879e-31
v.xdut.vqreference_2#branch       -4.96578e-31
v.xdut.vqreference_1#branch       -1.07219e-31
v.xdut.vqreference_0#branch        6.03797e-31
v.xdut.vqinput_2#branch           -4.52813e-31
v.xdut.vqinput_1#branch           -1.43767e-31
v.xdut.vqinput_0#branch             5.9658e-31
v.xdut.vqreg_2#branch             -7.17807e-31
v.xdut.vqreg_1#branch             -3.47576e-32
v.xdut.vqreg_0#branch              7.52564e-31
v.xenv.vcm#branch                            0
v.xenv.vphantom#branch            -7.19004e-31
vpr#branch                                   0
vp#branch                                    0

 Reference value :  9.80197e-01
No. of Data Rows : 5723
ASCII raw file "startup.raw"
ngspice-47 done

