
Note: No compatibility mode selected!


Circuit: meridian research carrier_control

Doing analysis at TEMP = 25.000000 and TNOM = 27.000000

Using SPARSE 1.3 as Direct Linear Solver

Initial Transient Solution
--------------------------

Node                                   Voltage
----                                   -------
pressure                                     0
pressure_r                                   0
xenv.feed                                   48
xenv.xp                                43.8035
xenv.xn                                43.8035
p                                      43.8029
n                                      43.8029
mic_g                              0.000617126
pp                                           0
pn                                           0
cm                                           0
xcap.qf                               -2.25195
b                                      42.4445
f                                       10.265
xcap.cqf                              -2.25195
xcap.qr                               -2.25195
rear                                    10.265
xcap.cqr                              -2.25195
xdut.raw                               42.4453
xdut.regbase                           21.1038
xdut.qreg_t0                           42.4453
xdut.qreg_t1                           21.1038
rail                                    20.465
xdut.qreg_t2                            20.465
xdut.xqreg.11                          42.4001
xdut.mid                               10.2328
xdut.pol_0                             42.4452
xdut.pol_1                             42.4451
xdut.pol_2                             42.4451
xdut.pol_3                              42.445
xdut.pol_4                             42.4449
xdut.pol_5                             42.4449
xdut.pol_6                             42.4448
xdut.pol_7                             42.4447
xdut.pol_8                             42.4447
xdut.pol                               42.4446
xdut.excite                            42.4446
xdut.anti                              42.4446
xdut.demod                             10.2328
xdut.rearbuf                            10.265
xdut.frontbuf                           10.265
xdut.lp1                               10.2328
xdut.audio                             10.2328
xdut.outp                              10.2328
xdut.cp                                10.2328
xdut.outn                              10.2328
xdut.cn                                10.2328
xdut.eoutn_int1                        10.2322
b.xdut.beoutn#branch                         0
b.xdut.bdemod#branch               1.03908e-18
b.xdut.banti#branch                          0
b.xdut.bcarrier#branch             1.35525e-20
b.xcap.bqr#branch                            0
b.xcap.bqf#branch                            0
v.xcap.vqr#branch                            0
v.xcap.vqf#branch                            0
e.xdut.eoutn#branch                -2.1684e-19
e.xdut.eoutp#branch                          0
e.xdut.erear#branch                          0
e.xdut.efront#branch                         0
v.xdut.vqreg_2#branch              -0.00102322
v.xdut.vqreg_1#branch              2.38284e-06
v.xdut.vqreg_0#branch               0.00102084
v.xenv.vcm#branch                            0
v.xenv.vphantom#branch             -0.00123425
vpr#branch                                   0
vp#branch                                    0

 Reference value :  2.00000e-02
 Reference value :  2.02181e-02
 Reference value :  2.03971e-02
 Reference value :  2.05952e-02
 Reference value :  2.07795e-02
 Reference value :  2.09993e-02
 Reference value :  2.11979e-02
 Reference value :  2.14071e-02
 Reference value :  2.16138e-02
 Reference value :  2.18299e-02
 Reference value :  2.20298e-02
 Reference value :  2.22013e-02
 Reference value :  2.23882e-02
 Reference value :  2.25956e-02
 Reference value :  2.27965e-02
 Reference value :  2.29953e-02
 Reference value :  2.31966e-02
 Reference value :  2.34102e-02
 Reference value :  2.36083e-02
 Reference value :  2.37942e-02
 Reference value :  2.39896e-02
 Reference value :  2.41591e-02
 Reference value :  2.43276e-02
 Reference value :  2.44920e-02
 Reference value :  2.46972e-02
 Reference value :  2.49047e-02
 Reference value :  2.51096e-02
 Reference value :  2.53139e-02
 Reference value :  2.55285e-02
 Reference value :  2.57072e-02
 Reference value :  2.59540e-02
 Reference value :  2.61592e-02
 Reference value :  2.63647e-02
 Reference value :  2.65405e-02
 Reference value :  2.67360e-02
 Reference value :  2.69256e-02
 Reference value :  2.71479e-02
 Reference value :  2.73262e-02
 Reference value :  2.75329e-02
 Reference value :  2.77166e-02
 Reference value :  2.79084e-02
 Reference value :  2.81060e-02
 Reference value :  2.83030e-02
 Reference value :  2.84985e-02
 Reference value :  2.86996e-02
 Reference value :  2.88685e-02
 Reference value :  2.90535e-02
 Reference value :  2.92471e-02
 Reference value :  2.94430e-02
 Reference value :  2.96101e-02
 Reference value :  2.97845e-02
 Reference value :  2.99884e-02
No. of Data Rows : 143563
ASCII raw file "carrier.raw"
ngspice-47 done

